INFO - 2024-02-28 00:12:37 --> Session: Class initialized using 'CodeIgniter\Session\Handlers\FileHandler' driver.
ERROR - 2024-02-28 02:02:55 --> ErrorException: pg_query(): Query failed: ERROR:  update or delete on table &quot;gud_stok_opname&quot; violates foreign key constraint &quot;gud_stok_opnamedet_no_so_fkey&quot; on table &quot;gud_stok_opnamedet&quot;
DETAIL:  Key (no_so)=(3) is still referenced from table &quot;gud_stok_opnamedet&quot;. in C:\xampp\htdocs\clone\DartoMakanYuyu\cross_ci3\system\Database\Postgre\Connection.php:147
Stack trace:
#0 [internal function]: CodeIgniter\Debug\Exceptions->errorHandler(2, 'pg_query(): Que...', 'C:\\xampp\\htdocs...', 147)
#1 C:\xampp\htdocs\clone\DartoMakanYuyu\cross_ci3\system\Database\Postgre\Connection.php(147): pg_query(Resource id #137, 'DELETE FROM gud...')
#2 C:\xampp\htdocs\clone\DartoMakanYuyu\cross_ci3\system\Database\BaseConnection.php(691): CodeIgniter\Database\Postgre\Connection->execute('DELETE FROM gud...')
#3 C:\xampp\htdocs\clone\DartoMakanYuyu\cross_ci3\system\Database\BaseConnection.php(605): CodeIgniter\Database\BaseConnection->simpleQuery('DELETE FROM gud...')
#4 C:\xampp\htdocs\clone\DartoMakanYuyu\cross_ci3\app\Controllers\Gudang.php(1633): CodeIgniter\Database\BaseConnection->query('DELETE FROM gud...')
#5 C:\xampp\htdocs\clone\DartoMakanYuyu\cross_ci3\system\CodeIgniter.php(934): App\Controllers\Gudang->LogHapusStokOpname()
#6 C:\xampp\htdocs\clone\DartoMakanYuyu\cross_ci3\system\CodeIgniter.php(499): CodeIgniter\CodeIgniter->runController(Object(App\Controllers\Gudang))
#7 C:\xampp\htdocs\clone\DartoMakanYuyu\cross_ci3\system\CodeIgniter.php(368): CodeIgniter\CodeIgniter->handleRequest(NULL, Object(Config\Cache), false)
#8 C:\xampp\htdocs\clone\DartoMakanYuyu\cross_ci3\index.php(67): CodeIgniter\CodeIgniter->run()
#9 {main}
ERROR - 2024-02-28 02:02:55 --> ErrorException: pg_query(): Query failed: ERROR:  current transaction is aborted, commands ignored until end of transaction block in C:\xampp\htdocs\clone\DartoMakanYuyu\cross_ci3\system\Database\Postgre\Connection.php:147
Stack trace:
#0 [internal function]: CodeIgniter\Debug\Exceptions->errorHandler(2, 'pg_query(): Que...', 'C:\\xampp\\htdocs...', 147)
#1 C:\xampp\htdocs\clone\DartoMakanYuyu\cross_ci3\system\Database\Postgre\Connection.php(147): pg_query(Resource id #137, 'INSERT INTO log...')
#2 C:\xampp\htdocs\clone\DartoMakanYuyu\cross_ci3\system\Database\BaseConnection.php(691): CodeIgniter\Database\Postgre\Connection->execute('INSERT INTO log...')
#3 C:\xampp\htdocs\clone\DartoMakanYuyu\cross_ci3\system\Database\BaseConnection.php(605): CodeIgniter\Database\BaseConnection->simpleQuery('INSERT INTO log...')
#4 C:\xampp\htdocs\clone\DartoMakanYuyu\cross_ci3\app\Controllers\Gudang.php(1636): CodeIgniter\Database\BaseConnection->query('INSERT INTO log...')
#5 C:\xampp\htdocs\clone\DartoMakanYuyu\cross_ci3\system\CodeIgniter.php(934): App\Controllers\Gudang->LogHapusStokOpname()
#6 C:\xampp\htdocs\clone\DartoMakanYuyu\cross_ci3\system\CodeIgniter.php(499): CodeIgniter\CodeIgniter->runController(Object(App\Controllers\Gudang))
#7 C:\xampp\htdocs\clone\DartoMakanYuyu\cross_ci3\system\CodeIgniter.php(368): CodeIgniter\CodeIgniter->handleRequest(NULL, Object(Config\Cache), false)
#8 C:\xampp\htdocs\clone\DartoMakanYuyu\cross_ci3\index.php(67): CodeIgniter\CodeIgniter->run()
#9 {main}
ERROR - 2024-02-28 02:04:45 --> ErrorException: pg_query(): Query failed: ERROR:  update or delete on table &quot;gud_stok_opname&quot; violates foreign key constraint &quot;gud_stok_opnamedet_no_so_fkey&quot; on table &quot;gud_stok_opnamedet&quot;
DETAIL:  Key (no_so)=(3) is still referenced from table &quot;gud_stok_opnamedet&quot;. in C:\xampp\htdocs\clone\DartoMakanYuyu\cross_ci3\system\Database\Postgre\Connection.php:147
Stack trace:
#0 [internal function]: CodeIgniter\Debug\Exceptions->errorHandler(2, 'pg_query(): Que...', 'C:\\xampp\\htdocs...', 147)
#1 C:\xampp\htdocs\clone\DartoMakanYuyu\cross_ci3\system\Database\Postgre\Connection.php(147): pg_query(Resource id #137, 'DELETE FROM gud...')
#2 C:\xampp\htdocs\clone\DartoMakanYuyu\cross_ci3\system\Database\BaseConnection.php(691): CodeIgniter\Database\Postgre\Connection->execute('DELETE FROM gud...')
#3 C:\xampp\htdocs\clone\DartoMakanYuyu\cross_ci3\system\Database\BaseConnection.php(605): CodeIgniter\Database\BaseConnection->simpleQuery('DELETE FROM gud...')
#4 C:\xampp\htdocs\clone\DartoMakanYuyu\cross_ci3\app\Controllers\Gudang.php(1633): CodeIgniter\Database\BaseConnection->query('DELETE FROM gud...')
#5 C:\xampp\htdocs\clone\DartoMakanYuyu\cross_ci3\system\CodeIgniter.php(934): App\Controllers\Gudang->LogHapusStokOpname()
#6 C:\xampp\htdocs\clone\DartoMakanYuyu\cross_ci3\system\CodeIgniter.php(499): CodeIgniter\CodeIgniter->runController(Object(App\Controllers\Gudang))
#7 C:\xampp\htdocs\clone\DartoMakanYuyu\cross_ci3\system\CodeIgniter.php(368): CodeIgniter\CodeIgniter->handleRequest(NULL, Object(Config\Cache), false)
#8 C:\xampp\htdocs\clone\DartoMakanYuyu\cross_ci3\index.php(67): CodeIgniter\CodeIgniter->run()
#9 {main}
INFO - 2024-02-28 02:15:30 --> Session: Class initialized using 'CodeIgniter\Session\Handlers\FileHandler' driver.
INFO - 2024-02-28 02:19:19 --> Session: Class initialized using 'CodeIgniter\Session\Handlers\FileHandler' driver.
ERROR - 2024-02-28 02:20:15 --> ErrorException: pg_query(): Query failed: ERROR:  column reference &quot;id_unit&quot; is ambiguous
LINE 6: ... tgl_so BETWEEN '2024-02-01' AND '2024-02-28' AND id_unit = ...
                                                             ^ in C:\xampp\htdocs\clone\DartoMakanYuyu\cross_ci3\system\Database\Postgre\Connection.php:147
Stack trace:
#0 [internal function]: CodeIgniter\Debug\Exceptions->errorHandler(2, 'pg_query(): Que...', 'C:\\xampp\\htdocs...', 147)
#1 C:\xampp\htdocs\clone\DartoMakanYuyu\cross_ci3\system\Database\Postgre\Connection.php(147): pg_query(Resource id #137, '  SELECT no_so,...')
#2 C:\xampp\htdocs\clone\DartoMakanYuyu\cross_ci3\system\Database\BaseConnection.php(691): CodeIgniter\Database\Postgre\Connection->execute('  SELECT no_so,...')
#3 C:\xampp\htdocs\clone\DartoMakanYuyu\cross_ci3\system\Database\BaseConnection.php(605): CodeIgniter\Database\BaseConnection->simpleQuery('  SELECT no_so,...')
#4 C:\xampp\htdocs\clone\DartoMakanYuyu\cross_ci3\app\Controllers\Gudang.php(1566): CodeIgniter\Database\BaseConnection->query('  SELECT no_so,...')
#5 C:\xampp\htdocs\clone\DartoMakanYuyu\cross_ci3\system\CodeIgniter.php(934): App\Controllers\Gudang->gud_stok_opname_showdata()
#6 C:\xampp\htdocs\clone\DartoMakanYuyu\cross_ci3\system\CodeIgniter.php(499): CodeIgniter\CodeIgniter->runController(Object(App\Controllers\Gudang))
#7 C:\xampp\htdocs\clone\DartoMakanYuyu\cross_ci3\system\CodeIgniter.php(368): CodeIgniter\CodeIgniter->handleRequest(NULL, Object(Config\Cache), false)
#8 C:\xampp\htdocs\clone\DartoMakanYuyu\cross_ci3\index.php(67): CodeIgniter\CodeIgniter->run()
#9 {main}
CRITICAL - 2024-02-28 02:20:15 --> Call to a member function getResult() on bool
in APPPATH\Controllers\Gudang.php on line 1569.
 1 SYSTEMPATH\CodeIgniter.php(934): App\Controllers\Gudang->gud_stok_opname_showdata()
 2 SYSTEMPATH\CodeIgniter.php(499): CodeIgniter\CodeIgniter->runController(Object(App\Controllers\Gudang))
 3 SYSTEMPATH\CodeIgniter.php(368): CodeIgniter\CodeIgniter->handleRequest(null, Object(Config\Cache), false)
 4 FCPATH\index.php(67): CodeIgniter\CodeIgniter->run()
CRITICAL - 2024-02-28 02:20:15 --> Uncaught CodeIgniter\Format\Exceptions\FormatException: Failed to parse JSON string. Error: Type is not supported in C:\xampp\htdocs\clone\DartoMakanYuyu\cross_ci3\system\Format\JSONFormatter.php:41
Stack trace:
#0 C:\xampp\htdocs\clone\DartoMakanYuyu\cross_ci3\system\Format\JSONFormatter.php(41): CodeIgniter\Format\Exceptions\FormatException::forInvalidJSON('Type is not sup...')
#1 C:\xampp\htdocs\clone\DartoMakanYuyu\cross_ci3\system\API\ResponseTrait.php(346): CodeIgniter\Format\JSONFormatter->format(Array)
#2 C:\xampp\htdocs\clone\DartoMakanYuyu\cross_ci3\system\API\ResponseTrait.php(99): CodeIgniter\Debug\Exceptions->format(Array)
#3 C:\xampp\htdocs\clone\DartoMakanYuyu\cross_ci3\system\Debug\Exceptions.php(145): CodeIgniter\Debug\Exceptions->respond(Array, 500)
#4 [internal function]: CodeIgniter\Debug\Exceptions->exceptionHandler(Object(Error))
#5 {main}
  thrown
【Previous Exception】
Error
Call to a member function getResult() on bool
#0 C:\xampp\htdocs\clone\DartoMakanYuyu\cross_ci3\system\CodeIgniter.php(934): App\Controllers\Gudang->gud_stok_opname_showdata()
#1 C:\xampp\htdocs\clone\DartoMakanYuyu\cross_ci3\system\CodeIgniter.php(499): CodeIgniter\CodeIgniter->runController(Object(App\Controllers\Gudang))
#2 C:\xampp\htdocs\clone\DartoMakanYuyu\cross_ci3\system\CodeIgniter.php(368): CodeIgniter\CodeIgniter->handleRequest(NULL, Object(Config\Cache), false)
#3 C:\xampp\htdocs\clone\DartoMakanYuyu\cross_ci3\index.php(67): CodeIgniter\CodeIgniter->run()
#4 {main}
in SYSTEMPATH\Format\JSONFormatter.php on line 41.
 1 [internal function]: CodeIgniter\Debug\Exceptions->shutdownHandler()
ERROR - 2024-02-28 02:20:18 --> ErrorException: pg_query(): Query failed: ERROR:  column reference &quot;id_unit&quot; is ambiguous
LINE 6: ... tgl_so BETWEEN '2024-02-01' AND '2024-02-28' AND id_unit = ...
                                                             ^ in C:\xampp\htdocs\clone\DartoMakanYuyu\cross_ci3\system\Database\Postgre\Connection.php:147
Stack trace:
#0 [internal function]: CodeIgniter\Debug\Exceptions->errorHandler(2, 'pg_query(): Que...', 'C:\\xampp\\htdocs...', 147)
#1 C:\xampp\htdocs\clone\DartoMakanYuyu\cross_ci3\system\Database\Postgre\Connection.php(147): pg_query(Resource id #137, '  SELECT no_so,...')
#2 C:\xampp\htdocs\clone\DartoMakanYuyu\cross_ci3\system\Database\BaseConnection.php(691): CodeIgniter\Database\Postgre\Connection->execute('  SELECT no_so,...')
#3 C:\xampp\htdocs\clone\DartoMakanYuyu\cross_ci3\system\Database\BaseConnection.php(605): CodeIgniter\Database\BaseConnection->simpleQuery('  SELECT no_so,...')
#4 C:\xampp\htdocs\clone\DartoMakanYuyu\cross_ci3\app\Controllers\Gudang.php(1566): CodeIgniter\Database\BaseConnection->query('  SELECT no_so,...')
#5 C:\xampp\htdocs\clone\DartoMakanYuyu\cross_ci3\system\CodeIgniter.php(934): App\Controllers\Gudang->gud_stok_opname_showdata()
#6 C:\xampp\htdocs\clone\DartoMakanYuyu\cross_ci3\system\CodeIgniter.php(499): CodeIgniter\CodeIgniter->runController(Object(App\Controllers\Gudang))
#7 C:\xampp\htdocs\clone\DartoMakanYuyu\cross_ci3\system\CodeIgniter.php(368): CodeIgniter\CodeIgniter->handleRequest(NULL, Object(Config\Cache), false)
#8 C:\xampp\htdocs\clone\DartoMakanYuyu\cross_ci3\index.php(67): CodeIgniter\CodeIgniter->run()
#9 {main}
CRITICAL - 2024-02-28 02:20:18 --> Call to a member function getResult() on bool
in APPPATH\Controllers\Gudang.php on line 1569.
 1 SYSTEMPATH\CodeIgniter.php(934): App\Controllers\Gudang->gud_stok_opname_showdata()
 2 SYSTEMPATH\CodeIgniter.php(499): CodeIgniter\CodeIgniter->runController(Object(App\Controllers\Gudang))
 3 SYSTEMPATH\CodeIgniter.php(368): CodeIgniter\CodeIgniter->handleRequest(null, Object(Config\Cache), false)
 4 FCPATH\index.php(67): CodeIgniter\CodeIgniter->run()
CRITICAL - 2024-02-28 02:20:18 --> Uncaught CodeIgniter\Format\Exceptions\FormatException: Failed to parse JSON string. Error: Type is not supported in C:\xampp\htdocs\clone\DartoMakanYuyu\cross_ci3\system\Format\JSONFormatter.php:41
Stack trace:
#0 C:\xampp\htdocs\clone\DartoMakanYuyu\cross_ci3\system\Format\JSONFormatter.php(41): CodeIgniter\Format\Exceptions\FormatException::forInvalidJSON('Type is not sup...')
#1 C:\xampp\htdocs\clone\DartoMakanYuyu\cross_ci3\system\API\ResponseTrait.php(346): CodeIgniter\Format\JSONFormatter->format(Array)
#2 C:\xampp\htdocs\clone\DartoMakanYuyu\cross_ci3\system\API\ResponseTrait.php(99): CodeIgniter\Debug\Exceptions->format(Array)
#3 C:\xampp\htdocs\clone\DartoMakanYuyu\cross_ci3\system\Debug\Exceptions.php(145): CodeIgniter\Debug\Exceptions->respond(Array, 500)
#4 [internal function]: CodeIgniter\Debug\Exceptions->exceptionHandler(Object(Error))
#5 {main}
  thrown
【Previous Exception】
Error
Call to a member function getResult() on bool
#0 C:\xampp\htdocs\clone\DartoMakanYuyu\cross_ci3\system\CodeIgniter.php(934): App\Controllers\Gudang->gud_stok_opname_showdata()
#1 C:\xampp\htdocs\clone\DartoMakanYuyu\cross_ci3\system\CodeIgniter.php(499): CodeIgniter\CodeIgniter->runController(Object(App\Controllers\Gudang))
#2 C:\xampp\htdocs\clone\DartoMakanYuyu\cross_ci3\system\CodeIgniter.php(368): CodeIgniter\CodeIgniter->handleRequest(NULL, Object(Config\Cache), false)
#3 C:\xampp\htdocs\clone\DartoMakanYuyu\cross_ci3\index.php(67): CodeIgniter\CodeIgniter->run()
#4 {main}
in SYSTEMPATH\Format\JSONFormatter.php on line 41.
 1 [internal function]: CodeIgniter\Debug\Exceptions->shutdownHandler()
ERROR - 2024-02-28 02:20:37 --> ErrorException: pg_query(): Query failed: ERROR:  column reference &quot;id_unit&quot; is ambiguous
LINE 6: ... tgl_so BETWEEN '2024-02-01' AND '2024-02-28' AND id_unit = ...
                                                             ^ in C:\xampp\htdocs\clone\DartoMakanYuyu\cross_ci3\system\Database\Postgre\Connection.php:147
Stack trace:
#0 [internal function]: CodeIgniter\Debug\Exceptions->errorHandler(2, 'pg_query(): Que...', 'C:\\xampp\\htdocs...', 147)
#1 C:\xampp\htdocs\clone\DartoMakanYuyu\cross_ci3\system\Database\Postgre\Connection.php(147): pg_query(Resource id #137, '  SELECT no_so,...')
#2 C:\xampp\htdocs\clone\DartoMakanYuyu\cross_ci3\system\Database\BaseConnection.php(691): CodeIgniter\Database\Postgre\Connection->execute('  SELECT no_so,...')
#3 C:\xampp\htdocs\clone\DartoMakanYuyu\cross_ci3\system\Database\BaseConnection.php(605): CodeIgniter\Database\BaseConnection->simpleQuery('  SELECT no_so,...')
#4 C:\xampp\htdocs\clone\DartoMakanYuyu\cross_ci3\app\Controllers\Gudang.php(1566): CodeIgniter\Database\BaseConnection->query('  SELECT no_so,...')
#5 C:\xampp\htdocs\clone\DartoMakanYuyu\cross_ci3\system\CodeIgniter.php(934): App\Controllers\Gudang->gud_stok_opname_showdata()
#6 C:\xampp\htdocs\clone\DartoMakanYuyu\cross_ci3\system\CodeIgniter.php(499): CodeIgniter\CodeIgniter->runController(Object(App\Controllers\Gudang))
#7 C:\xampp\htdocs\clone\DartoMakanYuyu\cross_ci3\system\CodeIgniter.php(368): CodeIgniter\CodeIgniter->handleRequest(NULL, Object(Config\Cache), false)
#8 C:\xampp\htdocs\clone\DartoMakanYuyu\cross_ci3\index.php(67): CodeIgniter\CodeIgniter->run()
#9 {main}
CRITICAL - 2024-02-28 02:20:37 --> Call to a member function getResult() on bool
in APPPATH\Controllers\Gudang.php on line 1569.
 1 SYSTEMPATH\CodeIgniter.php(934): App\Controllers\Gudang->gud_stok_opname_showdata()
 2 SYSTEMPATH\CodeIgniter.php(499): CodeIgniter\CodeIgniter->runController(Object(App\Controllers\Gudang))
 3 SYSTEMPATH\CodeIgniter.php(368): CodeIgniter\CodeIgniter->handleRequest(null, Object(Config\Cache), false)
 4 FCPATH\index.php(67): CodeIgniter\CodeIgniter->run()
CRITICAL - 2024-02-28 02:20:37 --> Uncaught CodeIgniter\Format\Exceptions\FormatException: Failed to parse JSON string. Error: Type is not supported in C:\xampp\htdocs\clone\DartoMakanYuyu\cross_ci3\system\Format\JSONFormatter.php:41
Stack trace:
#0 C:\xampp\htdocs\clone\DartoMakanYuyu\cross_ci3\system\Format\JSONFormatter.php(41): CodeIgniter\Format\Exceptions\FormatException::forInvalidJSON('Type is not sup...')
#1 C:\xampp\htdocs\clone\DartoMakanYuyu\cross_ci3\system\API\ResponseTrait.php(346): CodeIgniter\Format\JSONFormatter->format(Array)
#2 C:\xampp\htdocs\clone\DartoMakanYuyu\cross_ci3\system\API\ResponseTrait.php(99): CodeIgniter\Debug\Exceptions->format(Array)
#3 C:\xampp\htdocs\clone\DartoMakanYuyu\cross_ci3\system\Debug\Exceptions.php(145): CodeIgniter\Debug\Exceptions->respond(Array, 500)
#4 [internal function]: CodeIgniter\Debug\Exceptions->exceptionHandler(Object(Error))
#5 {main}
  thrown
【Previous Exception】
Error
Call to a member function getResult() on bool
#0 C:\xampp\htdocs\clone\DartoMakanYuyu\cross_ci3\system\CodeIgniter.php(934): App\Controllers\Gudang->gud_stok_opname_showdata()
#1 C:\xampp\htdocs\clone\DartoMakanYuyu\cross_ci3\system\CodeIgniter.php(499): CodeIgniter\CodeIgniter->runController(Object(App\Controllers\Gudang))
#2 C:\xampp\htdocs\clone\DartoMakanYuyu\cross_ci3\system\CodeIgniter.php(368): CodeIgniter\CodeIgniter->handleRequest(NULL, Object(Config\Cache), false)
#3 C:\xampp\htdocs\clone\DartoMakanYuyu\cross_ci3\index.php(67): CodeIgniter\CodeIgniter->run()
#4 {main}
in SYSTEMPATH\Format\JSONFormatter.php on line 41.
 1 [internal function]: CodeIgniter\Debug\Exceptions->shutdownHandler()
ERROR - 2024-02-28 02:26:23 --> Error connecting to the database: ErrorException: pg_connect(): Unable to connect to PostgreSQL server: could not connect to server: Connection timed out (0x0000274C/10060)
	Is the server running on host &quot;103.184.180.97&quot; and accepting
	TCP/IP connections on port 5432? in C:\xampp\htdocs\clone\DartoMakanYuyu\cross_ci3\system\Database\Postgre\Connection.php:75
Stack trace:
#0 [internal function]: CodeIgniter\Debug\Exceptions->errorHandler(2, 'pg_connect(): U...', 'C:\\xampp\\htdocs...', 75)
#1 C:\xampp\htdocs\clone\DartoMakanYuyu\cross_ci3\system\Database\Postgre\Connection.php(75): pg_connect('host=103.184.18...')
#2 C:\xampp\htdocs\clone\DartoMakanYuyu\cross_ci3\system\Database\BaseConnection.php(391): CodeIgniter\Database\Postgre\Connection->connect(false)
#3 C:\xampp\htdocs\clone\DartoMakanYuyu\cross_ci3\system\Database\BaseConnection.php(573): CodeIgniter\Database\BaseConnection->initialize()
#4 C:\xampp\htdocs\clone\DartoMakanYuyu\cross_ci3\app\Controllers\Setup.php(1144): CodeIgniter\Database\BaseConnection->query(' SELECT kd_vend...')
#5 C:\xampp\htdocs\clone\DartoMakanYuyu\cross_ci3\system\CodeIgniter.php(934): App\Controllers\Setup->vendor()
#6 C:\xampp\htdocs\clone\DartoMakanYuyu\cross_ci3\system\CodeIgniter.php(499): CodeIgniter\CodeIgniter->runController(Object(App\Controllers\Setup))
#7 C:\xampp\htdocs\clone\DartoMakanYuyu\cross_ci3\system\CodeIgniter.php(368): CodeIgniter\CodeIgniter->handleRequest(NULL, Object(Config\Cache), false)
#8 C:\xampp\htdocs\clone\DartoMakanYuyu\cross_ci3\index.php(67): CodeIgniter\CodeIgniter->run()
#9 {main}
ERROR - 2024-02-28 02:26:23 --> Error connecting to the database: ErrorException: pg_connect(): Unable to connect to PostgreSQL server: could not connect to server: Connection timed out (0x0000274C/10060)
	Is the server running on host &quot;103.184.180.97&quot; and accepting
	TCP/IP connections on port 5432? in C:\xampp\htdocs\clone\DartoMakanYuyu\cross_ci3\system\Database\Postgre\Connection.php:75
Stack trace:
#0 [internal function]: CodeIgniter\Debug\Exceptions->errorHandler(2, 'pg_connect(): U...', 'C:\\xampp\\htdocs...', 75)
#1 C:\xampp\htdocs\clone\DartoMakanYuyu\cross_ci3\system\Database\Postgre\Connection.php(75): pg_connect('host=103.184.18...')
#2 C:\xampp\htdocs\clone\DartoMakanYuyu\cross_ci3\system\Database\BaseConnection.php(391): CodeIgniter\Database\Postgre\Connection->connect(false)
#3 C:\xampp\htdocs\clone\DartoMakanYuyu\cross_ci3\system\Database\BaseConnection.php(573): CodeIgniter\Database\BaseConnection->initialize()
#4 C:\xampp\htdocs\clone\DartoMakanYuyu\cross_ci3\app\Controllers\Gudang.php(1511): CodeIgniter\Database\BaseConnection->query('SELECT * FROM g...')
#5 C:\xampp\htdocs\clone\DartoMakanYuyu\cross_ci3\system\CodeIgniter.php(934): App\Controllers\Gudang->cekAccJurnal()
#6 C:\xampp\htdocs\clone\DartoMakanYuyu\cross_ci3\system\CodeIgniter.php(499): CodeIgniter\CodeIgniter->runController(Object(App\Controllers\Gudang))
#7 C:\xampp\htdocs\clone\DartoMakanYuyu\cross_ci3\system\CodeIgniter.php(368): CodeIgniter\CodeIgniter->handleRequest(NULL, Object(Config\Cache), false)
#8 C:\xampp\htdocs\clone\DartoMakanYuyu\cross_ci3\index.php(67): CodeIgniter\CodeIgniter->run()
#9 {main}
ERROR - 2024-02-28 02:26:23 --> Error connecting to the database: ErrorException: pg_connect(): Unable to connect to PostgreSQL server: could not connect to server: Connection timed out (0x0000274C/10060)
	Is the server running on host &quot;103.184.180.97&quot; and accepting
	TCP/IP connections on port 5432? in C:\xampp\htdocs\clone\DartoMakanYuyu\cross_ci3\system\Database\Postgre\Connection.php:75
Stack trace:
#0 [internal function]: CodeIgniter\Debug\Exceptions->errorHandler(2, 'pg_connect(): U...', 'C:\\xampp\\htdocs...', 75)
#1 C:\xampp\htdocs\clone\DartoMakanYuyu\cross_ci3\system\Database\Postgre\Connection.php(75): pg_connect('host=103.184.18...')
#2 C:\xampp\htdocs\clone\DartoMakanYuyu\cross_ci3\system\Database\BaseConnection.php(391): CodeIgniter\Database\Postgre\Connection->connect(false)
#3 C:\xampp\htdocs\clone\DartoMakanYuyu\cross_ci3\system\Database\BaseConnection.php(573): CodeIgniter\Database\BaseConnection->initialize()
#4 C:\xampp\htdocs\clone\DartoMakanYuyu\cross_ci3\app\Controllers\Gudang.php(455): CodeIgniter\Database\BaseConnection->query('SELECT * FROM u...')
#5 C:\xampp\htdocs\clone\DartoMakanYuyu\cross_ci3\app\Controllers\Gudang.php(110): App\Controllers\Gudang->cekIdFarUser('1')
#6 C:\xampp\htdocs\clone\DartoMakanYuyu\cross_ci3\system\CodeIgniter.php(934): App\Controllers\Gudang->gud_barangIn_showdata()
#7 C:\xampp\htdocs\clone\DartoMakanYuyu\cross_ci3\system\CodeIgniter.php(499): CodeIgniter\CodeIgniter->runController(Object(App\Controllers\Gudang))
#8 C:\xampp\htdocs\clone\DartoMakanYuyu\cross_ci3\system\CodeIgniter.php(368): CodeIgniter\CodeIgniter->handleRequest(NULL, Object(Config\Cache), false)
#9 C:\xampp\htdocs\clone\DartoMakanYuyu\cross_ci3\index.php(67): CodeIgniter\CodeIgniter->run()
#10 {main}
CRITICAL - 2024-02-28 02:26:23 --> Unable to connect to the database.
Main connection [Postgre]: pg_connect(): Unable to connect to PostgreSQL server: could not connect to server: Connection timed out (0x0000274C/10060)
	Is the server running on host &quot;103.184.180.97&quot; and accepting
	TCP/IP connections on port 5432?
in SYSTEMPATH\Database\BaseConnection.php on line 427.
 1 SYSTEMPATH\Database\BaseConnection.php(573): CodeIgniter\Database\BaseConnection->initialize()
 2 APPPATH\Controllers\Gudang.php(1511): CodeIgniter\Database\BaseConnection->query('SELECT * FROM gud_obat_in_acc WHERE id_user = \'1\' ')
 3 SYSTEMPATH\CodeIgniter.php(934): App\Controllers\Gudang->cekAccJurnal()
 4 SYSTEMPATH\CodeIgniter.php(499): CodeIgniter\CodeIgniter->runController(Object(App\Controllers\Gudang))
 5 SYSTEMPATH\CodeIgniter.php(368): CodeIgniter\CodeIgniter->handleRequest(null, Object(Config\Cache), false)
 6 FCPATH\index.php(67): CodeIgniter\CodeIgniter->run()
CRITICAL - 2024-02-28 02:26:23 --> Unable to connect to the database.
Main connection [Postgre]: pg_connect(): Unable to connect to PostgreSQL server: could not connect to server: Connection timed out (0x0000274C/10060)
	Is the server running on host &quot;103.184.180.97&quot; and accepting
	TCP/IP connections on port 5432?
in SYSTEMPATH\Database\BaseConnection.php on line 427.
 1 SYSTEMPATH\Database\BaseConnection.php(573): CodeIgniter\Database\BaseConnection->initialize()
 2 APPPATH\Controllers\Setup.php(1144): CodeIgniter\Database\BaseConnection->query(' SELECT kd_vendor, UPPER(nama) AS nama FROM far_vendor ORDER BY nama ASC')
 3 SYSTEMPATH\CodeIgniter.php(934): App\Controllers\Setup->vendor()
 4 SYSTEMPATH\CodeIgniter.php(499): CodeIgniter\CodeIgniter->runController(Object(App\Controllers\Setup))
 5 SYSTEMPATH\CodeIgniter.php(368): CodeIgniter\CodeIgniter->handleRequest(null, Object(Config\Cache), false)
 6 FCPATH\index.php(67): CodeIgniter\CodeIgniter->run()
CRITICAL - 2024-02-28 02:26:23 --> Unable to connect to the database.
Main connection [Postgre]: pg_connect(): Unable to connect to PostgreSQL server: could not connect to server: Connection timed out (0x0000274C/10060)
	Is the server running on host &quot;103.184.180.97&quot; and accepting
	TCP/IP connections on port 5432?
in SYSTEMPATH\Database\BaseConnection.php on line 427.
 1 SYSTEMPATH\Database\BaseConnection.php(573): CodeIgniter\Database\BaseConnection->initialize()
 2 APPPATH\Controllers\Gudang.php(455): CodeIgniter\Database\BaseConnection->query('SELECT * FROM users WHERE id_user = \'1\'')
 3 APPPATH\Controllers\Gudang.php(110): App\Controllers\Gudang->cekIdFarUser('1')
 4 SYSTEMPATH\CodeIgniter.php(934): App\Controllers\Gudang->gud_barangIn_showdata()
 5 SYSTEMPATH\CodeIgniter.php(499): CodeIgniter\CodeIgniter->runController(Object(App\Controllers\Gudang))
 6 SYSTEMPATH\CodeIgniter.php(368): CodeIgniter\CodeIgniter->handleRequest(null, Object(Config\Cache), false)
 7 FCPATH\index.php(67): CodeIgniter\CodeIgniter->run()
ERROR - 2024-02-28 02:26:40 --> Error connecting to the database: ErrorException: pg_connect(): Unable to connect to PostgreSQL server: could not connect to server: Connection timed out (0x0000274C/10060)
	Is the server running on host &quot;103.184.180.97&quot; and accepting
	TCP/IP connections on port 5432? in C:\xampp\htdocs\clone\DartoMakanYuyu\cross_ci3\system\Database\Postgre\Connection.php:75
Stack trace:
#0 [internal function]: CodeIgniter\Debug\Exceptions->errorHandler(2, 'pg_connect(): U...', 'C:\\xampp\\htdocs...', 75)
#1 C:\xampp\htdocs\clone\DartoMakanYuyu\cross_ci3\system\Database\Postgre\Connection.php(75): pg_connect('host=103.184.18...')
#2 C:\xampp\htdocs\clone\DartoMakanYuyu\cross_ci3\system\Database\BaseConnection.php(391): CodeIgniter\Database\Postgre\Connection->connect(false)
#3 C:\xampp\htdocs\clone\DartoMakanYuyu\cross_ci3\system\Database\BaseConnection.php(573): CodeIgniter\Database\BaseConnection->initialize()
#4 C:\xampp\htdocs\clone\DartoMakanYuyu\cross_ci3\app\Controllers\Laporan.php(1865): CodeIgniter\Database\BaseConnection->query('select lap from...')
#5 C:\xampp\htdocs\clone\DartoMakanYuyu\cross_ci3\system\CodeIgniter.php(934): App\Controllers\Laporan->ceklaporan()
#6 C:\xampp\htdocs\clone\DartoMakanYuyu\cross_ci3\system\CodeIgniter.php(499): CodeIgniter\CodeIgniter->runController(Object(App\Controllers\Laporan))
#7 C:\xampp\htdocs\clone\DartoMakanYuyu\cross_ci3\system\CodeIgniter.php(368): CodeIgniter\CodeIgniter->handleRequest(NULL, Object(Config\Cache), false)
#8 C:\xampp\htdocs\clone\DartoMakanYuyu\cross_ci3\index.php(67): CodeIgniter\CodeIgniter->run()
#9 {main}
CRITICAL - 2024-02-28 02:26:40 --> Unable to connect to the database.
Main connection [Postgre]: pg_connect(): Unable to connect to PostgreSQL server: could not connect to server: Connection timed out (0x0000274C/10060)
	Is the server running on host &quot;103.184.180.97&quot; and accepting
	TCP/IP connections on port 5432?
in SYSTEMPATH\Database\BaseConnection.php on line 427.
 1 SYSTEMPATH\Database\BaseConnection.php(573): CodeIgniter\Database\BaseConnection->initialize()
 2 APPPATH\Controllers\Laporan.php(1865): CodeIgniter\Database\BaseConnection->query('select lap from users where id_user=\'1\'')
 3 SYSTEMPATH\CodeIgniter.php(934): App\Controllers\Laporan->ceklaporan()
 4 SYSTEMPATH\CodeIgniter.php(499): CodeIgniter\CodeIgniter->runController(Object(App\Controllers\Laporan))
 5 SYSTEMPATH\CodeIgniter.php(368): CodeIgniter\CodeIgniter->handleRequest(null, Object(Config\Cache), false)
 6 FCPATH\index.php(67): CodeIgniter\CodeIgniter->run()
ERROR - 2024-02-28 02:26:40 --> Error connecting to the database: ErrorException: pg_connect(): Unable to connect to PostgreSQL server: could not connect to server: Connection timed out (0x0000274C/10060)
	Is the server running on host &quot;103.184.180.97&quot; and accepting
	TCP/IP connections on port 5432? in C:\xampp\htdocs\clone\DartoMakanYuyu\cross_ci3\system\Database\Postgre\Connection.php:75
Stack trace:
#0 [internal function]: CodeIgniter\Debug\Exceptions->errorHandler(2, 'pg_connect(): U...', 'C:\\xampp\\htdocs...', 75)
#1 C:\xampp\htdocs\clone\DartoMakanYuyu\cross_ci3\system\Database\Postgre\Connection.php(75): pg_connect('host=103.184.18...')
#2 C:\xampp\htdocs\clone\DartoMakanYuyu\cross_ci3\system\Database\BaseConnection.php(391): CodeIgniter\Database\Postgre\Connection->connect(false)
#3 C:\xampp\htdocs\clone\DartoMakanYuyu\cross_ci3\system\Database\BaseConnection.php(573): CodeIgniter\Database\BaseConnection->initialize()
#4 C:\xampp\htdocs\clone\DartoMakanYuyu\cross_ci3\app\Controllers\User.php(60): CodeIgniter\Database\BaseConnection->query('\r\n            S...')
#5 C:\xampp\htdocs\clone\DartoMakanYuyu\cross_ci3\system\CodeIgniter.php(934): App\Controllers\User->getTrustee()
#6 C:\xampp\htdocs\clone\DartoMakanYuyu\cross_ci3\system\CodeIgniter.php(499): CodeIgniter\CodeIgniter->runController(Object(App\Controllers\User))
#7 C:\xampp\htdocs\clone\DartoMakanYuyu\cross_ci3\system\CodeIgniter.php(368): CodeIgniter\CodeIgniter->handleRequest(NULL, Object(Config\Cache), false)
#8 C:\xampp\htdocs\clone\DartoMakanYuyu\cross_ci3\index.php(67): CodeIgniter\CodeIgniter->run()
#9 {main}
CRITICAL - 2024-02-28 02:26:40 --> Unable to connect to the database.
Main connection [Postgre]: pg_connect(): Unable to connect to PostgreSQL server: could not connect to server: Connection timed out (0x0000274C/10060)
	Is the server running on host &quot;103.184.180.97&quot; and accepting
	TCP/IP connections on port 5432?
in SYSTEMPATH\Database\BaseConnection.php on line 427.
 1 SYSTEMPATH\Database\BaseConnection.php(573): CodeIgniter\Database\BaseConnection->initialize()
 2 APPPATH\Controllers\User.php(60): CodeIgniter\Database\BaseConnection->query('
            SELECT DISTINCT
            modul.* ,
            parent_modul.deskripsi,
            parent_modul.class_parent
            FROM
            modul
            JOIN parent_modul USING ( id_parent_modul )
            JOIN trustee USING ( id_modul )
            JOIN group_member USING ( id_group ) 
            WHERE
            id_user = \'1\'
            AND laporan = \'f\'
            ORDER BY id_parent_modul, id_modul ASC
            ')
 3 SYSTEMPATH\CodeIgniter.php(934): App\Controllers\User->getTrustee()
 4 SYSTEMPATH\CodeIgniter.php(499): CodeIgniter\CodeIgniter->runController(Object(App\Controllers\User))
 5 SYSTEMPATH\CodeIgniter.php(368): CodeIgniter\CodeIgniter->handleRequest(null, Object(Config\Cache), false)
 6 FCPATH\index.php(67): CodeIgniter\CodeIgniter->run()
INFO - 2024-02-28 02:28:59 --> Session: Class initialized using 'CodeIgniter\Session\Handlers\FileHandler' driver.
