INFO - 2024-08-23 00:52:05 --> Session: Class initialized using 'CodeIgniter\Session\Handlers\FileHandler' driver.
INFO - 2024-08-23 00:52:37 --> Session: Class initialized using 'CodeIgniter\Session\Handlers\FileHandler' driver.
INFO - 2024-08-23 00:54:55 --> Session: Class initialized using 'CodeIgniter\Session\Handlers\FileHandler' driver.
ERROR - 2024-08-23 03:58:44 --> ErrorException: pg_query(): Query failed: ERROR:  value &quot;32956&quot; is out of range for type smallint
LINE 1: ...ng = 't', id_kunjungan_far = '54484', id_jurnal = '32956' WH...
                                                             ^ in C:\xampp\htdocs\clone\DartoMakanYuyu\cross_ci3\system\Database\Postgre\Connection.php:147
Stack trace:
#0 [internal function]: CodeIgniter\Debug\Exceptions->errorHandler(2, 'pg_query(): Que...', 'C:\\xampp\\htdocs...', 147)
#1 C:\xampp\htdocs\clone\DartoMakanYuyu\cross_ci3\system\Database\Postgre\Connection.php(147): pg_query(Resource id #137, 'UPDATE far_retu...')
#2 C:\xampp\htdocs\clone\DartoMakanYuyu\cross_ci3\system\Database\BaseConnection.php(691): CodeIgniter\Database\Postgre\Connection->execute('UPDATE far_retu...')
#3 C:\xampp\htdocs\clone\DartoMakanYuyu\cross_ci3\system\Database\BaseConnection.php(605): CodeIgniter\Database\BaseConnection->simpleQuery('UPDATE far_retu...')
#4 C:\xampp\htdocs\clone\DartoMakanYuyu\cross_ci3\app\Controllers\Apotek.php(5628): CodeIgniter\Database\BaseConnection->query('UPDATE far_retu...')
#5 C:\xampp\htdocs\clone\DartoMakanYuyu\cross_ci3\system\CodeIgniter.php(934): App\Controllers\Apotek->transferRetur_penjualanApotek()
#6 C:\xampp\htdocs\clone\DartoMakanYuyu\cross_ci3\system\CodeIgniter.php(499): CodeIgniter\CodeIgniter->runController(Object(App\Controllers\Apotek))
#7 C:\xampp\htdocs\clone\DartoMakanYuyu\cross_ci3\system\CodeIgniter.php(368): CodeIgniter\CodeIgniter->handleRequest(NULL, Object(Config\Cache), false)
#8 C:\xampp\htdocs\clone\DartoMakanYuyu\cross_ci3\index.php(67): CodeIgniter\CodeIgniter->run()
#9 {main}
INFO - 2024-08-23 04:58:27 --> Session: Class initialized using 'CodeIgniter\Session\Handlers\FileHandler' driver.
INFO - 2024-08-23 06:47:20 --> Session: Class initialized using 'CodeIgniter\Session\Handlers\FileHandler' driver.
INFO - 2024-08-23 06:47:35 --> Session: Class initialized using 'CodeIgniter\Session\Handlers\FileHandler' driver.
ERROR - 2024-08-23 06:48:37 --> ErrorException: pg_query(): Query failed: ERROR:  duplicate key value violates unique constraint &quot;gud_obat_in_acc_pkey&quot;
DETAIL:  Key (id_user)=(1) already exists. in C:\xampp\htdocs\clone\DartoMakanYuyu\cross_ci3\system\Database\Postgre\Connection.php:147
Stack trace:
#0 [internal function]: CodeIgniter\Debug\Exceptions->errorHandler(2, 'pg_query(): Que...', 'C:\\xampp\\htdocs...', 147)
#1 C:\xampp\htdocs\clone\DartoMakanYuyu\cross_ci3\system\Database\Postgre\Connection.php(147): pg_query(Resource id #137, 'INSERT INTO gud...')
#2 C:\xampp\htdocs\clone\DartoMakanYuyu\cross_ci3\system\Database\BaseConnection.php(691): CodeIgniter\Database\Postgre\Connection->execute('INSERT INTO gud...')
#3 C:\xampp\htdocs\clone\DartoMakanYuyu\cross_ci3\system\Database\BaseConnection.php(605): CodeIgniter\Database\BaseConnection->simpleQuery('INSERT INTO gud...')
#4 C:\xampp\htdocs\clone\DartoMakanYuyu\cross_ci3\app\Controllers\Setup.php(2415): CodeIgniter\Database\BaseConnection->query('INSERT INTO gud...')
#5 C:\xampp\htdocs\clone\DartoMakanYuyu\cross_ci3\system\CodeIgniter.php(934): App\Controllers\Setup->accgudang_addedit()
#6 C:\xampp\htdocs\clone\DartoMakanYuyu\cross_ci3\system\CodeIgniter.php(499): CodeIgniter\CodeIgniter->runController(Object(App\Controllers\Setup))
#7 C:\xampp\htdocs\clone\DartoMakanYuyu\cross_ci3\system\CodeIgniter.php(368): CodeIgniter\CodeIgniter->handleRequest(NULL, Object(Config\Cache), false)
#8 C:\xampp\htdocs\clone\DartoMakanYuyu\cross_ci3\index.php(67): CodeIgniter\CodeIgniter->run()
#9 {main}
INFO - 2024-08-23 06:49:03 --> Session: Class initialized using 'CodeIgniter\Session\Handlers\FileHandler' driver.
ERROR - 2024-08-23 06:51:08 --> ErrorException: pg_query(): Query failed: ERROR:  value &quot;33073&quot; is out of range for type smallint
LINE 1: ...obat_in SET posting = 't', stsacc = 't', id_jurnal = '33073'
                                                                ^ in C:\xampp\htdocs\clone\DartoMakanYuyu\cross_ci3\system\Database\Postgre\Connection.php:147
Stack trace:
#0 [internal function]: CodeIgniter\Debug\Exceptions->errorHandler(2, 'pg_query(): Que...', 'C:\\xampp\\htdocs...', 147)
#1 C:\xampp\htdocs\clone\DartoMakanYuyu\cross_ci3\system\Database\Postgre\Connection.php(147): pg_query(Resource id #137, ' UPDATE gud_oba...')
#2 C:\xampp\htdocs\clone\DartoMakanYuyu\cross_ci3\system\Database\BaseConnection.php(691): CodeIgniter\Database\Postgre\Connection->execute(' UPDATE gud_oba...')
#3 C:\xampp\htdocs\clone\DartoMakanYuyu\cross_ci3\system\Database\BaseConnection.php(605): CodeIgniter\Database\BaseConnection->simpleQuery(' UPDATE gud_oba...')
#4 C:\xampp\htdocs\clone\DartoMakanYuyu\cross_ci3\app\Controllers\Gudang.php(945): CodeIgniter\Database\BaseConnection->query(' UPDATE gud_oba...')
#5 C:\xampp\htdocs\clone\DartoMakanYuyu\cross_ci3\system\CodeIgniter.php(934): App\Controllers\Gudang->ACCGudangBarangIn()
#6 C:\xampp\htdocs\clone\DartoMakanYuyu\cross_ci3\system\CodeIgniter.php(499): CodeIgniter\CodeIgniter->runController(Object(App\Controllers\Gudang))
#7 C:\xampp\htdocs\clone\DartoMakanYuyu\cross_ci3\system\CodeIgniter.php(368): CodeIgniter\CodeIgniter->handleRequest(NULL, Object(Config\Cache), false)
#8 C:\xampp\htdocs\clone\DartoMakanYuyu\cross_ci3\index.php(67): CodeIgniter\CodeIgniter->run()
#9 {main}
INFO - 2024-08-23 07:00:20 --> Session: Class initialized using 'CodeIgniter\Session\Handlers\FileHandler' driver.
INFO - 2024-08-23 07:01:09 --> Session: Class initialized using 'CodeIgniter\Session\Handlers\FileHandler' driver.
INFO - 2024-08-23 07:16:07 --> Session: Class initialized using 'CodeIgniter\Session\Handlers\FileHandler' driver.
