INFO - 2024-10-28 01:32:23 --> Session: Class initialized using 'CodeIgniter\Session\Handlers\FileHandler' driver.
ERROR - 2024-10-28 01:36:48 --> Error connecting to the database: ErrorException: pg_connect(): Unable to connect to PostgreSQL server: could not connect to server: Connection timed out (0x0000274C/10060)
	Is the server running on host &quot;103.184.180.97&quot; and accepting
	TCP/IP connections on port 5432? in C:\xampp\htdocs\clone\DartoMakanYuyu\cross_ci3\system\Database\Postgre\Connection.php:75
Stack trace:
#0 [internal function]: CodeIgniter\Debug\Exceptions->errorHandler(2, 'pg_connect(): U...', 'C:\\xampp\\htdocs...', 75)
#1 C:\xampp\htdocs\clone\DartoMakanYuyu\cross_ci3\system\Database\Postgre\Connection.php(75): pg_connect('host=103.184.18...')
#2 C:\xampp\htdocs\clone\DartoMakanYuyu\cross_ci3\system\Database\BaseConnection.php(391): CodeIgniter\Database\Postgre\Connection->connect(false)
#3 C:\xampp\htdocs\clone\DartoMakanYuyu\cross_ci3\system\Database\BaseConnection.php(688): CodeIgniter\Database\BaseConnection->initialize()
#4 C:\xampp\htdocs\clone\DartoMakanYuyu\cross_ci3\app\Controllers\Apotek.php(963): CodeIgniter\Database\BaseConnection->simpleQuery('\r\n             ...')
#5 C:\xampp\htdocs\clone\DartoMakanYuyu\cross_ci3\system\CodeIgniter.php(934): App\Controllers\Apotek->resepRWJ_listapotek()
#6 C:\xampp\htdocs\clone\DartoMakanYuyu\cross_ci3\system\CodeIgniter.php(499): CodeIgniter\CodeIgniter->runController(Object(App\Controllers\Apotek))
#7 C:\xampp\htdocs\clone\DartoMakanYuyu\cross_ci3\system\CodeIgniter.php(368): CodeIgniter\CodeIgniter->handleRequest(NULL, Object(Config\Cache), false)
#8 C:\xampp\htdocs\clone\DartoMakanYuyu\cross_ci3\index.php(67): CodeIgniter\CodeIgniter->run()
#9 {main}
CRITICAL - 2024-10-28 01:36:48 --> Unable to connect to the database.
Main connection [Postgre]: pg_connect(): Unable to connect to PostgreSQL server: could not connect to server: Connection timed out (0x0000274C/10060)
	Is the server running on host &quot;103.184.180.97&quot; and accepting
	TCP/IP connections on port 5432?
in SYSTEMPATH\Database\BaseConnection.php on line 427.
 1 SYSTEMPATH\Database\BaseConnection.php(688): CodeIgniter\Database\BaseConnection->initialize()
 2 APPPATH\Controllers\Apotek.php(963): CodeIgniter\Database\BaseConnection->simpleQuery('
                SELECT
                    tr.id_transaksi,
                    tr.tgl_tutup,
                    foo.id_kunjungan,
                    tgl_masuk,
                    foo.noresep,
                    foo.id_unit,
                    nama_unit,
                    foo.id_pegawai,
                    nama_pegawai,
                    cat_alergi,
                    tglresep,
                    tr.no_rm,
                    nama,
                    telepon,
                    tgl_lahir,
                    foo.dilayani,
                    id_order,
                    liveresep,
                    id_kunjungan_far
                FROM
                    far_obat_out foo
                    INNER JOIN kunjungan K ON foo.id_kunjungan = K.id_kunjungan
                    INNER JOIN transaksi tr ON K.id_transaksi = tr.id_transaksi
                    INNER JOIN pasien p ON tr.no_rm = p.no_rm
                    INNER JOIN unit u ON u.id_unit = K.id_unit 
                    INNER JOIN pegawai peg ON peg.id_pegawai = foo.id_pegawai 
                WHERE
                    jenis_unit IN (\'3\', \'4\') AND
                    
                    UPPER(p.nama) like UPPER(\'%\') AND tr.no_rm like UPPER(\'%\')
                    AND DATE(tglresep) BETWEEN \'2024-10-23\' AND \'2024-10-28\'
                    AND foo.dilayani = \'0\' 
                    
                    AND id_far = \'4003\'
                ORDER BY
                    tglresep DESC LIMIT \'10\'')
 3 SYSTEMPATH\CodeIgniter.php(934): App\Controllers\Apotek->resepRWJ_listapotek()
 4 SYSTEMPATH\CodeIgniter.php(499): CodeIgniter\CodeIgniter->runController(Object(App\Controllers\Apotek))
 5 SYSTEMPATH\CodeIgniter.php(368): CodeIgniter\CodeIgniter->handleRequest(null, Object(Config\Cache), false)
 6 FCPATH\index.php(67): CodeIgniter\CodeIgniter->run()
ERROR - 2024-10-28 01:37:17 --> Error connecting to the database: ErrorException: pg_connect(): Unable to connect to PostgreSQL server: could not connect to server: Connection timed out (0x0000274C/10060)
	Is the server running on host &quot;103.184.180.97&quot; and accepting
	TCP/IP connections on port 5432? in C:\xampp\htdocs\clone\DartoMakanYuyu\cross_ci3\system\Database\Postgre\Connection.php:75
Stack trace:
#0 [internal function]: CodeIgniter\Debug\Exceptions->errorHandler(2, 'pg_connect(): U...', 'C:\\xampp\\htdocs...', 75)
#1 C:\xampp\htdocs\clone\DartoMakanYuyu\cross_ci3\system\Database\Postgre\Connection.php(75): pg_connect('host=103.184.18...')
#2 C:\xampp\htdocs\clone\DartoMakanYuyu\cross_ci3\system\Database\BaseConnection.php(391): CodeIgniter\Database\Postgre\Connection->connect(false)
#3 C:\xampp\htdocs\clone\DartoMakanYuyu\cross_ci3\system\Database\BaseConnection.php(688): CodeIgniter\Database\BaseConnection->initialize()
#4 C:\xampp\htdocs\clone\DartoMakanYuyu\cross_ci3\app\Controllers\Apotek.php(735): CodeIgniter\Database\BaseConnection->simpleQuery('\r\n             ...')
#5 C:\xampp\htdocs\clone\DartoMakanYuyu\cross_ci3\system\CodeIgniter.php(934): App\Controllers\Apotek->eresepRjRiIGD_listorder()
#6 C:\xampp\htdocs\clone\DartoMakanYuyu\cross_ci3\system\CodeIgniter.php(499): CodeIgniter\CodeIgniter->runController(Object(App\Controllers\Apotek))
#7 C:\xampp\htdocs\clone\DartoMakanYuyu\cross_ci3\system\CodeIgniter.php(368): CodeIgniter\CodeIgniter->handleRequest(NULL, Object(Config\Cache), false)
#8 C:\xampp\htdocs\clone\DartoMakanYuyu\cross_ci3\index.php(67): CodeIgniter\CodeIgniter->run()
#9 {main}
CRITICAL - 2024-10-28 01:37:17 --> Unable to connect to the database.
Main connection [Postgre]: pg_connect(): Unable to connect to PostgreSQL server: could not connect to server: Connection timed out (0x0000274C/10060)
	Is the server running on host &quot;103.184.180.97&quot; and accepting
	TCP/IP connections on port 5432?
in SYSTEMPATH\Database\BaseConnection.php on line 427.
 1 SYSTEMPATH\Database\BaseConnection.php(688): CodeIgniter\Database\BaseConnection->initialize()
 2 APPPATH\Controllers\Apotek.php(735): CodeIgniter\Database\BaseConnection->simpleQuery('
                SELECT
                    tr.id_transaksi,
                    tr.tgl_tutup,
                    ord.id_kunjungan,
                    tgl_masuk,
                    ord.id_order,
                    ord.id_unit,
                    nama_unit,
                    ord.id_pegawai,
                    nama_pegawai,
                    cat_diagnosa,
                    cat_iter,
                    order_mng,
                    tglorder,
                    tr.no_rm,
                    nama,
                    telepon,
                    tgl_lahir,
                    -- penj.id_penjamin,
                    -- penj.nama_penjamin,
                    -- no_sjp,
                    ord.dilayani,
                    foo.dilayani as dilayaniFar
                FROM
                    order_resep ord
                    INNER JOIN kunjungan k ON ord.id_kunjungan = k.id_kunjungan
                    INNER JOIN transaksi tr ON  k.id_transaksi = tr.id_transaksi
                    INNER JOIN pasien P ON tr.no_rm = P.no_rm
                    INNER JOIN unit u ON u.id_unit = k.id_unit
                    -- INNER JOIN penjamin_transaksi pt ON pt.id_transaksi = tr.id_transaksi
                    -- INNER JOIN penjamin penj ON penj.id_penjamin = pt.id_penjamin
                    INNER JOIN pegawai peg ON peg.id_pegawai = ord.id_pegawai
                    LEFT JOIN far_obat_out  foo ON foo.id_order = ord.id_order
                WHERE
                    
                    UPPER(p.nama) like UPPER(\'%\') AND tr.no_rm like UPPER(\'%\')
                    AND DATE(ord.tglorder) BETWEEN \'2024-10-28\' AND \'2024-10-28\'
                    --AND ord.order_mng = \'0\' 
                    AND ord.dilayani = \'0\' 
                    
                    AND ord.id_far = \'4003\' 
                ORDER BY
                    tglorder DESC LIMIT \'10\'')
 3 SYSTEMPATH\CodeIgniter.php(934): App\Controllers\Apotek->eresepRjRiIGD_listorder()
 4 SYSTEMPATH\CodeIgniter.php(499): CodeIgniter\CodeIgniter->runController(Object(App\Controllers\Apotek))
 5 SYSTEMPATH\CodeIgniter.php(368): CodeIgniter\CodeIgniter->handleRequest(null, Object(Config\Cache), false)
 6 FCPATH\index.php(67): CodeIgniter\CodeIgniter->run()
INFO - 2024-10-28 17:25:14 --> Session: Class initialized using 'CodeIgniter\Session\Handlers\FileHandler' driver.
