INFO - 2024-03-15 07:48:04 --> Session: Class initialized using 'CodeIgniter\Session\Handlers\FileHandler' driver.
CRITICAL - 2024-03-15 14:49:08 --> Unsupported operand types: string + string
in APPPATH\Controllers\Laporan.php on line 1077.
 1 SYSTEMPATH\CodeIgniter.php(934): App\Controllers\Laporan->LaporanBillResep()
 2 SYSTEMPATH\CodeIgniter.php(499): CodeIgniter\CodeIgniter->runController(Object(App\Controllers\Laporan))
 3 SYSTEMPATH\CodeIgniter.php(368): CodeIgniter\CodeIgniter->handleRequest(null, Object(Config\Cache), false)
 4 FCPATH\index.php(67): CodeIgniter\CodeIgniter->run()
CRITICAL - 2024-03-15 07:49:53 --> Unsupported operand types: string + string
in APPPATH\Controllers\Apotek.php on line 3311.
 1 SYSTEMPATH\CodeIgniter.php(934): App\Controllers\Apotek->transferObat_penjualanApotek()
 2 SYSTEMPATH\CodeIgniter.php(499): CodeIgniter\CodeIgniter->runController(Object(App\Controllers\Apotek))
 3 SYSTEMPATH\CodeIgniter.php(368): CodeIgniter\CodeIgniter->handleRequest(null, Object(Config\Cache), false)
 4 FCPATH\index.php(67): CodeIgniter\CodeIgniter->run()
CRITICAL - 2024-03-15 07:49:53 --> Uncaught CodeIgniter\Format\Exceptions\FormatException: Failed to parse JSON string. Error: Type is not supported in C:\xampp\htdocs\clone\DartoMakanYuyu\cross_ci3\system\Format\JSONFormatter.php:41
Stack trace:
#0 C:\xampp\htdocs\clone\DartoMakanYuyu\cross_ci3\system\Format\JSONFormatter.php(41): CodeIgniter\Format\Exceptions\FormatException::forInvalidJSON('Type is not sup...')
#1 C:\xampp\htdocs\clone\DartoMakanYuyu\cross_ci3\system\API\ResponseTrait.php(346): CodeIgniter\Format\JSONFormatter->format(Array)
#2 C:\xampp\htdocs\clone\DartoMakanYuyu\cross_ci3\system\API\ResponseTrait.php(99): CodeIgniter\Debug\Exceptions->format(Array)
#3 C:\xampp\htdocs\clone\DartoMakanYuyu\cross_ci3\system\Debug\Exceptions.php(145): CodeIgniter\Debug\Exceptions->respond(Array, 500)
#4 [internal function]: CodeIgniter\Debug\Exceptions->exceptionHandler(Object(TypeError))
#5 {main}
  thrown
【Previous Exception】
TypeError
Unsupported operand types: string + string
#0 C:\xampp\htdocs\clone\DartoMakanYuyu\cross_ci3\system\CodeIgniter.php(934): App\Controllers\Apotek->transferObat_penjualanApotek()
#1 C:\xampp\htdocs\clone\DartoMakanYuyu\cross_ci3\system\CodeIgniter.php(499): CodeIgniter\CodeIgniter->runController(Object(App\Controllers\Apotek))
#2 C:\xampp\htdocs\clone\DartoMakanYuyu\cross_ci3\system\CodeIgniter.php(368): CodeIgniter\CodeIgniter->handleRequest(NULL, Object(Config\Cache), false)
#3 C:\xampp\htdocs\clone\DartoMakanYuyu\cross_ci3\index.php(67): CodeIgniter\CodeIgniter->run()
#4 {main}
in SYSTEMPATH\Format\JSONFormatter.php on line 41.
 1 [internal function]: CodeIgniter\Debug\Exceptions->shutdownHandler()
CRITICAL - 2024-03-15 07:50:02 --> Unsupported operand types: string + string
in APPPATH\Controllers\Apotek.php on line 3311.
 1 SYSTEMPATH\CodeIgniter.php(934): App\Controllers\Apotek->transferObat_penjualanApotek()
 2 SYSTEMPATH\CodeIgniter.php(499): CodeIgniter\CodeIgniter->runController(Object(App\Controllers\Apotek))
 3 SYSTEMPATH\CodeIgniter.php(368): CodeIgniter\CodeIgniter->handleRequest(null, Object(Config\Cache), false)
 4 FCPATH\index.php(67): CodeIgniter\CodeIgniter->run()
CRITICAL - 2024-03-15 07:50:02 --> Uncaught CodeIgniter\Format\Exceptions\FormatException: Failed to parse JSON string. Error: Type is not supported in C:\xampp\htdocs\clone\DartoMakanYuyu\cross_ci3\system\Format\JSONFormatter.php:41
Stack trace:
#0 C:\xampp\htdocs\clone\DartoMakanYuyu\cross_ci3\system\Format\JSONFormatter.php(41): CodeIgniter\Format\Exceptions\FormatException::forInvalidJSON('Type is not sup...')
#1 C:\xampp\htdocs\clone\DartoMakanYuyu\cross_ci3\system\API\ResponseTrait.php(346): CodeIgniter\Format\JSONFormatter->format(Array)
#2 C:\xampp\htdocs\clone\DartoMakanYuyu\cross_ci3\system\API\ResponseTrait.php(99): CodeIgniter\Debug\Exceptions->format(Array)
#3 C:\xampp\htdocs\clone\DartoMakanYuyu\cross_ci3\system\Debug\Exceptions.php(145): CodeIgniter\Debug\Exceptions->respond(Array, 500)
#4 [internal function]: CodeIgniter\Debug\Exceptions->exceptionHandler(Object(TypeError))
#5 {main}
  thrown
【Previous Exception】
TypeError
Unsupported operand types: string + string
#0 C:\xampp\htdocs\clone\DartoMakanYuyu\cross_ci3\system\CodeIgniter.php(934): App\Controllers\Apotek->transferObat_penjualanApotek()
#1 C:\xampp\htdocs\clone\DartoMakanYuyu\cross_ci3\system\CodeIgniter.php(499): CodeIgniter\CodeIgniter->runController(Object(App\Controllers\Apotek))
#2 C:\xampp\htdocs\clone\DartoMakanYuyu\cross_ci3\system\CodeIgniter.php(368): CodeIgniter\CodeIgniter->handleRequest(NULL, Object(Config\Cache), false)
#3 C:\xampp\htdocs\clone\DartoMakanYuyu\cross_ci3\index.php(67): CodeIgniter\CodeIgniter->run()
#4 {main}
in SYSTEMPATH\Format\JSONFormatter.php on line 41.
 1 [internal function]: CodeIgniter\Debug\Exceptions->shutdownHandler()
