INFO - 2024-10-30 02:27:09 --> Session: Class initialized using 'CodeIgniter\Session\Handlers\FileHandler' driver.
ERROR - 2024-10-30 02:32:23 --> Error connecting to the database: ErrorException: pg_connect(): Unable to connect to PostgreSQL server: could not connect to server: Connection timed out (0x0000274C/10060)
	Is the server running on host &quot;103.184.180.97&quot; and accepting
	TCP/IP connections on port 5432? in C:\xampp\htdocs\clone\SIMRSHEBAT\cross_ci3\system\Database\Postgre\Connection.php:75
Stack trace:
#0 [internal function]: CodeIgniter\Debug\Exceptions->errorHandler(2, 'pg_connect(): U...', 'C:\\xampp\\htdocs...', 75)
#1 C:\xampp\htdocs\clone\SIMRSHEBAT\cross_ci3\system\Database\Postgre\Connection.php(75): pg_connect('host=103.184.18...')
#2 C:\xampp\htdocs\clone\SIMRSHEBAT\cross_ci3\system\Database\BaseConnection.php(391): CodeIgniter\Database\Postgre\Connection->connect(false)
#3 C:\xampp\htdocs\clone\SIMRSHEBAT\cross_ci3\system\Database\BaseConnection.php(573): CodeIgniter\Database\BaseConnection->initialize()
#4 C:\xampp\htdocs\clone\SIMRSHEBAT\cross_ci3\app\Controllers\User.php(92): CodeIgniter\Database\BaseConnection->query('\r\n            S...')
#5 C:\xampp\htdocs\clone\SIMRSHEBAT\cross_ci3\system\CodeIgniter.php(934): App\Controllers\User->getLaporan()
#6 C:\xampp\htdocs\clone\SIMRSHEBAT\cross_ci3\system\CodeIgniter.php(499): CodeIgniter\CodeIgniter->runController(Object(App\Controllers\User))
#7 C:\xampp\htdocs\clone\SIMRSHEBAT\cross_ci3\system\CodeIgniter.php(368): CodeIgniter\CodeIgniter->handleRequest(NULL, Object(Config\Cache), false)
#8 C:\xampp\htdocs\clone\SIMRSHEBAT\cross_ci3\index.php(67): CodeIgniter\CodeIgniter->run()
#9 {main}
CRITICAL - 2024-10-30 02:32:23 --> Unable to connect to the database.
Main connection [Postgre]: pg_connect(): Unable to connect to PostgreSQL server: could not connect to server: Connection timed out (0x0000274C/10060)
	Is the server running on host &quot;103.184.180.97&quot; and accepting
	TCP/IP connections on port 5432?
in SYSTEMPATH\Database\BaseConnection.php on line 427.
 1 SYSTEMPATH\Database\BaseConnection.php(573): CodeIgniter\Database\BaseConnection->initialize()
 2 APPPATH\Controllers\User.php(92): CodeIgniter\Database\BaseConnection->query('
            SELECT DISTINCT
            modul.*
            FROM
            modul
            JOIN trustee USING ( id_modul )
            JOIN group_member USING ( id_group ) 
            WHERE
            id_user = \'1\'
            AND laporan = \'t\'
            ORDER BY id_modul
            ')
 3 SYSTEMPATH\CodeIgniter.php(934): App\Controllers\User->getLaporan()
 4 SYSTEMPATH\CodeIgniter.php(499): CodeIgniter\CodeIgniter->runController(Object(App\Controllers\User))
 5 SYSTEMPATH\CodeIgniter.php(368): CodeIgniter\CodeIgniter->handleRequest(null, Object(Config\Cache), false)
 6 FCPATH\index.php(67): CodeIgniter\CodeIgniter->run()
INFO - 2024-10-30 02:33:24 --> Session: Class initialized using 'CodeIgniter\Session\Handlers\FileHandler' driver.
INFO - 2024-10-30 02:38:51 --> Session: Class initialized using 'CodeIgniter\Session\Handlers\FileHandler' driver.
INFO - 2024-10-30 02:38:59 --> Session: Class initialized using 'CodeIgniter\Session\Handlers\FileHandler' driver.
INFO - 2024-10-30 02:39:01 --> Session: Class initialized using 'CodeIgniter\Session\Handlers\FileHandler' driver.
INFO - 2024-10-30 02:39:10 --> Session: Class initialized using 'CodeIgniter\Session\Handlers\FileHandler' driver.
INFO - 2024-10-30 02:39:11 --> Session: Class initialized using 'CodeIgniter\Session\Handlers\FileHandler' driver.
INFO - 2024-10-30 02:39:36 --> Session: Class initialized using 'CodeIgniter\Session\Handlers\FileHandler' driver.
INFO - 2024-10-30 04:26:26 --> Session: Class initialized using 'CodeIgniter\Session\Handlers\FileHandler' driver.
INFO - 2024-10-30 04:27:09 --> Session: Class initialized using 'CodeIgniter\Session\Handlers\FileHandler' driver.
INFO - 2024-10-30 06:50:11 --> Session: Class initialized using 'CodeIgniter\Session\Handlers\FileHandler' driver.
INFO - 2024-10-30 06:50:13 --> Session: Class initialized using 'CodeIgniter\Session\Handlers\FileHandler' driver.
INFO - 2024-10-30 06:50:20 --> Session: Class initialized using 'CodeIgniter\Session\Handlers\FileHandler' driver.
INFO - 2024-10-30 06:52:34 --> Session: Class initialized using 'CodeIgniter\Session\Handlers\FileHandler' driver.
INFO - 2024-10-30 06:52:37 --> Session: Class initialized using 'CodeIgniter\Session\Handlers\FileHandler' driver.
INFO - 2024-10-30 06:52:39 --> Session: Class initialized using 'CodeIgniter\Session\Handlers\FileHandler' driver.
