ERROR - 2024-01-10 00:01:36 --> Error connecting to the database: ErrorException: pg_connect(): Unable to connect to PostgreSQL server: server closed the connection unexpectedly
	This probably means the server terminated abnormally
	before or while processing the request. in C:\xampp\htdocs\clone\DartoMakanYuyu\cross_ci3\system\Database\Postgre\Connection.php:75
Stack trace:
#0 [internal function]: CodeIgniter\Debug\Exceptions->errorHandler(2, 'pg_connect(): U...', 'C:\\xampp\\htdocs...', 75)
#1 C:\xampp\htdocs\clone\DartoMakanYuyu\cross_ci3\system\Database\Postgre\Connection.php(75): pg_connect('host=103.184.18...')
#2 C:\xampp\htdocs\clone\DartoMakanYuyu\cross_ci3\system\Database\BaseConnection.php(391): CodeIgniter\Database\Postgre\Connection->connect(false)
#3 C:\xampp\htdocs\clone\DartoMakanYuyu\cross_ci3\system\Database\BaseConnection.php(688): CodeIgniter\Database\BaseConnection->initialize()
#4 C:\xampp\htdocs\clone\DartoMakanYuyu\cross_ci3\app\Controllers\Apotek.php(4517): CodeIgniter\Database\BaseConnection->simpleQuery('\r\n             ...')
#5 C:\xampp\htdocs\clone\DartoMakanYuyu\cross_ci3\system\CodeIgniter.php(934): App\Controllers\Apotek->returRJIGD_listapotek()
#6 C:\xampp\htdocs\clone\DartoMakanYuyu\cross_ci3\system\CodeIgniter.php(499): CodeIgniter\CodeIgniter->runController(Object(App\Controllers\Apotek))
#7 C:\xampp\htdocs\clone\DartoMakanYuyu\cross_ci3\system\CodeIgniter.php(368): CodeIgniter\CodeIgniter->handleRequest(NULL, Object(Config\Cache), false)
#8 C:\xampp\htdocs\clone\DartoMakanYuyu\cross_ci3\index.php(67): CodeIgniter\CodeIgniter->run()
#9 {main}
CRITICAL - 2024-01-10 00:01:36 --> Unable to connect to the database.
Main connection [Postgre]: pg_connect(): Unable to connect to PostgreSQL server: server closed the connection unexpectedly
	This probably means the server terminated abnormally
	before or while processing the request.
in SYSTEMPATH\Database\BaseConnection.php on line 427.
 1 SYSTEMPATH\Database\BaseConnection.php(688): CodeIgniter\Database\BaseConnection->initialize()
 2 APPPATH\Controllers\Apotek.php(4517): CodeIgniter\Database\BaseConnection->simpleQuery('
                SELECT 
                    posting,
                    no_retur,
                    tgl_retur,
                    no_rm,
                    nama,
                    nama_unit,
                    id_transaksi,
                    tgl_kunj,
                    id_unit,
                    age(tgl_lahir) :: varchar,
                    no_sjp,
                    nama_penjamin
                FROM
                    far_retur
                    INNER JOIN transaksi USING ( id_transaksi, no_rm )
                    INNER JOIN pasien USING ( no_rm )
                    INNER JOIN unit u USING ( id_unit )
                    INNER JOIN penjamin_transaksi USING ( id_transaksi )
                    INNER JOIN penjamin penj USING ( id_penjamin ) 
                WHERE
                    jenis_unit IN (\'1\', \'4\') AND
                     
                    UPPER ( nama ) LIKE UPPER ( \'%\' ) 
                    AND no_rm LIKE UPPER ( \'%\' ) 
                    AND DATE ( tgl_retur ) BETWEEN \'2024-01-10\' 
                    AND \'2024-01-10\' 
                    AND id_unit_far = \'4001\'
                    
                ORDER BY
                    tgl_retur DESC 
                    LIMIT \'10\'')
 3 SYSTEMPATH\CodeIgniter.php(934): App\Controllers\Apotek->returRJIGD_listapotek()
 4 SYSTEMPATH\CodeIgniter.php(499): CodeIgniter\CodeIgniter->runController(Object(App\Controllers\Apotek))
 5 SYSTEMPATH\CodeIgniter.php(368): CodeIgniter\CodeIgniter->handleRequest(null, Object(Config\Cache), false)
 6 FCPATH\index.php(67): CodeIgniter\CodeIgniter->run()
ERROR - 2024-01-10 00:12:48 --> Error connecting to the database: ErrorException: pg_connect(): Unable to connect to PostgreSQL server: could not connect to server: Connection timed out (0x0000274C/10060)
	Is the server running on host &quot;103.184.180.97&quot; and accepting
	TCP/IP connections on port 5432? in C:\xampp\htdocs\clone\DartoMakanYuyu\cross_ci3\system\Database\Postgre\Connection.php:75
Stack trace:
#0 [internal function]: CodeIgniter\Debug\Exceptions->errorHandler(2, 'pg_connect(): U...', 'C:\\xampp\\htdocs...', 75)
#1 C:\xampp\htdocs\clone\DartoMakanYuyu\cross_ci3\system\Database\Postgre\Connection.php(75): pg_connect('host=103.184.18...')
#2 C:\xampp\htdocs\clone\DartoMakanYuyu\cross_ci3\system\Database\BaseConnection.php(391): CodeIgniter\Database\Postgre\Connection->connect(false)
#3 C:\xampp\htdocs\clone\DartoMakanYuyu\cross_ci3\system\Database\BaseConnection.php(688): CodeIgniter\Database\BaseConnection->initialize()
#4 C:\xampp\htdocs\clone\DartoMakanYuyu\cross_ci3\app\Controllers\Apotek.php(4692): CodeIgniter\Database\BaseConnection->simpleQuery('\r\n            S...')
#5 C:\xampp\htdocs\clone\DartoMakanYuyu\cross_ci3\system\CodeIgniter.php(934): App\Controllers\Apotek->returresepRJIGD_pencarian_resep()
#6 C:\xampp\htdocs\clone\DartoMakanYuyu\cross_ci3\system\CodeIgniter.php(499): CodeIgniter\CodeIgniter->runController(Object(App\Controllers\Apotek))
#7 C:\xampp\htdocs\clone\DartoMakanYuyu\cross_ci3\system\CodeIgniter.php(368): CodeIgniter\CodeIgniter->handleRequest(NULL, Object(Config\Cache), false)
#8 C:\xampp\htdocs\clone\DartoMakanYuyu\cross_ci3\index.php(67): CodeIgniter\CodeIgniter->run()
#9 {main}
CRITICAL - 2024-01-10 00:12:48 --> Unable to connect to the database.
Main connection [Postgre]: pg_connect(): Unable to connect to PostgreSQL server: could not connect to server: Connection timed out (0x0000274C/10060)
	Is the server running on host &quot;103.184.180.97&quot; and accepting
	TCP/IP connections on port 5432?
in SYSTEMPATH\Database\BaseConnection.php on line 427.
 1 SYSTEMPATH\Database\BaseConnection.php(688): CodeIgniter\Database\BaseConnection->initialize()
 2 APPPATH\Controllers\Apotek.php(4692): CodeIgniter\Database\BaseConnection->simpleQuery('
            SELECT 
                K.id_kunjungan,
                tr.id_transaksi,
                food.id_far,
                noresep,
                tglresep,
                urut,
                jns_racikan,
                kd_obat,
                nama_obat,
                jumlah,
                dosis,
                qty_racik,
                UPPER(CASE 
                        WHEN jns_racikan > \'0\' THEN ket_racik
                        WHEN jns_racikan = \'0\' THEN ket
                    END) AS catatan,
                exp,
                harga_jual,
                harga_sat,
                kd_milik
            FROM
                transaksi tr
                INNER JOIN pasien P USING (no_rm)
                INNER JOIN kunjungan K USING (id_transaksi)
                INNER JOIN unit u USING (id_unit)
                INNER JOIN far_obat_out foo USING (id_kunjungan)
                INNER JOIN far_obat_outdet food USING (noresep, tglresep)
                INNER JOIN far_obat USING (kd_obat)
            WHERE
                jenis_unit IN (\'1\', \'4\') AND
                tr.no_rm = \'0000132\'
                AND DATE ( tr.tgl_transaksi ) = \'2024-01-10\'
                -- AND dilayani = \'1\'
                AND foo.id_far = \'4001\'
                AND tgl_tutup IS NULL
                ORDER BY noresep, urut ASC
            ')
 3 SYSTEMPATH\CodeIgniter.php(934): App\Controllers\Apotek->returresepRJIGD_pencarian_resep()
 4 SYSTEMPATH\CodeIgniter.php(499): CodeIgniter\CodeIgniter->runController(Object(App\Controllers\Apotek))
 5 SYSTEMPATH\CodeIgniter.php(368): CodeIgniter\CodeIgniter->handleRequest(null, Object(Config\Cache), false)
 6 FCPATH\index.php(67): CodeIgniter\CodeIgniter->run()
INFO - 2024-01-10 00:14:22 --> Session: Class initialized using 'CodeIgniter\Session\Handlers\FileHandler' driver.
