INFO - 2023-08-30 00:08:44 --> Session: Class initialized using 'CodeIgniter\Session\Handlers\FileHandler' driver.
INFO - 2023-08-30 00:09:28 --> Session: Class initialized using 'CodeIgniter\Session\Handlers\FileHandler' driver.
INFO - 2023-08-30 00:15:08 --> Session: Class initialized using 'CodeIgniter\Session\Handlers\FileHandler' driver.
INFO - 2023-08-30 00:17:03 --> Session: Class initialized using 'CodeIgniter\Session\Handlers\FileHandler' driver.
INFO - 2023-08-30 00:18:28 --> Session: Class initialized using 'CodeIgniter\Session\Handlers\FileHandler' driver.
INFO - 2023-08-30 01:36:02 --> Session: Class initialized using 'CodeIgniter\Session\Handlers\FileHandler' driver.
INFO - 2023-08-30 01:36:05 --> Session: Class initialized using 'CodeIgniter\Session\Handlers\FileHandler' driver.
INFO - 2023-08-30 03:21:43 --> Session: Class initialized using 'CodeIgniter\Session\Handlers\FileHandler' driver.
CRITICAL - 2023-08-30 04:23:20 --> Attempt to read property "dilayani" on null
in APPPATH\Controllers\Apotek.php on line 433.
 1 APPPATH\Controllers\Apotek.php(433): CodeIgniter\Debug\Exceptions->errorHandler(2, 'Attempt to read property "dilayani" on null', 'APPPATH\\Controllers\\Apotek.php', 433)
 2 SYSTEMPATH\CodeIgniter.php(934): App\Controllers\Apotek->CreateOrderResepRWJ()
 3 SYSTEMPATH\CodeIgniter.php(499): CodeIgniter\CodeIgniter->runController(Object(App\Controllers\Apotek))
 4 SYSTEMPATH\CodeIgniter.php(368): CodeIgniter\CodeIgniter->handleRequest(null, Object(Config\Cache), false)
 5 FCPATH\index.php(67): CodeIgniter\CodeIgniter->run()
CRITICAL - 2023-08-30 04:23:20 --> Uncaught CodeIgniter\Format\Exceptions\FormatException: Failed to parse JSON string. Error: Type is not supported in C:\xampp\htdocs\clone\DartoMakanYuyu\cross_ci3\system\Format\JSONFormatter.php:41
Stack trace:
#0 C:\xampp\htdocs\clone\DartoMakanYuyu\cross_ci3\system\Format\JSONFormatter.php(41): CodeIgniter\Format\Exceptions\FormatException::forInvalidJSON('Type is not sup...')
#1 C:\xampp\htdocs\clone\DartoMakanYuyu\cross_ci3\system\API\ResponseTrait.php(346): CodeIgniter\Format\JSONFormatter->format(Array)
#2 C:\xampp\htdocs\clone\DartoMakanYuyu\cross_ci3\system\API\ResponseTrait.php(99): CodeIgniter\Debug\Exceptions->format(Array)
#3 C:\xampp\htdocs\clone\DartoMakanYuyu\cross_ci3\system\Debug\Exceptions.php(145): CodeIgniter\Debug\Exceptions->respond(Array, 500)
#4 [internal function]: CodeIgniter\Debug\Exceptions->exceptionHandler(Object(ErrorException))
#5 {main}
  thrown
【Previous Exception】
ErrorException
Attempt to read property "dilayani" on null
#0 C:\xampp\htdocs\clone\DartoMakanYuyu\cross_ci3\app\Controllers\Apotek.php(433): CodeIgniter\Debug\Exceptions->errorHandler(2, 'Attempt to read...', 'C:\\xampp\\htdocs...', 433)
#1 C:\xampp\htdocs\clone\DartoMakanYuyu\cross_ci3\system\CodeIgniter.php(934): App\Controllers\Apotek->CreateOrderResepRWJ()
#2 C:\xampp\htdocs\clone\DartoMakanYuyu\cross_ci3\system\CodeIgniter.php(499): CodeIgniter\CodeIgniter->runController(Object(App\Controllers\Apotek))
#3 C:\xampp\htdocs\clone\DartoMakanYuyu\cross_ci3\system\CodeIgniter.php(368): CodeIgniter\CodeIgniter->handleRequest(NULL, Object(Config\Cache), false)
#4 C:\xampp\htdocs\clone\DartoMakanYuyu\cross_ci3\index.php(67): CodeIgniter\CodeIgniter->run()
#5 {main}
in SYSTEMPATH\Format\JSONFormatter.php on line 41.
 1 [internal function]: CodeIgniter\Debug\Exceptions->shutdownHandler()
CRITICAL - 2023-08-30 04:36:48 --> Attempt to read property "dilayani" on null
in APPPATH\Controllers\Apotek.php on line 433.
 1 APPPATH\Controllers\Apotek.php(433): CodeIgniter\Debug\Exceptions->errorHandler(2, 'Attempt to read property "dilayani" on null', 'APPPATH\\Controllers\\Apotek.php', 433)
 2 SYSTEMPATH\CodeIgniter.php(934): App\Controllers\Apotek->CreateOrderResepRWJ()
 3 SYSTEMPATH\CodeIgniter.php(499): CodeIgniter\CodeIgniter->runController(Object(App\Controllers\Apotek))
 4 SYSTEMPATH\CodeIgniter.php(368): CodeIgniter\CodeIgniter->handleRequest(null, Object(Config\Cache), false)
 5 FCPATH\index.php(67): CodeIgniter\CodeIgniter->run()
CRITICAL - 2023-08-30 04:36:48 --> Uncaught CodeIgniter\Format\Exceptions\FormatException: Failed to parse JSON string. Error: Type is not supported in C:\xampp\htdocs\clone\DartoMakanYuyu\cross_ci3\system\Format\JSONFormatter.php:41
Stack trace:
#0 C:\xampp\htdocs\clone\DartoMakanYuyu\cross_ci3\system\Format\JSONFormatter.php(41): CodeIgniter\Format\Exceptions\FormatException::forInvalidJSON('Type is not sup...')
#1 C:\xampp\htdocs\clone\DartoMakanYuyu\cross_ci3\system\API\ResponseTrait.php(346): CodeIgniter\Format\JSONFormatter->format(Array)
#2 C:\xampp\htdocs\clone\DartoMakanYuyu\cross_ci3\system\API\ResponseTrait.php(99): CodeIgniter\Debug\Exceptions->format(Array)
#3 C:\xampp\htdocs\clone\DartoMakanYuyu\cross_ci3\system\Debug\Exceptions.php(145): CodeIgniter\Debug\Exceptions->respond(Array, 500)
#4 [internal function]: CodeIgniter\Debug\Exceptions->exceptionHandler(Object(ErrorException))
#5 {main}
  thrown
【Previous Exception】
ErrorException
Attempt to read property "dilayani" on null
#0 C:\xampp\htdocs\clone\DartoMakanYuyu\cross_ci3\app\Controllers\Apotek.php(433): CodeIgniter\Debug\Exceptions->errorHandler(2, 'Attempt to read...', 'C:\\xampp\\htdocs...', 433)
#1 C:\xampp\htdocs\clone\DartoMakanYuyu\cross_ci3\system\CodeIgniter.php(934): App\Controllers\Apotek->CreateOrderResepRWJ()
#2 C:\xampp\htdocs\clone\DartoMakanYuyu\cross_ci3\system\CodeIgniter.php(499): CodeIgniter\CodeIgniter->runController(Object(App\Controllers\Apotek))
#3 C:\xampp\htdocs\clone\DartoMakanYuyu\cross_ci3\system\CodeIgniter.php(368): CodeIgniter\CodeIgniter->handleRequest(NULL, Object(Config\Cache), false)
#4 C:\xampp\htdocs\clone\DartoMakanYuyu\cross_ci3\index.php(67): CodeIgniter\CodeIgniter->run()
#5 {main}
in SYSTEMPATH\Format\JSONFormatter.php on line 41.
 1 [internal function]: CodeIgniter\Debug\Exceptions->shutdownHandler()
CRITICAL - 2023-08-30 05:15:22 --> Attempt to read property "dilayani" on null
in APPPATH\Controllers\Apotek.php on line 433.
 1 APPPATH\Controllers\Apotek.php(433): CodeIgniter\Debug\Exceptions->errorHandler(2, 'Attempt to read property "dilayani" on null', 'APPPATH\\Controllers\\Apotek.php', 433)
 2 SYSTEMPATH\CodeIgniter.php(934): App\Controllers\Apotek->CreateOrderResepRWJ()
 3 SYSTEMPATH\CodeIgniter.php(499): CodeIgniter\CodeIgniter->runController(Object(App\Controllers\Apotek))
 4 SYSTEMPATH\CodeIgniter.php(368): CodeIgniter\CodeIgniter->handleRequest(null, Object(Config\Cache), false)
 5 FCPATH\index.php(67): CodeIgniter\CodeIgniter->run()
CRITICAL - 2023-08-30 05:15:22 --> Uncaught CodeIgniter\Format\Exceptions\FormatException: Failed to parse JSON string. Error: Type is not supported in C:\xampp\htdocs\clone\DartoMakanYuyu\cross_ci3\system\Format\JSONFormatter.php:41
Stack trace:
#0 C:\xampp\htdocs\clone\DartoMakanYuyu\cross_ci3\system\Format\JSONFormatter.php(41): CodeIgniter\Format\Exceptions\FormatException::forInvalidJSON('Type is not sup...')
#1 C:\xampp\htdocs\clone\DartoMakanYuyu\cross_ci3\system\API\ResponseTrait.php(346): CodeIgniter\Format\JSONFormatter->format(Array)
#2 C:\xampp\htdocs\clone\DartoMakanYuyu\cross_ci3\system\API\ResponseTrait.php(99): CodeIgniter\Debug\Exceptions->format(Array)
#3 C:\xampp\htdocs\clone\DartoMakanYuyu\cross_ci3\system\Debug\Exceptions.php(145): CodeIgniter\Debug\Exceptions->respond(Array, 500)
#4 [internal function]: CodeIgniter\Debug\Exceptions->exceptionHandler(Object(ErrorException))
#5 {main}
  thrown
【Previous Exception】
ErrorException
Attempt to read property "dilayani" on null
#0 C:\xampp\htdocs\clone\DartoMakanYuyu\cross_ci3\app\Controllers\Apotek.php(433): CodeIgniter\Debug\Exceptions->errorHandler(2, 'Attempt to read...', 'C:\\xampp\\htdocs...', 433)
#1 C:\xampp\htdocs\clone\DartoMakanYuyu\cross_ci3\system\CodeIgniter.php(934): App\Controllers\Apotek->CreateOrderResepRWJ()
#2 C:\xampp\htdocs\clone\DartoMakanYuyu\cross_ci3\system\CodeIgniter.php(499): CodeIgniter\CodeIgniter->runController(Object(App\Controllers\Apotek))
#3 C:\xampp\htdocs\clone\DartoMakanYuyu\cross_ci3\system\CodeIgniter.php(368): CodeIgniter\CodeIgniter->handleRequest(NULL, Object(Config\Cache), false)
#4 C:\xampp\htdocs\clone\DartoMakanYuyu\cross_ci3\index.php(67): CodeIgniter\CodeIgniter->run()
#5 {main}
in SYSTEMPATH\Format\JSONFormatter.php on line 41.
 1 [internal function]: CodeIgniter\Debug\Exceptions->shutdownHandler()
CRITICAL - 2023-08-30 05:18:35 --> Attempt to read property "dilayani" on null
in APPPATH\Controllers\Apotek.php on line 433.
 1 APPPATH\Controllers\Apotek.php(433): CodeIgniter\Debug\Exceptions->errorHandler(2, 'Attempt to read property "dilayani" on null', 'APPPATH\\Controllers\\Apotek.php', 433)
 2 SYSTEMPATH\CodeIgniter.php(934): App\Controllers\Apotek->CreateOrderResepRWJ()
 3 SYSTEMPATH\CodeIgniter.php(499): CodeIgniter\CodeIgniter->runController(Object(App\Controllers\Apotek))
 4 SYSTEMPATH\CodeIgniter.php(368): CodeIgniter\CodeIgniter->handleRequest(null, Object(Config\Cache), false)
 5 FCPATH\index.php(67): CodeIgniter\CodeIgniter->run()
CRITICAL - 2023-08-30 05:18:35 --> Uncaught CodeIgniter\Format\Exceptions\FormatException: Failed to parse JSON string. Error: Type is not supported in C:\xampp\htdocs\clone\DartoMakanYuyu\cross_ci3\system\Format\JSONFormatter.php:41
Stack trace:
#0 C:\xampp\htdocs\clone\DartoMakanYuyu\cross_ci3\system\Format\JSONFormatter.php(41): CodeIgniter\Format\Exceptions\FormatException::forInvalidJSON('Type is not sup...')
#1 C:\xampp\htdocs\clone\DartoMakanYuyu\cross_ci3\system\API\ResponseTrait.php(346): CodeIgniter\Format\JSONFormatter->format(Array)
#2 C:\xampp\htdocs\clone\DartoMakanYuyu\cross_ci3\system\API\ResponseTrait.php(99): CodeIgniter\Debug\Exceptions->format(Array)
#3 C:\xampp\htdocs\clone\DartoMakanYuyu\cross_ci3\system\Debug\Exceptions.php(145): CodeIgniter\Debug\Exceptions->respond(Array, 500)
#4 [internal function]: CodeIgniter\Debug\Exceptions->exceptionHandler(Object(ErrorException))
#5 {main}
  thrown
【Previous Exception】
ErrorException
Attempt to read property "dilayani" on null
#0 C:\xampp\htdocs\clone\DartoMakanYuyu\cross_ci3\app\Controllers\Apotek.php(433): CodeIgniter\Debug\Exceptions->errorHandler(2, 'Attempt to read...', 'C:\\xampp\\htdocs...', 433)
#1 C:\xampp\htdocs\clone\DartoMakanYuyu\cross_ci3\system\CodeIgniter.php(934): App\Controllers\Apotek->CreateOrderResepRWJ()
#2 C:\xampp\htdocs\clone\DartoMakanYuyu\cross_ci3\system\CodeIgniter.php(499): CodeIgniter\CodeIgniter->runController(Object(App\Controllers\Apotek))
#3 C:\xampp\htdocs\clone\DartoMakanYuyu\cross_ci3\system\CodeIgniter.php(368): CodeIgniter\CodeIgniter->handleRequest(NULL, Object(Config\Cache), false)
#4 C:\xampp\htdocs\clone\DartoMakanYuyu\cross_ci3\index.php(67): CodeIgniter\CodeIgniter->run()
#5 {main}
in SYSTEMPATH\Format\JSONFormatter.php on line 41.
 1 [internal function]: CodeIgniter\Debug\Exceptions->shutdownHandler()
CRITICAL - 2023-08-30 05:19:03 --> Attempt to read property "dilayani" on null
in APPPATH\Controllers\Apotek.php on line 433.
 1 APPPATH\Controllers\Apotek.php(433): CodeIgniter\Debug\Exceptions->errorHandler(2, 'Attempt to read property "dilayani" on null', 'APPPATH\\Controllers\\Apotek.php', 433)
 2 SYSTEMPATH\CodeIgniter.php(934): App\Controllers\Apotek->CreateOrderResepRWJ()
 3 SYSTEMPATH\CodeIgniter.php(499): CodeIgniter\CodeIgniter->runController(Object(App\Controllers\Apotek))
 4 SYSTEMPATH\CodeIgniter.php(368): CodeIgniter\CodeIgniter->handleRequest(null, Object(Config\Cache), false)
 5 FCPATH\index.php(67): CodeIgniter\CodeIgniter->run()
CRITICAL - 2023-08-30 05:19:03 --> Uncaught CodeIgniter\Format\Exceptions\FormatException: Failed to parse JSON string. Error: Type is not supported in C:\xampp\htdocs\clone\DartoMakanYuyu\cross_ci3\system\Format\JSONFormatter.php:41
Stack trace:
#0 C:\xampp\htdocs\clone\DartoMakanYuyu\cross_ci3\system\Format\JSONFormatter.php(41): CodeIgniter\Format\Exceptions\FormatException::forInvalidJSON('Type is not sup...')
#1 C:\xampp\htdocs\clone\DartoMakanYuyu\cross_ci3\system\API\ResponseTrait.php(346): CodeIgniter\Format\JSONFormatter->format(Array)
#2 C:\xampp\htdocs\clone\DartoMakanYuyu\cross_ci3\system\API\ResponseTrait.php(99): CodeIgniter\Debug\Exceptions->format(Array)
#3 C:\xampp\htdocs\clone\DartoMakanYuyu\cross_ci3\system\Debug\Exceptions.php(145): CodeIgniter\Debug\Exceptions->respond(Array, 500)
#4 [internal function]: CodeIgniter\Debug\Exceptions->exceptionHandler(Object(ErrorException))
#5 {main}
  thrown
【Previous Exception】
ErrorException
Attempt to read property "dilayani" on null
#0 C:\xampp\htdocs\clone\DartoMakanYuyu\cross_ci3\app\Controllers\Apotek.php(433): CodeIgniter\Debug\Exceptions->errorHandler(2, 'Attempt to read...', 'C:\\xampp\\htdocs...', 433)
#1 C:\xampp\htdocs\clone\DartoMakanYuyu\cross_ci3\system\CodeIgniter.php(934): App\Controllers\Apotek->CreateOrderResepRWJ()
#2 C:\xampp\htdocs\clone\DartoMakanYuyu\cross_ci3\system\CodeIgniter.php(499): CodeIgniter\CodeIgniter->runController(Object(App\Controllers\Apotek))
#3 C:\xampp\htdocs\clone\DartoMakanYuyu\cross_ci3\system\CodeIgniter.php(368): CodeIgniter\CodeIgniter->handleRequest(NULL, Object(Config\Cache), false)
#4 C:\xampp\htdocs\clone\DartoMakanYuyu\cross_ci3\index.php(67): CodeIgniter\CodeIgniter->run()
#5 {main}
in SYSTEMPATH\Format\JSONFormatter.php on line 41.
 1 [internal function]: CodeIgniter\Debug\Exceptions->shutdownHandler()
INFO - 2023-08-30 06:40:56 --> Session: Class initialized using 'CodeIgniter\Session\Handlers\FileHandler' driver.
CRITICAL - 2023-08-30 06:41:28 --> Undefined variable $query_detRacik
in APPPATH\Controllers\Apotek.php on line 387.
 1 APPPATH\Controllers\Apotek.php(387): CodeIgniter\Debug\Exceptions->errorHandler(2, 'Undefined variable $query_detRacik', 'APPPATH\\Controllers\\Apotek.php', 387)
 2 SYSTEMPATH\CodeIgniter.php(934): App\Controllers\Apotek->getData_erm_eresepRWJ()
 3 SYSTEMPATH\CodeIgniter.php(499): CodeIgniter\CodeIgniter->runController(Object(App\Controllers\Apotek))
 4 SYSTEMPATH\CodeIgniter.php(368): CodeIgniter\CodeIgniter->handleRequest(null, Object(Config\Cache), false)
 5 FCPATH\index.php(67): CodeIgniter\CodeIgniter->run()
CRITICAL - 2023-08-30 06:41:28 --> Uncaught CodeIgniter\Format\Exceptions\FormatException: Failed to parse JSON string. Error: Type is not supported in C:\xampp\htdocs\clone\DartoMakanYuyu\cross_ci3\system\Format\JSONFormatter.php:41
Stack trace:
#0 C:\xampp\htdocs\clone\DartoMakanYuyu\cross_ci3\system\Format\JSONFormatter.php(41): CodeIgniter\Format\Exceptions\FormatException::forInvalidJSON('Type is not sup...')
#1 C:\xampp\htdocs\clone\DartoMakanYuyu\cross_ci3\system\API\ResponseTrait.php(346): CodeIgniter\Format\JSONFormatter->format(Array)
#2 C:\xampp\htdocs\clone\DartoMakanYuyu\cross_ci3\system\API\ResponseTrait.php(99): CodeIgniter\Debug\Exceptions->format(Array)
#3 C:\xampp\htdocs\clone\DartoMakanYuyu\cross_ci3\system\Debug\Exceptions.php(145): CodeIgniter\Debug\Exceptions->respond(Array, 500)
#4 [internal function]: CodeIgniter\Debug\Exceptions->exceptionHandler(Object(ErrorException))
#5 {main}
  thrown
【Previous Exception】
ErrorException
Undefined variable $query_detRacik
#0 C:\xampp\htdocs\clone\DartoMakanYuyu\cross_ci3\app\Controllers\Apotek.php(387): CodeIgniter\Debug\Exceptions->errorHandler(2, 'Undefined varia...', 'C:\\xampp\\htdocs...', 387)
#1 C:\xampp\htdocs\clone\DartoMakanYuyu\cross_ci3\system\CodeIgniter.php(934): App\Controllers\Apotek->getData_erm_eresepRWJ()
#2 C:\xampp\htdocs\clone\DartoMakanYuyu\cross_ci3\system\CodeIgniter.php(499): CodeIgniter\CodeIgniter->runController(Object(App\Controllers\Apotek))
#3 C:\xampp\htdocs\clone\DartoMakanYuyu\cross_ci3\system\CodeIgniter.php(368): CodeIgniter\CodeIgniter->handleRequest(NULL, Object(Config\Cache), false)
#4 C:\xampp\htdocs\clone\DartoMakanYuyu\cross_ci3\index.php(67): CodeIgniter\CodeIgniter->run()
#5 {main}
in SYSTEMPATH\Format\JSONFormatter.php on line 41.
 1 [internal function]: CodeIgniter\Debug\Exceptions->shutdownHandler()
CRITICAL - 2023-08-30 06:41:56 --> Undefined variable $query_detRacik
in APPPATH\Controllers\Apotek.php on line 387.
 1 APPPATH\Controllers\Apotek.php(387): CodeIgniter\Debug\Exceptions->errorHandler(2, 'Undefined variable $query_detRacik', 'APPPATH\\Controllers\\Apotek.php', 387)
 2 SYSTEMPATH\CodeIgniter.php(934): App\Controllers\Apotek->getData_erm_eresepRWJ()
 3 SYSTEMPATH\CodeIgniter.php(499): CodeIgniter\CodeIgniter->runController(Object(App\Controllers\Apotek))
 4 SYSTEMPATH\CodeIgniter.php(368): CodeIgniter\CodeIgniter->handleRequest(null, Object(Config\Cache), false)
 5 FCPATH\index.php(67): CodeIgniter\CodeIgniter->run()
CRITICAL - 2023-08-30 06:41:56 --> Uncaught CodeIgniter\Format\Exceptions\FormatException: Failed to parse JSON string. Error: Type is not supported in C:\xampp\htdocs\clone\DartoMakanYuyu\cross_ci3\system\Format\JSONFormatter.php:41
Stack trace:
#0 C:\xampp\htdocs\clone\DartoMakanYuyu\cross_ci3\system\Format\JSONFormatter.php(41): CodeIgniter\Format\Exceptions\FormatException::forInvalidJSON('Type is not sup...')
#1 C:\xampp\htdocs\clone\DartoMakanYuyu\cross_ci3\system\API\ResponseTrait.php(346): CodeIgniter\Format\JSONFormatter->format(Array)
#2 C:\xampp\htdocs\clone\DartoMakanYuyu\cross_ci3\system\API\ResponseTrait.php(99): CodeIgniter\Debug\Exceptions->format(Array)
#3 C:\xampp\htdocs\clone\DartoMakanYuyu\cross_ci3\system\Debug\Exceptions.php(145): CodeIgniter\Debug\Exceptions->respond(Array, 500)
#4 [internal function]: CodeIgniter\Debug\Exceptions->exceptionHandler(Object(ErrorException))
#5 {main}
  thrown
【Previous Exception】
ErrorException
Undefined variable $query_detRacik
#0 C:\xampp\htdocs\clone\DartoMakanYuyu\cross_ci3\app\Controllers\Apotek.php(387): CodeIgniter\Debug\Exceptions->errorHandler(2, 'Undefined varia...', 'C:\\xampp\\htdocs...', 387)
#1 C:\xampp\htdocs\clone\DartoMakanYuyu\cross_ci3\system\CodeIgniter.php(934): App\Controllers\Apotek->getData_erm_eresepRWJ()
#2 C:\xampp\htdocs\clone\DartoMakanYuyu\cross_ci3\system\CodeIgniter.php(499): CodeIgniter\CodeIgniter->runController(Object(App\Controllers\Apotek))
#3 C:\xampp\htdocs\clone\DartoMakanYuyu\cross_ci3\system\CodeIgniter.php(368): CodeIgniter\CodeIgniter->handleRequest(NULL, Object(Config\Cache), false)
#4 C:\xampp\htdocs\clone\DartoMakanYuyu\cross_ci3\index.php(67): CodeIgniter\CodeIgniter->run()
#5 {main}
in SYSTEMPATH\Format\JSONFormatter.php on line 41.
 1 [internal function]: CodeIgniter\Debug\Exceptions->shutdownHandler()
CRITICAL - 2023-08-30 06:44:29 --> Undefined variable $query_detRacik
in APPPATH\Controllers\Apotek.php on line 387.
 1 APPPATH\Controllers\Apotek.php(387): CodeIgniter\Debug\Exceptions->errorHandler(2, 'Undefined variable $query_detRacik', 'APPPATH\\Controllers\\Apotek.php', 387)
 2 SYSTEMPATH\CodeIgniter.php(934): App\Controllers\Apotek->getData_erm_eresepRWJ()
 3 SYSTEMPATH\CodeIgniter.php(499): CodeIgniter\CodeIgniter->runController(Object(App\Controllers\Apotek))
 4 SYSTEMPATH\CodeIgniter.php(368): CodeIgniter\CodeIgniter->handleRequest(null, Object(Config\Cache), false)
 5 FCPATH\index.php(67): CodeIgniter\CodeIgniter->run()
CRITICAL - 2023-08-30 06:44:29 --> Uncaught CodeIgniter\Format\Exceptions\FormatException: Failed to parse JSON string. Error: Type is not supported in C:\xampp\htdocs\clone\DartoMakanYuyu\cross_ci3\system\Format\JSONFormatter.php:41
Stack trace:
#0 C:\xampp\htdocs\clone\DartoMakanYuyu\cross_ci3\system\Format\JSONFormatter.php(41): CodeIgniter\Format\Exceptions\FormatException::forInvalidJSON('Type is not sup...')
#1 C:\xampp\htdocs\clone\DartoMakanYuyu\cross_ci3\system\API\ResponseTrait.php(346): CodeIgniter\Format\JSONFormatter->format(Array)
#2 C:\xampp\htdocs\clone\DartoMakanYuyu\cross_ci3\system\API\ResponseTrait.php(99): CodeIgniter\Debug\Exceptions->format(Array)
#3 C:\xampp\htdocs\clone\DartoMakanYuyu\cross_ci3\system\Debug\Exceptions.php(145): CodeIgniter\Debug\Exceptions->respond(Array, 500)
#4 [internal function]: CodeIgniter\Debug\Exceptions->exceptionHandler(Object(ErrorException))
#5 {main}
  thrown
【Previous Exception】
ErrorException
Undefined variable $query_detRacik
#0 C:\xampp\htdocs\clone\DartoMakanYuyu\cross_ci3\app\Controllers\Apotek.php(387): CodeIgniter\Debug\Exceptions->errorHandler(2, 'Undefined varia...', 'C:\\xampp\\htdocs...', 387)
#1 C:\xampp\htdocs\clone\DartoMakanYuyu\cross_ci3\system\CodeIgniter.php(934): App\Controllers\Apotek->getData_erm_eresepRWJ()
#2 C:\xampp\htdocs\clone\DartoMakanYuyu\cross_ci3\system\CodeIgniter.php(499): CodeIgniter\CodeIgniter->runController(Object(App\Controllers\Apotek))
#3 C:\xampp\htdocs\clone\DartoMakanYuyu\cross_ci3\system\CodeIgniter.php(368): CodeIgniter\CodeIgniter->handleRequest(NULL, Object(Config\Cache), false)
#4 C:\xampp\htdocs\clone\DartoMakanYuyu\cross_ci3\index.php(67): CodeIgniter\CodeIgniter->run()
#5 {main}
in SYSTEMPATH\Format\JSONFormatter.php on line 41.
 1 [internal function]: CodeIgniter\Debug\Exceptions->shutdownHandler()
CRITICAL - 2023-08-30 06:44:55 --> Undefined variable $query_detRacik
in APPPATH\Controllers\Apotek.php on line 387.
 1 APPPATH\Controllers\Apotek.php(387): CodeIgniter\Debug\Exceptions->errorHandler(2, 'Undefined variable $query_detRacik', 'APPPATH\\Controllers\\Apotek.php', 387)
 2 SYSTEMPATH\CodeIgniter.php(934): App\Controllers\Apotek->getData_erm_eresepRWJ()
 3 SYSTEMPATH\CodeIgniter.php(499): CodeIgniter\CodeIgniter->runController(Object(App\Controllers\Apotek))
 4 SYSTEMPATH\CodeIgniter.php(368): CodeIgniter\CodeIgniter->handleRequest(null, Object(Config\Cache), false)
 5 FCPATH\index.php(67): CodeIgniter\CodeIgniter->run()
CRITICAL - 2023-08-30 06:44:55 --> Uncaught CodeIgniter\Format\Exceptions\FormatException: Failed to parse JSON string. Error: Type is not supported in C:\xampp\htdocs\clone\DartoMakanYuyu\cross_ci3\system\Format\JSONFormatter.php:41
Stack trace:
#0 C:\xampp\htdocs\clone\DartoMakanYuyu\cross_ci3\system\Format\JSONFormatter.php(41): CodeIgniter\Format\Exceptions\FormatException::forInvalidJSON('Type is not sup...')
#1 C:\xampp\htdocs\clone\DartoMakanYuyu\cross_ci3\system\API\ResponseTrait.php(346): CodeIgniter\Format\JSONFormatter->format(Array)
#2 C:\xampp\htdocs\clone\DartoMakanYuyu\cross_ci3\system\API\ResponseTrait.php(99): CodeIgniter\Debug\Exceptions->format(Array)
#3 C:\xampp\htdocs\clone\DartoMakanYuyu\cross_ci3\system\Debug\Exceptions.php(145): CodeIgniter\Debug\Exceptions->respond(Array, 500)
#4 [internal function]: CodeIgniter\Debug\Exceptions->exceptionHandler(Object(ErrorException))
#5 {main}
  thrown
【Previous Exception】
ErrorException
Undefined variable $query_detRacik
#0 C:\xampp\htdocs\clone\DartoMakanYuyu\cross_ci3\app\Controllers\Apotek.php(387): CodeIgniter\Debug\Exceptions->errorHandler(2, 'Undefined varia...', 'C:\\xampp\\htdocs...', 387)
#1 C:\xampp\htdocs\clone\DartoMakanYuyu\cross_ci3\system\CodeIgniter.php(934): App\Controllers\Apotek->getData_erm_eresepRWJ()
#2 C:\xampp\htdocs\clone\DartoMakanYuyu\cross_ci3\system\CodeIgniter.php(499): CodeIgniter\CodeIgniter->runController(Object(App\Controllers\Apotek))
#3 C:\xampp\htdocs\clone\DartoMakanYuyu\cross_ci3\system\CodeIgniter.php(368): CodeIgniter\CodeIgniter->handleRequest(NULL, Object(Config\Cache), false)
#4 C:\xampp\htdocs\clone\DartoMakanYuyu\cross_ci3\index.php(67): CodeIgniter\CodeIgniter->run()
#5 {main}
in SYSTEMPATH\Format\JSONFormatter.php on line 41.
 1 [internal function]: CodeIgniter\Debug\Exceptions->shutdownHandler()
INFO - 2023-08-30 06:53:42 --> Session: Class initialized using 'CodeIgniter\Session\Handlers\FileHandler' driver.
ERROR - 2023-08-30 06:54:30 --> ErrorException: pg_query(): Query failed: ERROR:  column &quot;qty_racik&quot; does not exist
LINE 2: ...                       jns_racikan, ord.id_signa, qty_racik,...
                                                             ^ in C:\xampp\htdocs\clone\DartoMakanYuyu\cross_ci3\system\Database\Postgre\Connection.php:147
Stack trace:
#0 [internal function]: CodeIgniter\Debug\Exceptions->errorHandler(2, 'pg_query(): Que...', 'C:\\xampp\\htdocs...', 147)
#1 C:\xampp\htdocs\clone\DartoMakanYuyu\cross_ci3\system\Database\Postgre\Connection.php(147): pg_query(Resource id #136, ' SELECT\r\n      ...')
#2 C:\xampp\htdocs\clone\DartoMakanYuyu\cross_ci3\system\Database\BaseConnection.php(691): CodeIgniter\Database\Postgre\Connection->execute(' SELECT\r\n      ...')
#3 C:\xampp\htdocs\clone\DartoMakanYuyu\cross_ci3\system\Database\BaseConnection.php(605): CodeIgniter\Database\BaseConnection->simpleQuery(' SELECT\r\n      ...')
#4 C:\xampp\htdocs\clone\DartoMakanYuyu\cross_ci3\app\Controllers\Apotek.php(367): CodeIgniter\Database\BaseConnection->query(' SELECT\r\n      ...')
#5 C:\xampp\htdocs\clone\DartoMakanYuyu\cross_ci3\system\CodeIgniter.php(934): App\Controllers\Apotek->getData_erm_eresepRWJ()
#6 C:\xampp\htdocs\clone\DartoMakanYuyu\cross_ci3\system\CodeIgniter.php(499): CodeIgniter\CodeIgniter->runController(Object(App\Controllers\Apotek))
#7 C:\xampp\htdocs\clone\DartoMakanYuyu\cross_ci3\system\CodeIgniter.php(368): CodeIgniter\CodeIgniter->handleRequest(NULL, Object(Config\Cache), false)
#8 C:\xampp\htdocs\clone\DartoMakanYuyu\cross_ci3\index.php(67): CodeIgniter\CodeIgniter->run()
#9 {main}
CRITICAL - 2023-08-30 06:54:30 --> Call to a member function getNumRows() on bool
in APPPATH\Controllers\Apotek.php on line 367.
 1 SYSTEMPATH\CodeIgniter.php(934): App\Controllers\Apotek->getData_erm_eresepRWJ()
 2 SYSTEMPATH\CodeIgniter.php(499): CodeIgniter\CodeIgniter->runController(Object(App\Controllers\Apotek))
 3 SYSTEMPATH\CodeIgniter.php(368): CodeIgniter\CodeIgniter->handleRequest(null, Object(Config\Cache), false)
 4 FCPATH\index.php(67): CodeIgniter\CodeIgniter->run()
CRITICAL - 2023-08-30 06:54:30 --> Uncaught CodeIgniter\Format\Exceptions\FormatException: Failed to parse JSON string. Error: Type is not supported in C:\xampp\htdocs\clone\DartoMakanYuyu\cross_ci3\system\Format\JSONFormatter.php:41
Stack trace:
#0 C:\xampp\htdocs\clone\DartoMakanYuyu\cross_ci3\system\Format\JSONFormatter.php(41): CodeIgniter\Format\Exceptions\FormatException::forInvalidJSON('Type is not sup...')
#1 C:\xampp\htdocs\clone\DartoMakanYuyu\cross_ci3\system\API\ResponseTrait.php(346): CodeIgniter\Format\JSONFormatter->format(Array)
#2 C:\xampp\htdocs\clone\DartoMakanYuyu\cross_ci3\system\API\ResponseTrait.php(99): CodeIgniter\Debug\Exceptions->format(Array)
#3 C:\xampp\htdocs\clone\DartoMakanYuyu\cross_ci3\system\Debug\Exceptions.php(145): CodeIgniter\Debug\Exceptions->respond(Array, 500)
#4 [internal function]: CodeIgniter\Debug\Exceptions->exceptionHandler(Object(Error))
#5 {main}
  thrown
【Previous Exception】
Error
Call to a member function getNumRows() on bool
#0 C:\xampp\htdocs\clone\DartoMakanYuyu\cross_ci3\system\CodeIgniter.php(934): App\Controllers\Apotek->getData_erm_eresepRWJ()
#1 C:\xampp\htdocs\clone\DartoMakanYuyu\cross_ci3\system\CodeIgniter.php(499): CodeIgniter\CodeIgniter->runController(Object(App\Controllers\Apotek))
#2 C:\xampp\htdocs\clone\DartoMakanYuyu\cross_ci3\system\CodeIgniter.php(368): CodeIgniter\CodeIgniter->handleRequest(NULL, Object(Config\Cache), false)
#3 C:\xampp\htdocs\clone\DartoMakanYuyu\cross_ci3\index.php(67): CodeIgniter\CodeIgniter->run()
#4 {main}
in SYSTEMPATH\Format\JSONFormatter.php on line 41.
 1 [internal function]: CodeIgniter\Debug\Exceptions->shutdownHandler()
ERROR - 2023-08-30 06:55:42 --> ErrorException: pg_query(): Query failed: ERROR:  column &quot;qty_racik&quot; does not exist
LINE 2: ...                       jns_racikan, ord.id_signa, qty_racik,...
                                                             ^ in C:\xampp\htdocs\clone\DartoMakanYuyu\cross_ci3\system\Database\Postgre\Connection.php:147
Stack trace:
#0 [internal function]: CodeIgniter\Debug\Exceptions->errorHandler(2, 'pg_query(): Que...', 'C:\\xampp\\htdocs...', 147)
#1 C:\xampp\htdocs\clone\DartoMakanYuyu\cross_ci3\system\Database\Postgre\Connection.php(147): pg_query(Resource id #136, ' SELECT\r\n      ...')
#2 C:\xampp\htdocs\clone\DartoMakanYuyu\cross_ci3\system\Database\BaseConnection.php(691): CodeIgniter\Database\Postgre\Connection->execute(' SELECT\r\n      ...')
#3 C:\xampp\htdocs\clone\DartoMakanYuyu\cross_ci3\system\Database\BaseConnection.php(605): CodeIgniter\Database\BaseConnection->simpleQuery(' SELECT\r\n      ...')
#4 C:\xampp\htdocs\clone\DartoMakanYuyu\cross_ci3\app\Controllers\Apotek.php(367): CodeIgniter\Database\BaseConnection->query(' SELECT\r\n      ...')
#5 C:\xampp\htdocs\clone\DartoMakanYuyu\cross_ci3\system\CodeIgniter.php(934): App\Controllers\Apotek->getData_erm_eresepRWJ()
#6 C:\xampp\htdocs\clone\DartoMakanYuyu\cross_ci3\system\CodeIgniter.php(499): CodeIgniter\CodeIgniter->runController(Object(App\Controllers\Apotek))
#7 C:\xampp\htdocs\clone\DartoMakanYuyu\cross_ci3\system\CodeIgniter.php(368): CodeIgniter\CodeIgniter->handleRequest(NULL, Object(Config\Cache), false)
#8 C:\xampp\htdocs\clone\DartoMakanYuyu\cross_ci3\index.php(67): CodeIgniter\CodeIgniter->run()
#9 {main}
CRITICAL - 2023-08-30 06:55:42 --> Call to a member function getNumRows() on bool
in APPPATH\Controllers\Apotek.php on line 367.
 1 SYSTEMPATH\CodeIgniter.php(934): App\Controllers\Apotek->getData_erm_eresepRWJ()
 2 SYSTEMPATH\CodeIgniter.php(499): CodeIgniter\CodeIgniter->runController(Object(App\Controllers\Apotek))
 3 SYSTEMPATH\CodeIgniter.php(368): CodeIgniter\CodeIgniter->handleRequest(null, Object(Config\Cache), false)
 4 FCPATH\index.php(67): CodeIgniter\CodeIgniter->run()
CRITICAL - 2023-08-30 06:55:42 --> Uncaught CodeIgniter\Format\Exceptions\FormatException: Failed to parse JSON string. Error: Type is not supported in C:\xampp\htdocs\clone\DartoMakanYuyu\cross_ci3\system\Format\JSONFormatter.php:41
Stack trace:
#0 C:\xampp\htdocs\clone\DartoMakanYuyu\cross_ci3\system\Format\JSONFormatter.php(41): CodeIgniter\Format\Exceptions\FormatException::forInvalidJSON('Type is not sup...')
#1 C:\xampp\htdocs\clone\DartoMakanYuyu\cross_ci3\system\API\ResponseTrait.php(346): CodeIgniter\Format\JSONFormatter->format(Array)
#2 C:\xampp\htdocs\clone\DartoMakanYuyu\cross_ci3\system\API\ResponseTrait.php(99): CodeIgniter\Debug\Exceptions->format(Array)
#3 C:\xampp\htdocs\clone\DartoMakanYuyu\cross_ci3\system\Debug\Exceptions.php(145): CodeIgniter\Debug\Exceptions->respond(Array, 500)
#4 [internal function]: CodeIgniter\Debug\Exceptions->exceptionHandler(Object(Error))
#5 {main}
  thrown
【Previous Exception】
Error
Call to a member function getNumRows() on bool
#0 C:\xampp\htdocs\clone\DartoMakanYuyu\cross_ci3\system\CodeIgniter.php(934): App\Controllers\Apotek->getData_erm_eresepRWJ()
#1 C:\xampp\htdocs\clone\DartoMakanYuyu\cross_ci3\system\CodeIgniter.php(499): CodeIgniter\CodeIgniter->runController(Object(App\Controllers\Apotek))
#2 C:\xampp\htdocs\clone\DartoMakanYuyu\cross_ci3\system\CodeIgniter.php(368): CodeIgniter\CodeIgniter->handleRequest(NULL, Object(Config\Cache), false)
#3 C:\xampp\htdocs\clone\DartoMakanYuyu\cross_ci3\index.php(67): CodeIgniter\CodeIgniter->run()
#4 {main}
in SYSTEMPATH\Format\JSONFormatter.php on line 41.
 1 [internal function]: CodeIgniter\Debug\Exceptions->shutdownHandler()
ERROR - 2023-08-30 07:02:12 --> ErrorException: pg_query(): Query failed: ERROR:  column &quot;qty_racik&quot; does not exist
LINE 2: ...                       jns_racikan, ord.id_signa, qty_racik,...
                                                             ^ in C:\xampp\htdocs\clone\DartoMakanYuyu\cross_ci3\system\Database\Postgre\Connection.php:147
Stack trace:
#0 [internal function]: CodeIgniter\Debug\Exceptions->errorHandler(2, 'pg_query(): Que...', 'C:\\xampp\\htdocs...', 147)
#1 C:\xampp\htdocs\clone\DartoMakanYuyu\cross_ci3\system\Database\Postgre\Connection.php(147): pg_query(Resource id #136, ' SELECT\r\n      ...')
#2 C:\xampp\htdocs\clone\DartoMakanYuyu\cross_ci3\system\Database\BaseConnection.php(691): CodeIgniter\Database\Postgre\Connection->execute(' SELECT\r\n      ...')
#3 C:\xampp\htdocs\clone\DartoMakanYuyu\cross_ci3\system\Database\BaseConnection.php(605): CodeIgniter\Database\BaseConnection->simpleQuery(' SELECT\r\n      ...')
#4 C:\xampp\htdocs\clone\DartoMakanYuyu\cross_ci3\app\Controllers\Apotek.php(367): CodeIgniter\Database\BaseConnection->query(' SELECT\r\n      ...')
#5 C:\xampp\htdocs\clone\DartoMakanYuyu\cross_ci3\system\CodeIgniter.php(934): App\Controllers\Apotek->getData_erm_eresepRWJ()
#6 C:\xampp\htdocs\clone\DartoMakanYuyu\cross_ci3\system\CodeIgniter.php(499): CodeIgniter\CodeIgniter->runController(Object(App\Controllers\Apotek))
#7 C:\xampp\htdocs\clone\DartoMakanYuyu\cross_ci3\system\CodeIgniter.php(368): CodeIgniter\CodeIgniter->handleRequest(NULL, Object(Config\Cache), false)
#8 C:\xampp\htdocs\clone\DartoMakanYuyu\cross_ci3\index.php(67): CodeIgniter\CodeIgniter->run()
#9 {main}
CRITICAL - 2023-08-30 07:02:12 --> Call to a member function getNumRows() on bool
in APPPATH\Controllers\Apotek.php on line 367.
 1 SYSTEMPATH\CodeIgniter.php(934): App\Controllers\Apotek->getData_erm_eresepRWJ()
 2 SYSTEMPATH\CodeIgniter.php(499): CodeIgniter\CodeIgniter->runController(Object(App\Controllers\Apotek))
 3 SYSTEMPATH\CodeIgniter.php(368): CodeIgniter\CodeIgniter->handleRequest(null, Object(Config\Cache), false)
 4 FCPATH\index.php(67): CodeIgniter\CodeIgniter->run()
CRITICAL - 2023-08-30 07:02:12 --> Uncaught CodeIgniter\Format\Exceptions\FormatException: Failed to parse JSON string. Error: Type is not supported in C:\xampp\htdocs\clone\DartoMakanYuyu\cross_ci3\system\Format\JSONFormatter.php:41
Stack trace:
#0 C:\xampp\htdocs\clone\DartoMakanYuyu\cross_ci3\system\Format\JSONFormatter.php(41): CodeIgniter\Format\Exceptions\FormatException::forInvalidJSON('Type is not sup...')
#1 C:\xampp\htdocs\clone\DartoMakanYuyu\cross_ci3\system\API\ResponseTrait.php(346): CodeIgniter\Format\JSONFormatter->format(Array)
#2 C:\xampp\htdocs\clone\DartoMakanYuyu\cross_ci3\system\API\ResponseTrait.php(99): CodeIgniter\Debug\Exceptions->format(Array)
#3 C:\xampp\htdocs\clone\DartoMakanYuyu\cross_ci3\system\Debug\Exceptions.php(145): CodeIgniter\Debug\Exceptions->respond(Array, 500)
#4 [internal function]: CodeIgniter\Debug\Exceptions->exceptionHandler(Object(Error))
#5 {main}
  thrown
【Previous Exception】
Error
Call to a member function getNumRows() on bool
#0 C:\xampp\htdocs\clone\DartoMakanYuyu\cross_ci3\system\CodeIgniter.php(934): App\Controllers\Apotek->getData_erm_eresepRWJ()
#1 C:\xampp\htdocs\clone\DartoMakanYuyu\cross_ci3\system\CodeIgniter.php(499): CodeIgniter\CodeIgniter->runController(Object(App\Controllers\Apotek))
#2 C:\xampp\htdocs\clone\DartoMakanYuyu\cross_ci3\system\CodeIgniter.php(368): CodeIgniter\CodeIgniter->handleRequest(NULL, Object(Config\Cache), false)
#3 C:\xampp\htdocs\clone\DartoMakanYuyu\cross_ci3\index.php(67): CodeIgniter\CodeIgniter->run()
#4 {main}
in SYSTEMPATH\Format\JSONFormatter.php on line 41.
 1 [internal function]: CodeIgniter\Debug\Exceptions->shutdownHandler()
ERROR - 2023-08-30 07:03:49 --> ErrorException: pg_query(): Query failed: ERROR:  column &quot;qty_racik&quot; does not exist
LINE 2: ...                       jns_racikan, ord.id_signa, qty_racik,...
                                                             ^ in C:\xampp\htdocs\clone\DartoMakanYuyu\cross_ci3\system\Database\Postgre\Connection.php:147
Stack trace:
#0 [internal function]: CodeIgniter\Debug\Exceptions->errorHandler(2, 'pg_query(): Que...', 'C:\\xampp\\htdocs...', 147)
#1 C:\xampp\htdocs\clone\DartoMakanYuyu\cross_ci3\system\Database\Postgre\Connection.php(147): pg_query(Resource id #136, ' SELECT\r\n      ...')
#2 C:\xampp\htdocs\clone\DartoMakanYuyu\cross_ci3\system\Database\BaseConnection.php(691): CodeIgniter\Database\Postgre\Connection->execute(' SELECT\r\n      ...')
#3 C:\xampp\htdocs\clone\DartoMakanYuyu\cross_ci3\system\Database\BaseConnection.php(605): CodeIgniter\Database\BaseConnection->simpleQuery(' SELECT\r\n      ...')
#4 C:\xampp\htdocs\clone\DartoMakanYuyu\cross_ci3\app\Controllers\Apotek.php(367): CodeIgniter\Database\BaseConnection->query(' SELECT\r\n      ...')
#5 C:\xampp\htdocs\clone\DartoMakanYuyu\cross_ci3\system\CodeIgniter.php(934): App\Controllers\Apotek->getData_erm_eresepRWJ()
#6 C:\xampp\htdocs\clone\DartoMakanYuyu\cross_ci3\system\CodeIgniter.php(499): CodeIgniter\CodeIgniter->runController(Object(App\Controllers\Apotek))
#7 C:\xampp\htdocs\clone\DartoMakanYuyu\cross_ci3\system\CodeIgniter.php(368): CodeIgniter\CodeIgniter->handleRequest(NULL, Object(Config\Cache), false)
#8 C:\xampp\htdocs\clone\DartoMakanYuyu\cross_ci3\index.php(67): CodeIgniter\CodeIgniter->run()
#9 {main}
CRITICAL - 2023-08-30 07:03:49 --> Call to a member function getNumRows() on bool
in APPPATH\Controllers\Apotek.php on line 367.
 1 SYSTEMPATH\CodeIgniter.php(934): App\Controllers\Apotek->getData_erm_eresepRWJ()
 2 SYSTEMPATH\CodeIgniter.php(499): CodeIgniter\CodeIgniter->runController(Object(App\Controllers\Apotek))
 3 SYSTEMPATH\CodeIgniter.php(368): CodeIgniter\CodeIgniter->handleRequest(null, Object(Config\Cache), false)
 4 FCPATH\index.php(67): CodeIgniter\CodeIgniter->run()
CRITICAL - 2023-08-30 07:03:49 --> Uncaught CodeIgniter\Format\Exceptions\FormatException: Failed to parse JSON string. Error: Type is not supported in C:\xampp\htdocs\clone\DartoMakanYuyu\cross_ci3\system\Format\JSONFormatter.php:41
Stack trace:
#0 C:\xampp\htdocs\clone\DartoMakanYuyu\cross_ci3\system\Format\JSONFormatter.php(41): CodeIgniter\Format\Exceptions\FormatException::forInvalidJSON('Type is not sup...')
#1 C:\xampp\htdocs\clone\DartoMakanYuyu\cross_ci3\system\API\ResponseTrait.php(346): CodeIgniter\Format\JSONFormatter->format(Array)
#2 C:\xampp\htdocs\clone\DartoMakanYuyu\cross_ci3\system\API\ResponseTrait.php(99): CodeIgniter\Debug\Exceptions->format(Array)
#3 C:\xampp\htdocs\clone\DartoMakanYuyu\cross_ci3\system\Debug\Exceptions.php(145): CodeIgniter\Debug\Exceptions->respond(Array, 500)
#4 [internal function]: CodeIgniter\Debug\Exceptions->exceptionHandler(Object(Error))
#5 {main}
  thrown
【Previous Exception】
Error
Call to a member function getNumRows() on bool
#0 C:\xampp\htdocs\clone\DartoMakanYuyu\cross_ci3\system\CodeIgniter.php(934): App\Controllers\Apotek->getData_erm_eresepRWJ()
#1 C:\xampp\htdocs\clone\DartoMakanYuyu\cross_ci3\system\CodeIgniter.php(499): CodeIgniter\CodeIgniter->runController(Object(App\Controllers\Apotek))
#2 C:\xampp\htdocs\clone\DartoMakanYuyu\cross_ci3\system\CodeIgniter.php(368): CodeIgniter\CodeIgniter->handleRequest(NULL, Object(Config\Cache), false)
#3 C:\xampp\htdocs\clone\DartoMakanYuyu\cross_ci3\index.php(67): CodeIgniter\CodeIgniter->run()
#4 {main}
in SYSTEMPATH\Format\JSONFormatter.php on line 41.
 1 [internal function]: CodeIgniter\Debug\Exceptions->shutdownHandler()
ERROR - 2023-08-30 07:04:58 --> ErrorException: pg_query(): Query failed: ERROR:  column &quot;qty_racik&quot; does not exist
LINE 2: ...                       jns_racikan, ord.id_signa, qty_racik,...
                                                             ^ in C:\xampp\htdocs\clone\DartoMakanYuyu\cross_ci3\system\Database\Postgre\Connection.php:147
Stack trace:
#0 [internal function]: CodeIgniter\Debug\Exceptions->errorHandler(2, 'pg_query(): Que...', 'C:\\xampp\\htdocs...', 147)
#1 C:\xampp\htdocs\clone\DartoMakanYuyu\cross_ci3\system\Database\Postgre\Connection.php(147): pg_query(Resource id #136, ' SELECT\r\n      ...')
#2 C:\xampp\htdocs\clone\DartoMakanYuyu\cross_ci3\system\Database\BaseConnection.php(691): CodeIgniter\Database\Postgre\Connection->execute(' SELECT\r\n      ...')
#3 C:\xampp\htdocs\clone\DartoMakanYuyu\cross_ci3\system\Database\BaseConnection.php(605): CodeIgniter\Database\BaseConnection->simpleQuery(' SELECT\r\n      ...')
#4 C:\xampp\htdocs\clone\DartoMakanYuyu\cross_ci3\app\Controllers\Apotek.php(367): CodeIgniter\Database\BaseConnection->query(' SELECT\r\n      ...')
#5 C:\xampp\htdocs\clone\DartoMakanYuyu\cross_ci3\system\CodeIgniter.php(934): App\Controllers\Apotek->getData_erm_eresepRWJ()
#6 C:\xampp\htdocs\clone\DartoMakanYuyu\cross_ci3\system\CodeIgniter.php(499): CodeIgniter\CodeIgniter->runController(Object(App\Controllers\Apotek))
#7 C:\xampp\htdocs\clone\DartoMakanYuyu\cross_ci3\system\CodeIgniter.php(368): CodeIgniter\CodeIgniter->handleRequest(NULL, Object(Config\Cache), false)
#8 C:\xampp\htdocs\clone\DartoMakanYuyu\cross_ci3\index.php(67): CodeIgniter\CodeIgniter->run()
#9 {main}
CRITICAL - 2023-08-30 07:04:58 --> Call to a member function getNumRows() on bool
in APPPATH\Controllers\Apotek.php on line 367.
 1 SYSTEMPATH\CodeIgniter.php(934): App\Controllers\Apotek->getData_erm_eresepRWJ()
 2 SYSTEMPATH\CodeIgniter.php(499): CodeIgniter\CodeIgniter->runController(Object(App\Controllers\Apotek))
 3 SYSTEMPATH\CodeIgniter.php(368): CodeIgniter\CodeIgniter->handleRequest(null, Object(Config\Cache), false)
 4 FCPATH\index.php(67): CodeIgniter\CodeIgniter->run()
CRITICAL - 2023-08-30 07:04:58 --> Uncaught CodeIgniter\Format\Exceptions\FormatException: Failed to parse JSON string. Error: Type is not supported in C:\xampp\htdocs\clone\DartoMakanYuyu\cross_ci3\system\Format\JSONFormatter.php:41
Stack trace:
#0 C:\xampp\htdocs\clone\DartoMakanYuyu\cross_ci3\system\Format\JSONFormatter.php(41): CodeIgniter\Format\Exceptions\FormatException::forInvalidJSON('Type is not sup...')
#1 C:\xampp\htdocs\clone\DartoMakanYuyu\cross_ci3\system\API\ResponseTrait.php(346): CodeIgniter\Format\JSONFormatter->format(Array)
#2 C:\xampp\htdocs\clone\DartoMakanYuyu\cross_ci3\system\API\ResponseTrait.php(99): CodeIgniter\Debug\Exceptions->format(Array)
#3 C:\xampp\htdocs\clone\DartoMakanYuyu\cross_ci3\system\Debug\Exceptions.php(145): CodeIgniter\Debug\Exceptions->respond(Array, 500)
#4 [internal function]: CodeIgniter\Debug\Exceptions->exceptionHandler(Object(Error))
#5 {main}
  thrown
【Previous Exception】
Error
Call to a member function getNumRows() on bool
#0 C:\xampp\htdocs\clone\DartoMakanYuyu\cross_ci3\system\CodeIgniter.php(934): App\Controllers\Apotek->getData_erm_eresepRWJ()
#1 C:\xampp\htdocs\clone\DartoMakanYuyu\cross_ci3\system\CodeIgniter.php(499): CodeIgniter\CodeIgniter->runController(Object(App\Controllers\Apotek))
#2 C:\xampp\htdocs\clone\DartoMakanYuyu\cross_ci3\system\CodeIgniter.php(368): CodeIgniter\CodeIgniter->handleRequest(NULL, Object(Config\Cache), false)
#3 C:\xampp\htdocs\clone\DartoMakanYuyu\cross_ci3\index.php(67): CodeIgniter\CodeIgniter->run()
#4 {main}
in SYSTEMPATH\Format\JSONFormatter.php on line 41.
 1 [internal function]: CodeIgniter\Debug\Exceptions->shutdownHandler()
ERROR - 2023-08-30 07:06:11 --> ErrorException: pg_query(): Query failed: ERROR:  column &quot;qty_racik&quot; does not exist
LINE 2: ...                       jns_racikan, ord.id_signa, qty_racik,...
                                                             ^ in C:\xampp\htdocs\clone\DartoMakanYuyu\cross_ci3\system\Database\Postgre\Connection.php:147
Stack trace:
#0 [internal function]: CodeIgniter\Debug\Exceptions->errorHandler(2, 'pg_query(): Que...', 'C:\\xampp\\htdocs...', 147)
#1 C:\xampp\htdocs\clone\DartoMakanYuyu\cross_ci3\system\Database\Postgre\Connection.php(147): pg_query(Resource id #136, ' SELECT\r\n      ...')
#2 C:\xampp\htdocs\clone\DartoMakanYuyu\cross_ci3\system\Database\BaseConnection.php(691): CodeIgniter\Database\Postgre\Connection->execute(' SELECT\r\n      ...')
#3 C:\xampp\htdocs\clone\DartoMakanYuyu\cross_ci3\system\Database\BaseConnection.php(605): CodeIgniter\Database\BaseConnection->simpleQuery(' SELECT\r\n      ...')
#4 C:\xampp\htdocs\clone\DartoMakanYuyu\cross_ci3\app\Controllers\Apotek.php(367): CodeIgniter\Database\BaseConnection->query(' SELECT\r\n      ...')
#5 C:\xampp\htdocs\clone\DartoMakanYuyu\cross_ci3\system\CodeIgniter.php(934): App\Controllers\Apotek->getData_erm_eresepRWJ()
#6 C:\xampp\htdocs\clone\DartoMakanYuyu\cross_ci3\system\CodeIgniter.php(499): CodeIgniter\CodeIgniter->runController(Object(App\Controllers\Apotek))
#7 C:\xampp\htdocs\clone\DartoMakanYuyu\cross_ci3\system\CodeIgniter.php(368): CodeIgniter\CodeIgniter->handleRequest(NULL, Object(Config\Cache), false)
#8 C:\xampp\htdocs\clone\DartoMakanYuyu\cross_ci3\index.php(67): CodeIgniter\CodeIgniter->run()
#9 {main}
CRITICAL - 2023-08-30 07:06:11 --> Call to a member function getNumRows() on bool
in APPPATH\Controllers\Apotek.php on line 367.
 1 SYSTEMPATH\CodeIgniter.php(934): App\Controllers\Apotek->getData_erm_eresepRWJ()
 2 SYSTEMPATH\CodeIgniter.php(499): CodeIgniter\CodeIgniter->runController(Object(App\Controllers\Apotek))
 3 SYSTEMPATH\CodeIgniter.php(368): CodeIgniter\CodeIgniter->handleRequest(null, Object(Config\Cache), false)
 4 FCPATH\index.php(67): CodeIgniter\CodeIgniter->run()
CRITICAL - 2023-08-30 07:06:11 --> Uncaught CodeIgniter\Format\Exceptions\FormatException: Failed to parse JSON string. Error: Type is not supported in C:\xampp\htdocs\clone\DartoMakanYuyu\cross_ci3\system\Format\JSONFormatter.php:41
Stack trace:
#0 C:\xampp\htdocs\clone\DartoMakanYuyu\cross_ci3\system\Format\JSONFormatter.php(41): CodeIgniter\Format\Exceptions\FormatException::forInvalidJSON('Type is not sup...')
#1 C:\xampp\htdocs\clone\DartoMakanYuyu\cross_ci3\system\API\ResponseTrait.php(346): CodeIgniter\Format\JSONFormatter->format(Array)
#2 C:\xampp\htdocs\clone\DartoMakanYuyu\cross_ci3\system\API\ResponseTrait.php(99): CodeIgniter\Debug\Exceptions->format(Array)
#3 C:\xampp\htdocs\clone\DartoMakanYuyu\cross_ci3\system\Debug\Exceptions.php(145): CodeIgniter\Debug\Exceptions->respond(Array, 500)
#4 [internal function]: CodeIgniter\Debug\Exceptions->exceptionHandler(Object(Error))
#5 {main}
  thrown
【Previous Exception】
Error
Call to a member function getNumRows() on bool
#0 C:\xampp\htdocs\clone\DartoMakanYuyu\cross_ci3\system\CodeIgniter.php(934): App\Controllers\Apotek->getData_erm_eresepRWJ()
#1 C:\xampp\htdocs\clone\DartoMakanYuyu\cross_ci3\system\CodeIgniter.php(499): CodeIgniter\CodeIgniter->runController(Object(App\Controllers\Apotek))
#2 C:\xampp\htdocs\clone\DartoMakanYuyu\cross_ci3\system\CodeIgniter.php(368): CodeIgniter\CodeIgniter->handleRequest(NULL, Object(Config\Cache), false)
#3 C:\xampp\htdocs\clone\DartoMakanYuyu\cross_ci3\index.php(67): CodeIgniter\CodeIgniter->run()
#4 {main}
in SYSTEMPATH\Format\JSONFormatter.php on line 41.
 1 [internal function]: CodeIgniter\Debug\Exceptions->shutdownHandler()
ERROR - 2023-08-30 07:07:55 --> ErrorException: pg_query(): Query failed: ERROR:  column &quot;qty_racik&quot; does not exist
LINE 2: ...                       jns_racikan, ord.id_signa, qty_racik,...
                                                             ^ in C:\xampp\htdocs\clone\DartoMakanYuyu\cross_ci3\system\Database\Postgre\Connection.php:147
Stack trace:
#0 [internal function]: CodeIgniter\Debug\Exceptions->errorHandler(2, 'pg_query(): Que...', 'C:\\xampp\\htdocs...', 147)
#1 C:\xampp\htdocs\clone\DartoMakanYuyu\cross_ci3\system\Database\Postgre\Connection.php(147): pg_query(Resource id #136, ' SELECT\r\n      ...')
#2 C:\xampp\htdocs\clone\DartoMakanYuyu\cross_ci3\system\Database\BaseConnection.php(691): CodeIgniter\Database\Postgre\Connection->execute(' SELECT\r\n      ...')
#3 C:\xampp\htdocs\clone\DartoMakanYuyu\cross_ci3\system\Database\BaseConnection.php(605): CodeIgniter\Database\BaseConnection->simpleQuery(' SELECT\r\n      ...')
#4 C:\xampp\htdocs\clone\DartoMakanYuyu\cross_ci3\app\Controllers\Apotek.php(367): CodeIgniter\Database\BaseConnection->query(' SELECT\r\n      ...')
#5 C:\xampp\htdocs\clone\DartoMakanYuyu\cross_ci3\system\CodeIgniter.php(934): App\Controllers\Apotek->getData_erm_eresepRWJ()
#6 C:\xampp\htdocs\clone\DartoMakanYuyu\cross_ci3\system\CodeIgniter.php(499): CodeIgniter\CodeIgniter->runController(Object(App\Controllers\Apotek))
#7 C:\xampp\htdocs\clone\DartoMakanYuyu\cross_ci3\system\CodeIgniter.php(368): CodeIgniter\CodeIgniter->handleRequest(NULL, Object(Config\Cache), false)
#8 C:\xampp\htdocs\clone\DartoMakanYuyu\cross_ci3\index.php(67): CodeIgniter\CodeIgniter->run()
#9 {main}
CRITICAL - 2023-08-30 07:07:55 --> Call to a member function getNumRows() on bool
in APPPATH\Controllers\Apotek.php on line 367.
 1 SYSTEMPATH\CodeIgniter.php(934): App\Controllers\Apotek->getData_erm_eresepRWJ()
 2 SYSTEMPATH\CodeIgniter.php(499): CodeIgniter\CodeIgniter->runController(Object(App\Controllers\Apotek))
 3 SYSTEMPATH\CodeIgniter.php(368): CodeIgniter\CodeIgniter->handleRequest(null, Object(Config\Cache), false)
 4 FCPATH\index.php(67): CodeIgniter\CodeIgniter->run()
CRITICAL - 2023-08-30 07:07:55 --> Uncaught CodeIgniter\Format\Exceptions\FormatException: Failed to parse JSON string. Error: Type is not supported in C:\xampp\htdocs\clone\DartoMakanYuyu\cross_ci3\system\Format\JSONFormatter.php:41
Stack trace:
#0 C:\xampp\htdocs\clone\DartoMakanYuyu\cross_ci3\system\Format\JSONFormatter.php(41): CodeIgniter\Format\Exceptions\FormatException::forInvalidJSON('Type is not sup...')
#1 C:\xampp\htdocs\clone\DartoMakanYuyu\cross_ci3\system\API\ResponseTrait.php(346): CodeIgniter\Format\JSONFormatter->format(Array)
#2 C:\xampp\htdocs\clone\DartoMakanYuyu\cross_ci3\system\API\ResponseTrait.php(99): CodeIgniter\Debug\Exceptions->format(Array)
#3 C:\xampp\htdocs\clone\DartoMakanYuyu\cross_ci3\system\Debug\Exceptions.php(145): CodeIgniter\Debug\Exceptions->respond(Array, 500)
#4 [internal function]: CodeIgniter\Debug\Exceptions->exceptionHandler(Object(Error))
#5 {main}
  thrown
【Previous Exception】
Error
Call to a member function getNumRows() on bool
#0 C:\xampp\htdocs\clone\DartoMakanYuyu\cross_ci3\system\CodeIgniter.php(934): App\Controllers\Apotek->getData_erm_eresepRWJ()
#1 C:\xampp\htdocs\clone\DartoMakanYuyu\cross_ci3\system\CodeIgniter.php(499): CodeIgniter\CodeIgniter->runController(Object(App\Controllers\Apotek))
#2 C:\xampp\htdocs\clone\DartoMakanYuyu\cross_ci3\system\CodeIgniter.php(368): CodeIgniter\CodeIgniter->handleRequest(NULL, Object(Config\Cache), false)
#3 C:\xampp\htdocs\clone\DartoMakanYuyu\cross_ci3\index.php(67): CodeIgniter\CodeIgniter->run()
#4 {main}
in SYSTEMPATH\Format\JSONFormatter.php on line 41.
 1 [internal function]: CodeIgniter\Debug\Exceptions->shutdownHandler()
ERROR - 2023-08-30 07:08:34 --> ErrorException: pg_query(): Query failed: ERROR:  column &quot;qty_racik&quot; does not exist
LINE 2: ...                       jns_racikan, ord.id_signa, qty_racik,...
                                                             ^ in C:\xampp\htdocs\clone\DartoMakanYuyu\cross_ci3\system\Database\Postgre\Connection.php:147
Stack trace:
#0 [internal function]: CodeIgniter\Debug\Exceptions->errorHandler(2, 'pg_query(): Que...', 'C:\\xampp\\htdocs...', 147)
#1 C:\xampp\htdocs\clone\DartoMakanYuyu\cross_ci3\system\Database\Postgre\Connection.php(147): pg_query(Resource id #136, ' SELECT\r\n      ...')
#2 C:\xampp\htdocs\clone\DartoMakanYuyu\cross_ci3\system\Database\BaseConnection.php(691): CodeIgniter\Database\Postgre\Connection->execute(' SELECT\r\n      ...')
#3 C:\xampp\htdocs\clone\DartoMakanYuyu\cross_ci3\system\Database\BaseConnection.php(605): CodeIgniter\Database\BaseConnection->simpleQuery(' SELECT\r\n      ...')
#4 C:\xampp\htdocs\clone\DartoMakanYuyu\cross_ci3\app\Controllers\Apotek.php(367): CodeIgniter\Database\BaseConnection->query(' SELECT\r\n      ...')
#5 C:\xampp\htdocs\clone\DartoMakanYuyu\cross_ci3\system\CodeIgniter.php(934): App\Controllers\Apotek->getData_erm_eresepRWJ()
#6 C:\xampp\htdocs\clone\DartoMakanYuyu\cross_ci3\system\CodeIgniter.php(499): CodeIgniter\CodeIgniter->runController(Object(App\Controllers\Apotek))
#7 C:\xampp\htdocs\clone\DartoMakanYuyu\cross_ci3\system\CodeIgniter.php(368): CodeIgniter\CodeIgniter->handleRequest(NULL, Object(Config\Cache), false)
#8 C:\xampp\htdocs\clone\DartoMakanYuyu\cross_ci3\index.php(67): CodeIgniter\CodeIgniter->run()
#9 {main}
CRITICAL - 2023-08-30 07:08:34 --> Call to a member function getNumRows() on bool
in APPPATH\Controllers\Apotek.php on line 367.
 1 SYSTEMPATH\CodeIgniter.php(934): App\Controllers\Apotek->getData_erm_eresepRWJ()
 2 SYSTEMPATH\CodeIgniter.php(499): CodeIgniter\CodeIgniter->runController(Object(App\Controllers\Apotek))
 3 SYSTEMPATH\CodeIgniter.php(368): CodeIgniter\CodeIgniter->handleRequest(null, Object(Config\Cache), false)
 4 FCPATH\index.php(67): CodeIgniter\CodeIgniter->run()
CRITICAL - 2023-08-30 07:08:34 --> Uncaught CodeIgniter\Format\Exceptions\FormatException: Failed to parse JSON string. Error: Type is not supported in C:\xampp\htdocs\clone\DartoMakanYuyu\cross_ci3\system\Format\JSONFormatter.php:41
Stack trace:
#0 C:\xampp\htdocs\clone\DartoMakanYuyu\cross_ci3\system\Format\JSONFormatter.php(41): CodeIgniter\Format\Exceptions\FormatException::forInvalidJSON('Type is not sup...')
#1 C:\xampp\htdocs\clone\DartoMakanYuyu\cross_ci3\system\API\ResponseTrait.php(346): CodeIgniter\Format\JSONFormatter->format(Array)
#2 C:\xampp\htdocs\clone\DartoMakanYuyu\cross_ci3\system\API\ResponseTrait.php(99): CodeIgniter\Debug\Exceptions->format(Array)
#3 C:\xampp\htdocs\clone\DartoMakanYuyu\cross_ci3\system\Debug\Exceptions.php(145): CodeIgniter\Debug\Exceptions->respond(Array, 500)
#4 [internal function]: CodeIgniter\Debug\Exceptions->exceptionHandler(Object(Error))
#5 {main}
  thrown
【Previous Exception】
Error
Call to a member function getNumRows() on bool
#0 C:\xampp\htdocs\clone\DartoMakanYuyu\cross_ci3\system\CodeIgniter.php(934): App\Controllers\Apotek->getData_erm_eresepRWJ()
#1 C:\xampp\htdocs\clone\DartoMakanYuyu\cross_ci3\system\CodeIgniter.php(499): CodeIgniter\CodeIgniter->runController(Object(App\Controllers\Apotek))
#2 C:\xampp\htdocs\clone\DartoMakanYuyu\cross_ci3\system\CodeIgniter.php(368): CodeIgniter\CodeIgniter->handleRequest(NULL, Object(Config\Cache), false)
#3 C:\xampp\htdocs\clone\DartoMakanYuyu\cross_ci3\index.php(67): CodeIgniter\CodeIgniter->run()
#4 {main}
in SYSTEMPATH\Format\JSONFormatter.php on line 41.
 1 [internal function]: CodeIgniter\Debug\Exceptions->shutdownHandler()
ERROR - 2023-08-30 07:55:25 --> ErrorException: pg_query(): Query failed: ERROR:  column &quot;qty_racik&quot; does not exist
LINE 2: ...                       jns_racikan, ord.id_signa, qty_racik,...
                                                             ^ in C:\xampp\htdocs\clone\DartoMakanYuyu\cross_ci3\system\Database\Postgre\Connection.php:147
Stack trace:
#0 [internal function]: CodeIgniter\Debug\Exceptions->errorHandler(2, 'pg_query(): Que...', 'C:\\xampp\\htdocs...', 147)
#1 C:\xampp\htdocs\clone\DartoMakanYuyu\cross_ci3\system\Database\Postgre\Connection.php(147): pg_query(Resource id #136, ' SELECT\r\n      ...')
#2 C:\xampp\htdocs\clone\DartoMakanYuyu\cross_ci3\system\Database\BaseConnection.php(691): CodeIgniter\Database\Postgre\Connection->execute(' SELECT\r\n      ...')
#3 C:\xampp\htdocs\clone\DartoMakanYuyu\cross_ci3\system\Database\BaseConnection.php(605): CodeIgniter\Database\BaseConnection->simpleQuery(' SELECT\r\n      ...')
#4 C:\xampp\htdocs\clone\DartoMakanYuyu\cross_ci3\app\Controllers\Apotek.php(367): CodeIgniter\Database\BaseConnection->query(' SELECT\r\n      ...')
#5 C:\xampp\htdocs\clone\DartoMakanYuyu\cross_ci3\system\CodeIgniter.php(934): App\Controllers\Apotek->getData_erm_eresepRWJ()
#6 C:\xampp\htdocs\clone\DartoMakanYuyu\cross_ci3\system\CodeIgniter.php(499): CodeIgniter\CodeIgniter->runController(Object(App\Controllers\Apotek))
#7 C:\xampp\htdocs\clone\DartoMakanYuyu\cross_ci3\system\CodeIgniter.php(368): CodeIgniter\CodeIgniter->handleRequest(NULL, Object(Config\Cache), false)
#8 C:\xampp\htdocs\clone\DartoMakanYuyu\cross_ci3\index.php(67): CodeIgniter\CodeIgniter->run()
#9 {main}
CRITICAL - 2023-08-30 07:55:25 --> Call to a member function getNumRows() on bool
in APPPATH\Controllers\Apotek.php on line 367.
 1 SYSTEMPATH\CodeIgniter.php(934): App\Controllers\Apotek->getData_erm_eresepRWJ()
 2 SYSTEMPATH\CodeIgniter.php(499): CodeIgniter\CodeIgniter->runController(Object(App\Controllers\Apotek))
 3 SYSTEMPATH\CodeIgniter.php(368): CodeIgniter\CodeIgniter->handleRequest(null, Object(Config\Cache), false)
 4 FCPATH\index.php(67): CodeIgniter\CodeIgniter->run()
CRITICAL - 2023-08-30 07:55:25 --> Uncaught CodeIgniter\Format\Exceptions\FormatException: Failed to parse JSON string. Error: Type is not supported in C:\xampp\htdocs\clone\DartoMakanYuyu\cross_ci3\system\Format\JSONFormatter.php:41
Stack trace:
#0 C:\xampp\htdocs\clone\DartoMakanYuyu\cross_ci3\system\Format\JSONFormatter.php(41): CodeIgniter\Format\Exceptions\FormatException::forInvalidJSON('Type is not sup...')
#1 C:\xampp\htdocs\clone\DartoMakanYuyu\cross_ci3\system\API\ResponseTrait.php(346): CodeIgniter\Format\JSONFormatter->format(Array)
#2 C:\xampp\htdocs\clone\DartoMakanYuyu\cross_ci3\system\API\ResponseTrait.php(99): CodeIgniter\Debug\Exceptions->format(Array)
#3 C:\xampp\htdocs\clone\DartoMakanYuyu\cross_ci3\system\Debug\Exceptions.php(145): CodeIgniter\Debug\Exceptions->respond(Array, 500)
#4 [internal function]: CodeIgniter\Debug\Exceptions->exceptionHandler(Object(Error))
#5 {main}
  thrown
【Previous Exception】
Error
Call to a member function getNumRows() on bool
#0 C:\xampp\htdocs\clone\DartoMakanYuyu\cross_ci3\system\CodeIgniter.php(934): App\Controllers\Apotek->getData_erm_eresepRWJ()
#1 C:\xampp\htdocs\clone\DartoMakanYuyu\cross_ci3\system\CodeIgniter.php(499): CodeIgniter\CodeIgniter->runController(Object(App\Controllers\Apotek))
#2 C:\xampp\htdocs\clone\DartoMakanYuyu\cross_ci3\system\CodeIgniter.php(368): CodeIgniter\CodeIgniter->handleRequest(NULL, Object(Config\Cache), false)
#3 C:\xampp\htdocs\clone\DartoMakanYuyu\cross_ci3\index.php(67): CodeIgniter\CodeIgniter->run()
#4 {main}
in SYSTEMPATH\Format\JSONFormatter.php on line 41.
 1 [internal function]: CodeIgniter\Debug\Exceptions->shutdownHandler()
ERROR - 2023-08-30 07:55:59 --> ErrorException: pg_query(): Query failed: ERROR:  column &quot;qty_racik&quot; does not exist
LINE 2: ...                       jns_racikan, ord.id_signa, qty_racik,...
                                                             ^ in C:\xampp\htdocs\clone\DartoMakanYuyu\cross_ci3\system\Database\Postgre\Connection.php:147
Stack trace:
#0 [internal function]: CodeIgniter\Debug\Exceptions->errorHandler(2, 'pg_query(): Que...', 'C:\\xampp\\htdocs...', 147)
#1 C:\xampp\htdocs\clone\DartoMakanYuyu\cross_ci3\system\Database\Postgre\Connection.php(147): pg_query(Resource id #136, ' SELECT\r\n      ...')
#2 C:\xampp\htdocs\clone\DartoMakanYuyu\cross_ci3\system\Database\BaseConnection.php(691): CodeIgniter\Database\Postgre\Connection->execute(' SELECT\r\n      ...')
#3 C:\xampp\htdocs\clone\DartoMakanYuyu\cross_ci3\system\Database\BaseConnection.php(605): CodeIgniter\Database\BaseConnection->simpleQuery(' SELECT\r\n      ...')
#4 C:\xampp\htdocs\clone\DartoMakanYuyu\cross_ci3\app\Controllers\Apotek.php(367): CodeIgniter\Database\BaseConnection->query(' SELECT\r\n      ...')
#5 C:\xampp\htdocs\clone\DartoMakanYuyu\cross_ci3\system\CodeIgniter.php(934): App\Controllers\Apotek->getData_erm_eresepRWJ()
#6 C:\xampp\htdocs\clone\DartoMakanYuyu\cross_ci3\system\CodeIgniter.php(499): CodeIgniter\CodeIgniter->runController(Object(App\Controllers\Apotek))
#7 C:\xampp\htdocs\clone\DartoMakanYuyu\cross_ci3\system\CodeIgniter.php(368): CodeIgniter\CodeIgniter->handleRequest(NULL, Object(Config\Cache), false)
#8 C:\xampp\htdocs\clone\DartoMakanYuyu\cross_ci3\index.php(67): CodeIgniter\CodeIgniter->run()
#9 {main}
CRITICAL - 2023-08-30 07:55:59 --> Call to a member function getNumRows() on bool
in APPPATH\Controllers\Apotek.php on line 367.
 1 SYSTEMPATH\CodeIgniter.php(934): App\Controllers\Apotek->getData_erm_eresepRWJ()
 2 SYSTEMPATH\CodeIgniter.php(499): CodeIgniter\CodeIgniter->runController(Object(App\Controllers\Apotek))
 3 SYSTEMPATH\CodeIgniter.php(368): CodeIgniter\CodeIgniter->handleRequest(null, Object(Config\Cache), false)
 4 FCPATH\index.php(67): CodeIgniter\CodeIgniter->run()
CRITICAL - 2023-08-30 07:55:59 --> Uncaught CodeIgniter\Format\Exceptions\FormatException: Failed to parse JSON string. Error: Type is not supported in C:\xampp\htdocs\clone\DartoMakanYuyu\cross_ci3\system\Format\JSONFormatter.php:41
Stack trace:
#0 C:\xampp\htdocs\clone\DartoMakanYuyu\cross_ci3\system\Format\JSONFormatter.php(41): CodeIgniter\Format\Exceptions\FormatException::forInvalidJSON('Type is not sup...')
#1 C:\xampp\htdocs\clone\DartoMakanYuyu\cross_ci3\system\API\ResponseTrait.php(346): CodeIgniter\Format\JSONFormatter->format(Array)
#2 C:\xampp\htdocs\clone\DartoMakanYuyu\cross_ci3\system\API\ResponseTrait.php(99): CodeIgniter\Debug\Exceptions->format(Array)
#3 C:\xampp\htdocs\clone\DartoMakanYuyu\cross_ci3\system\Debug\Exceptions.php(145): CodeIgniter\Debug\Exceptions->respond(Array, 500)
#4 [internal function]: CodeIgniter\Debug\Exceptions->exceptionHandler(Object(Error))
#5 {main}
  thrown
【Previous Exception】
Error
Call to a member function getNumRows() on bool
#0 C:\xampp\htdocs\clone\DartoMakanYuyu\cross_ci3\system\CodeIgniter.php(934): App\Controllers\Apotek->getData_erm_eresepRWJ()
#1 C:\xampp\htdocs\clone\DartoMakanYuyu\cross_ci3\system\CodeIgniter.php(499): CodeIgniter\CodeIgniter->runController(Object(App\Controllers\Apotek))
#2 C:\xampp\htdocs\clone\DartoMakanYuyu\cross_ci3\system\CodeIgniter.php(368): CodeIgniter\CodeIgniter->handleRequest(NULL, Object(Config\Cache), false)
#3 C:\xampp\htdocs\clone\DartoMakanYuyu\cross_ci3\index.php(67): CodeIgniter\CodeIgniter->run()
#4 {main}
in SYSTEMPATH\Format\JSONFormatter.php on line 41.
 1 [internal function]: CodeIgniter\Debug\Exceptions->shutdownHandler()
ERROR - 2023-08-30 07:58:54 --> ErrorException: pg_query(): Query failed: ERROR:  column &quot;qty_racik&quot; does not exist
LINE 2: ...                       jns_racikan, ord.id_signa, qty_racik,...
                                                             ^ in C:\xampp\htdocs\clone\DartoMakanYuyu\cross_ci3\system\Database\Postgre\Connection.php:147
Stack trace:
#0 [internal function]: CodeIgniter\Debug\Exceptions->errorHandler(2, 'pg_query(): Que...', 'C:\\xampp\\htdocs...', 147)
#1 C:\xampp\htdocs\clone\DartoMakanYuyu\cross_ci3\system\Database\Postgre\Connection.php(147): pg_query(Resource id #136, ' SELECT\r\n      ...')
#2 C:\xampp\htdocs\clone\DartoMakanYuyu\cross_ci3\system\Database\BaseConnection.php(691): CodeIgniter\Database\Postgre\Connection->execute(' SELECT\r\n      ...')
#3 C:\xampp\htdocs\clone\DartoMakanYuyu\cross_ci3\system\Database\BaseConnection.php(605): CodeIgniter\Database\BaseConnection->simpleQuery(' SELECT\r\n      ...')
#4 C:\xampp\htdocs\clone\DartoMakanYuyu\cross_ci3\app\Controllers\Apotek.php(367): CodeIgniter\Database\BaseConnection->query(' SELECT\r\n      ...')
#5 C:\xampp\htdocs\clone\DartoMakanYuyu\cross_ci3\system\CodeIgniter.php(934): App\Controllers\Apotek->getData_erm_eresepRWJ()
#6 C:\xampp\htdocs\clone\DartoMakanYuyu\cross_ci3\system\CodeIgniter.php(499): CodeIgniter\CodeIgniter->runController(Object(App\Controllers\Apotek))
#7 C:\xampp\htdocs\clone\DartoMakanYuyu\cross_ci3\system\CodeIgniter.php(368): CodeIgniter\CodeIgniter->handleRequest(NULL, Object(Config\Cache), false)
#8 C:\xampp\htdocs\clone\DartoMakanYuyu\cross_ci3\index.php(67): CodeIgniter\CodeIgniter->run()
#9 {main}
CRITICAL - 2023-08-30 07:58:54 --> Call to a member function getNumRows() on bool
in APPPATH\Controllers\Apotek.php on line 367.
 1 SYSTEMPATH\CodeIgniter.php(934): App\Controllers\Apotek->getData_erm_eresepRWJ()
 2 SYSTEMPATH\CodeIgniter.php(499): CodeIgniter\CodeIgniter->runController(Object(App\Controllers\Apotek))
 3 SYSTEMPATH\CodeIgniter.php(368): CodeIgniter\CodeIgniter->handleRequest(null, Object(Config\Cache), false)
 4 FCPATH\index.php(67): CodeIgniter\CodeIgniter->run()
CRITICAL - 2023-08-30 07:58:54 --> Uncaught CodeIgniter\Format\Exceptions\FormatException: Failed to parse JSON string. Error: Type is not supported in C:\xampp\htdocs\clone\DartoMakanYuyu\cross_ci3\system\Format\JSONFormatter.php:41
Stack trace:
#0 C:\xampp\htdocs\clone\DartoMakanYuyu\cross_ci3\system\Format\JSONFormatter.php(41): CodeIgniter\Format\Exceptions\FormatException::forInvalidJSON('Type is not sup...')
#1 C:\xampp\htdocs\clone\DartoMakanYuyu\cross_ci3\system\API\ResponseTrait.php(346): CodeIgniter\Format\JSONFormatter->format(Array)
#2 C:\xampp\htdocs\clone\DartoMakanYuyu\cross_ci3\system\API\ResponseTrait.php(99): CodeIgniter\Debug\Exceptions->format(Array)
#3 C:\xampp\htdocs\clone\DartoMakanYuyu\cross_ci3\system\Debug\Exceptions.php(145): CodeIgniter\Debug\Exceptions->respond(Array, 500)
#4 [internal function]: CodeIgniter\Debug\Exceptions->exceptionHandler(Object(Error))
#5 {main}
  thrown
【Previous Exception】
Error
Call to a member function getNumRows() on bool
#0 C:\xampp\htdocs\clone\DartoMakanYuyu\cross_ci3\system\CodeIgniter.php(934): App\Controllers\Apotek->getData_erm_eresepRWJ()
#1 C:\xampp\htdocs\clone\DartoMakanYuyu\cross_ci3\system\CodeIgniter.php(499): CodeIgniter\CodeIgniter->runController(Object(App\Controllers\Apotek))
#2 C:\xampp\htdocs\clone\DartoMakanYuyu\cross_ci3\system\CodeIgniter.php(368): CodeIgniter\CodeIgniter->handleRequest(NULL, Object(Config\Cache), false)
#3 C:\xampp\htdocs\clone\DartoMakanYuyu\cross_ci3\index.php(67): CodeIgniter\CodeIgniter->run()
#4 {main}
in SYSTEMPATH\Format\JSONFormatter.php on line 41.
 1 [internal function]: CodeIgniter\Debug\Exceptions->shutdownHandler()
