INFO - 2023-08-31 00:30:44 --> Session: Class initialized using 'CodeIgniter\Session\Handlers\FileHandler' driver.
INFO - 2023-08-31 00:30:50 --> Session: Class initialized using 'CodeIgniter\Session\Handlers\FileHandler' driver.
INFO - 2023-08-31 00:31:05 --> Session: Class initialized using 'CodeIgniter\Session\Handlers\FileHandler' driver.
INFO - 2023-08-31 00:31:18 --> Session: Class initialized using 'CodeIgniter\Session\Handlers\FileHandler' driver.
ERROR - 2023-08-31 00:32:08 --> ErrorException: pg_query(): Query failed: ERROR:  column &quot;qty_racik&quot; does not exist
LINE 2: ...                       jns_racikan, ord.id_signa, qty_racik,...
                                                             ^ in C:\xampp\htdocs\clone\DartoMakanYuyu\cross_ci3\system\Database\Postgre\Connection.php:147
Stack trace:
#0 [internal function]: CodeIgniter\Debug\Exceptions->errorHandler(2, 'pg_query(): Que...', 'C:\\xampp\\htdocs...', 147)
#1 C:\xampp\htdocs\clone\DartoMakanYuyu\cross_ci3\system\Database\Postgre\Connection.php(147): pg_query(Resource id #136, ' SELECT\r\n      ...')
#2 C:\xampp\htdocs\clone\DartoMakanYuyu\cross_ci3\system\Database\BaseConnection.php(691): CodeIgniter\Database\Postgre\Connection->execute(' SELECT\r\n      ...')
#3 C:\xampp\htdocs\clone\DartoMakanYuyu\cross_ci3\system\Database\BaseConnection.php(605): CodeIgniter\Database\BaseConnection->simpleQuery(' SELECT\r\n      ...')
#4 C:\xampp\htdocs\clone\DartoMakanYuyu\cross_ci3\app\Controllers\Apotek.php(367): CodeIgniter\Database\BaseConnection->query(' SELECT\r\n      ...')
#5 C:\xampp\htdocs\clone\DartoMakanYuyu\cross_ci3\system\CodeIgniter.php(934): App\Controllers\Apotek->getData_erm_eresepRWJ()
#6 C:\xampp\htdocs\clone\DartoMakanYuyu\cross_ci3\system\CodeIgniter.php(499): CodeIgniter\CodeIgniter->runController(Object(App\Controllers\Apotek))
#7 C:\xampp\htdocs\clone\DartoMakanYuyu\cross_ci3\system\CodeIgniter.php(368): CodeIgniter\CodeIgniter->handleRequest(NULL, Object(Config\Cache), false)
#8 C:\xampp\htdocs\clone\DartoMakanYuyu\cross_ci3\index.php(67): CodeIgniter\CodeIgniter->run()
#9 {main}
CRITICAL - 2023-08-31 00:32:08 --> Call to a member function getNumRows() on bool
in APPPATH\Controllers\Apotek.php on line 367.
 1 SYSTEMPATH\CodeIgniter.php(934): App\Controllers\Apotek->getData_erm_eresepRWJ()
 2 SYSTEMPATH\CodeIgniter.php(499): CodeIgniter\CodeIgniter->runController(Object(App\Controllers\Apotek))
 3 SYSTEMPATH\CodeIgniter.php(368): CodeIgniter\CodeIgniter->handleRequest(null, Object(Config\Cache), false)
 4 FCPATH\index.php(67): CodeIgniter\CodeIgniter->run()
CRITICAL - 2023-08-31 00:32:08 --> Uncaught CodeIgniter\Format\Exceptions\FormatException: Failed to parse JSON string. Error: Type is not supported in C:\xampp\htdocs\clone\DartoMakanYuyu\cross_ci3\system\Format\JSONFormatter.php:41
Stack trace:
#0 C:\xampp\htdocs\clone\DartoMakanYuyu\cross_ci3\system\Format\JSONFormatter.php(41): CodeIgniter\Format\Exceptions\FormatException::forInvalidJSON('Type is not sup...')
#1 C:\xampp\htdocs\clone\DartoMakanYuyu\cross_ci3\system\API\ResponseTrait.php(346): CodeIgniter\Format\JSONFormatter->format(Array)
#2 C:\xampp\htdocs\clone\DartoMakanYuyu\cross_ci3\system\API\ResponseTrait.php(99): CodeIgniter\Debug\Exceptions->format(Array)
#3 C:\xampp\htdocs\clone\DartoMakanYuyu\cross_ci3\system\Debug\Exceptions.php(145): CodeIgniter\Debug\Exceptions->respond(Array, 500)
#4 [internal function]: CodeIgniter\Debug\Exceptions->exceptionHandler(Object(Error))
#5 {main}
  thrown
【Previous Exception】
Error
Call to a member function getNumRows() on bool
#0 C:\xampp\htdocs\clone\DartoMakanYuyu\cross_ci3\system\CodeIgniter.php(934): App\Controllers\Apotek->getData_erm_eresepRWJ()
#1 C:\xampp\htdocs\clone\DartoMakanYuyu\cross_ci3\system\CodeIgniter.php(499): CodeIgniter\CodeIgniter->runController(Object(App\Controllers\Apotek))
#2 C:\xampp\htdocs\clone\DartoMakanYuyu\cross_ci3\system\CodeIgniter.php(368): CodeIgniter\CodeIgniter->handleRequest(NULL, Object(Config\Cache), false)
#3 C:\xampp\htdocs\clone\DartoMakanYuyu\cross_ci3\index.php(67): CodeIgniter\CodeIgniter->run()
#4 {main}
in SYSTEMPATH\Format\JSONFormatter.php on line 41.
 1 [internal function]: CodeIgniter\Debug\Exceptions->shutdownHandler()
ERROR - 2023-08-31 00:32:38 --> ErrorException: pg_query(): Query failed: ERROR:  column &quot;qty_racik&quot; does not exist
LINE 2: ...                       jns_racikan, ord.id_signa, qty_racik,...
                                                             ^ in C:\xampp\htdocs\clone\DartoMakanYuyu\cross_ci3\system\Database\Postgre\Connection.php:147
Stack trace:
#0 [internal function]: CodeIgniter\Debug\Exceptions->errorHandler(2, 'pg_query(): Que...', 'C:\\xampp\\htdocs...', 147)
#1 C:\xampp\htdocs\clone\DartoMakanYuyu\cross_ci3\system\Database\Postgre\Connection.php(147): pg_query(Resource id #136, ' SELECT\r\n      ...')
#2 C:\xampp\htdocs\clone\DartoMakanYuyu\cross_ci3\system\Database\BaseConnection.php(691): CodeIgniter\Database\Postgre\Connection->execute(' SELECT\r\n      ...')
#3 C:\xampp\htdocs\clone\DartoMakanYuyu\cross_ci3\system\Database\BaseConnection.php(605): CodeIgniter\Database\BaseConnection->simpleQuery(' SELECT\r\n      ...')
#4 C:\xampp\htdocs\clone\DartoMakanYuyu\cross_ci3\app\Controllers\Apotek.php(367): CodeIgniter\Database\BaseConnection->query(' SELECT\r\n      ...')
#5 C:\xampp\htdocs\clone\DartoMakanYuyu\cross_ci3\system\CodeIgniter.php(934): App\Controllers\Apotek->getData_erm_eresepRWJ()
#6 C:\xampp\htdocs\clone\DartoMakanYuyu\cross_ci3\system\CodeIgniter.php(499): CodeIgniter\CodeIgniter->runController(Object(App\Controllers\Apotek))
#7 C:\xampp\htdocs\clone\DartoMakanYuyu\cross_ci3\system\CodeIgniter.php(368): CodeIgniter\CodeIgniter->handleRequest(NULL, Object(Config\Cache), false)
#8 C:\xampp\htdocs\clone\DartoMakanYuyu\cross_ci3\index.php(67): CodeIgniter\CodeIgniter->run()
#9 {main}
CRITICAL - 2023-08-31 00:32:38 --> Call to a member function getNumRows() on bool
in APPPATH\Controllers\Apotek.php on line 367.
 1 SYSTEMPATH\CodeIgniter.php(934): App\Controllers\Apotek->getData_erm_eresepRWJ()
 2 SYSTEMPATH\CodeIgniter.php(499): CodeIgniter\CodeIgniter->runController(Object(App\Controllers\Apotek))
 3 SYSTEMPATH\CodeIgniter.php(368): CodeIgniter\CodeIgniter->handleRequest(null, Object(Config\Cache), false)
 4 FCPATH\index.php(67): CodeIgniter\CodeIgniter->run()
CRITICAL - 2023-08-31 00:32:38 --> Uncaught CodeIgniter\Format\Exceptions\FormatException: Failed to parse JSON string. Error: Type is not supported in C:\xampp\htdocs\clone\DartoMakanYuyu\cross_ci3\system\Format\JSONFormatter.php:41
Stack trace:
#0 C:\xampp\htdocs\clone\DartoMakanYuyu\cross_ci3\system\Format\JSONFormatter.php(41): CodeIgniter\Format\Exceptions\FormatException::forInvalidJSON('Type is not sup...')
#1 C:\xampp\htdocs\clone\DartoMakanYuyu\cross_ci3\system\API\ResponseTrait.php(346): CodeIgniter\Format\JSONFormatter->format(Array)
#2 C:\xampp\htdocs\clone\DartoMakanYuyu\cross_ci3\system\API\ResponseTrait.php(99): CodeIgniter\Debug\Exceptions->format(Array)
#3 C:\xampp\htdocs\clone\DartoMakanYuyu\cross_ci3\system\Debug\Exceptions.php(145): CodeIgniter\Debug\Exceptions->respond(Array, 500)
#4 [internal function]: CodeIgniter\Debug\Exceptions->exceptionHandler(Object(Error))
#5 {main}
  thrown
【Previous Exception】
Error
Call to a member function getNumRows() on bool
#0 C:\xampp\htdocs\clone\DartoMakanYuyu\cross_ci3\system\CodeIgniter.php(934): App\Controllers\Apotek->getData_erm_eresepRWJ()
#1 C:\xampp\htdocs\clone\DartoMakanYuyu\cross_ci3\system\CodeIgniter.php(499): CodeIgniter\CodeIgniter->runController(Object(App\Controllers\Apotek))
#2 C:\xampp\htdocs\clone\DartoMakanYuyu\cross_ci3\system\CodeIgniter.php(368): CodeIgniter\CodeIgniter->handleRequest(NULL, Object(Config\Cache), false)
#3 C:\xampp\htdocs\clone\DartoMakanYuyu\cross_ci3\index.php(67): CodeIgniter\CodeIgniter->run()
#4 {main}
in SYSTEMPATH\Format\JSONFormatter.php on line 41.
 1 [internal function]: CodeIgniter\Debug\Exceptions->shutdownHandler()
ERROR - 2023-08-31 00:37:10 --> ErrorException: pg_query(): Query failed: ERROR:  column &quot;qty_racik&quot; does not exist
LINE 2: ...                       jns_racikan, ord.id_signa, qty_racik,...
                                                             ^ in C:\xampp\htdocs\clone\DartoMakanYuyu\cross_ci3\system\Database\Postgre\Connection.php:147
Stack trace:
#0 [internal function]: CodeIgniter\Debug\Exceptions->errorHandler(2, 'pg_query(): Que...', 'C:\\xampp\\htdocs...', 147)
#1 C:\xampp\htdocs\clone\DartoMakanYuyu\cross_ci3\system\Database\Postgre\Connection.php(147): pg_query(Resource id #136, ' SELECT\r\n      ...')
#2 C:\xampp\htdocs\clone\DartoMakanYuyu\cross_ci3\system\Database\BaseConnection.php(691): CodeIgniter\Database\Postgre\Connection->execute(' SELECT\r\n      ...')
#3 C:\xampp\htdocs\clone\DartoMakanYuyu\cross_ci3\system\Database\BaseConnection.php(605): CodeIgniter\Database\BaseConnection->simpleQuery(' SELECT\r\n      ...')
#4 C:\xampp\htdocs\clone\DartoMakanYuyu\cross_ci3\app\Controllers\Apotek.php(367): CodeIgniter\Database\BaseConnection->query(' SELECT\r\n      ...')
#5 C:\xampp\htdocs\clone\DartoMakanYuyu\cross_ci3\system\CodeIgniter.php(934): App\Controllers\Apotek->getData_erm_eresepRWJ()
#6 C:\xampp\htdocs\clone\DartoMakanYuyu\cross_ci3\system\CodeIgniter.php(499): CodeIgniter\CodeIgniter->runController(Object(App\Controllers\Apotek))
#7 C:\xampp\htdocs\clone\DartoMakanYuyu\cross_ci3\system\CodeIgniter.php(368): CodeIgniter\CodeIgniter->handleRequest(NULL, Object(Config\Cache), false)
#8 C:\xampp\htdocs\clone\DartoMakanYuyu\cross_ci3\index.php(67): CodeIgniter\CodeIgniter->run()
#9 {main}
CRITICAL - 2023-08-31 00:37:10 --> Call to a member function getNumRows() on bool
in APPPATH\Controllers\Apotek.php on line 367.
 1 SYSTEMPATH\CodeIgniter.php(934): App\Controllers\Apotek->getData_erm_eresepRWJ()
 2 SYSTEMPATH\CodeIgniter.php(499): CodeIgniter\CodeIgniter->runController(Object(App\Controllers\Apotek))
 3 SYSTEMPATH\CodeIgniter.php(368): CodeIgniter\CodeIgniter->handleRequest(null, Object(Config\Cache), false)
 4 FCPATH\index.php(67): CodeIgniter\CodeIgniter->run()
CRITICAL - 2023-08-31 00:37:10 --> Uncaught CodeIgniter\Format\Exceptions\FormatException: Failed to parse JSON string. Error: Type is not supported in C:\xampp\htdocs\clone\DartoMakanYuyu\cross_ci3\system\Format\JSONFormatter.php:41
Stack trace:
#0 C:\xampp\htdocs\clone\DartoMakanYuyu\cross_ci3\system\Format\JSONFormatter.php(41): CodeIgniter\Format\Exceptions\FormatException::forInvalidJSON('Type is not sup...')
#1 C:\xampp\htdocs\clone\DartoMakanYuyu\cross_ci3\system\API\ResponseTrait.php(346): CodeIgniter\Format\JSONFormatter->format(Array)
#2 C:\xampp\htdocs\clone\DartoMakanYuyu\cross_ci3\system\API\ResponseTrait.php(99): CodeIgniter\Debug\Exceptions->format(Array)
#3 C:\xampp\htdocs\clone\DartoMakanYuyu\cross_ci3\system\Debug\Exceptions.php(145): CodeIgniter\Debug\Exceptions->respond(Array, 500)
#4 [internal function]: CodeIgniter\Debug\Exceptions->exceptionHandler(Object(Error))
#5 {main}
  thrown
【Previous Exception】
Error
Call to a member function getNumRows() on bool
#0 C:\xampp\htdocs\clone\DartoMakanYuyu\cross_ci3\system\CodeIgniter.php(934): App\Controllers\Apotek->getData_erm_eresepRWJ()
#1 C:\xampp\htdocs\clone\DartoMakanYuyu\cross_ci3\system\CodeIgniter.php(499): CodeIgniter\CodeIgniter->runController(Object(App\Controllers\Apotek))
#2 C:\xampp\htdocs\clone\DartoMakanYuyu\cross_ci3\system\CodeIgniter.php(368): CodeIgniter\CodeIgniter->handleRequest(NULL, Object(Config\Cache), false)
#3 C:\xampp\htdocs\clone\DartoMakanYuyu\cross_ci3\index.php(67): CodeIgniter\CodeIgniter->run()
#4 {main}
in SYSTEMPATH\Format\JSONFormatter.php on line 41.
 1 [internal function]: CodeIgniter\Debug\Exceptions->shutdownHandler()
ERROR - 2023-08-31 00:39:05 --> ErrorException: pg_query(): Query failed: ERROR:  column &quot;qty_racik&quot; does not exist
LINE 2: ...                       jns_racikan, ord.id_signa, qty_racik,...
                                                             ^ in C:\xampp\htdocs\clone\DartoMakanYuyu\cross_ci3\system\Database\Postgre\Connection.php:147
Stack trace:
#0 [internal function]: CodeIgniter\Debug\Exceptions->errorHandler(2, 'pg_query(): Que...', 'C:\\xampp\\htdocs...', 147)
#1 C:\xampp\htdocs\clone\DartoMakanYuyu\cross_ci3\system\Database\Postgre\Connection.php(147): pg_query(Resource id #136, ' SELECT\r\n      ...')
#2 C:\xampp\htdocs\clone\DartoMakanYuyu\cross_ci3\system\Database\BaseConnection.php(691): CodeIgniter\Database\Postgre\Connection->execute(' SELECT\r\n      ...')
#3 C:\xampp\htdocs\clone\DartoMakanYuyu\cross_ci3\system\Database\BaseConnection.php(605): CodeIgniter\Database\BaseConnection->simpleQuery(' SELECT\r\n      ...')
#4 C:\xampp\htdocs\clone\DartoMakanYuyu\cross_ci3\app\Controllers\Apotek.php(367): CodeIgniter\Database\BaseConnection->query(' SELECT\r\n      ...')
#5 C:\xampp\htdocs\clone\DartoMakanYuyu\cross_ci3\system\CodeIgniter.php(934): App\Controllers\Apotek->getData_erm_eresepRWJ()
#6 C:\xampp\htdocs\clone\DartoMakanYuyu\cross_ci3\system\CodeIgniter.php(499): CodeIgniter\CodeIgniter->runController(Object(App\Controllers\Apotek))
#7 C:\xampp\htdocs\clone\DartoMakanYuyu\cross_ci3\system\CodeIgniter.php(368): CodeIgniter\CodeIgniter->handleRequest(NULL, Object(Config\Cache), false)
#8 C:\xampp\htdocs\clone\DartoMakanYuyu\cross_ci3\index.php(67): CodeIgniter\CodeIgniter->run()
#9 {main}
CRITICAL - 2023-08-31 00:39:05 --> Call to a member function getNumRows() on bool
in APPPATH\Controllers\Apotek.php on line 367.
 1 SYSTEMPATH\CodeIgniter.php(934): App\Controllers\Apotek->getData_erm_eresepRWJ()
 2 SYSTEMPATH\CodeIgniter.php(499): CodeIgniter\CodeIgniter->runController(Object(App\Controllers\Apotek))
 3 SYSTEMPATH\CodeIgniter.php(368): CodeIgniter\CodeIgniter->handleRequest(null, Object(Config\Cache), false)
 4 FCPATH\index.php(67): CodeIgniter\CodeIgniter->run()
CRITICAL - 2023-08-31 00:39:05 --> Uncaught CodeIgniter\Format\Exceptions\FormatException: Failed to parse JSON string. Error: Type is not supported in C:\xampp\htdocs\clone\DartoMakanYuyu\cross_ci3\system\Format\JSONFormatter.php:41
Stack trace:
#0 C:\xampp\htdocs\clone\DartoMakanYuyu\cross_ci3\system\Format\JSONFormatter.php(41): CodeIgniter\Format\Exceptions\FormatException::forInvalidJSON('Type is not sup...')
#1 C:\xampp\htdocs\clone\DartoMakanYuyu\cross_ci3\system\API\ResponseTrait.php(346): CodeIgniter\Format\JSONFormatter->format(Array)
#2 C:\xampp\htdocs\clone\DartoMakanYuyu\cross_ci3\system\API\ResponseTrait.php(99): CodeIgniter\Debug\Exceptions->format(Array)
#3 C:\xampp\htdocs\clone\DartoMakanYuyu\cross_ci3\system\Debug\Exceptions.php(145): CodeIgniter\Debug\Exceptions->respond(Array, 500)
#4 [internal function]: CodeIgniter\Debug\Exceptions->exceptionHandler(Object(Error))
#5 {main}
  thrown
【Previous Exception】
Error
Call to a member function getNumRows() on bool
#0 C:\xampp\htdocs\clone\DartoMakanYuyu\cross_ci3\system\CodeIgniter.php(934): App\Controllers\Apotek->getData_erm_eresepRWJ()
#1 C:\xampp\htdocs\clone\DartoMakanYuyu\cross_ci3\system\CodeIgniter.php(499): CodeIgniter\CodeIgniter->runController(Object(App\Controllers\Apotek))
#2 C:\xampp\htdocs\clone\DartoMakanYuyu\cross_ci3\system\CodeIgniter.php(368): CodeIgniter\CodeIgniter->handleRequest(NULL, Object(Config\Cache), false)
#3 C:\xampp\htdocs\clone\DartoMakanYuyu\cross_ci3\index.php(67): CodeIgniter\CodeIgniter->run()
#4 {main}
in SYSTEMPATH\Format\JSONFormatter.php on line 41.
 1 [internal function]: CodeIgniter\Debug\Exceptions->shutdownHandler()
ERROR - 2023-08-31 00:45:40 --> ErrorException: pg_query(): Query failed: ERROR:  column &quot;qty_racik&quot; does not exist
LINE 2: ...                       jns_racikan, ord.id_signa, qty_racik,...
                                                             ^ in C:\xampp\htdocs\clone\DartoMakanYuyu\cross_ci3\system\Database\Postgre\Connection.php:147
Stack trace:
#0 [internal function]: CodeIgniter\Debug\Exceptions->errorHandler(2, 'pg_query(): Que...', 'C:\\xampp\\htdocs...', 147)
#1 C:\xampp\htdocs\clone\DartoMakanYuyu\cross_ci3\system\Database\Postgre\Connection.php(147): pg_query(Resource id #136, ' SELECT\r\n      ...')
#2 C:\xampp\htdocs\clone\DartoMakanYuyu\cross_ci3\system\Database\BaseConnection.php(691): CodeIgniter\Database\Postgre\Connection->execute(' SELECT\r\n      ...')
#3 C:\xampp\htdocs\clone\DartoMakanYuyu\cross_ci3\system\Database\BaseConnection.php(605): CodeIgniter\Database\BaseConnection->simpleQuery(' SELECT\r\n      ...')
#4 C:\xampp\htdocs\clone\DartoMakanYuyu\cross_ci3\app\Controllers\Apotek.php(367): CodeIgniter\Database\BaseConnection->query(' SELECT\r\n      ...')
#5 C:\xampp\htdocs\clone\DartoMakanYuyu\cross_ci3\system\CodeIgniter.php(934): App\Controllers\Apotek->getData_erm_eresepRWJ()
#6 C:\xampp\htdocs\clone\DartoMakanYuyu\cross_ci3\system\CodeIgniter.php(499): CodeIgniter\CodeIgniter->runController(Object(App\Controllers\Apotek))
#7 C:\xampp\htdocs\clone\DartoMakanYuyu\cross_ci3\system\CodeIgniter.php(368): CodeIgniter\CodeIgniter->handleRequest(NULL, Object(Config\Cache), false)
#8 C:\xampp\htdocs\clone\DartoMakanYuyu\cross_ci3\index.php(67): CodeIgniter\CodeIgniter->run()
#9 {main}
CRITICAL - 2023-08-31 00:45:40 --> Call to a member function getNumRows() on bool
in APPPATH\Controllers\Apotek.php on line 367.
 1 SYSTEMPATH\CodeIgniter.php(934): App\Controllers\Apotek->getData_erm_eresepRWJ()
 2 SYSTEMPATH\CodeIgniter.php(499): CodeIgniter\CodeIgniter->runController(Object(App\Controllers\Apotek))
 3 SYSTEMPATH\CodeIgniter.php(368): CodeIgniter\CodeIgniter->handleRequest(null, Object(Config\Cache), false)
 4 FCPATH\index.php(67): CodeIgniter\CodeIgniter->run()
CRITICAL - 2023-08-31 00:45:40 --> Uncaught CodeIgniter\Format\Exceptions\FormatException: Failed to parse JSON string. Error: Type is not supported in C:\xampp\htdocs\clone\DartoMakanYuyu\cross_ci3\system\Format\JSONFormatter.php:41
Stack trace:
#0 C:\xampp\htdocs\clone\DartoMakanYuyu\cross_ci3\system\Format\JSONFormatter.php(41): CodeIgniter\Format\Exceptions\FormatException::forInvalidJSON('Type is not sup...')
#1 C:\xampp\htdocs\clone\DartoMakanYuyu\cross_ci3\system\API\ResponseTrait.php(346): CodeIgniter\Format\JSONFormatter->format(Array)
#2 C:\xampp\htdocs\clone\DartoMakanYuyu\cross_ci3\system\API\ResponseTrait.php(99): CodeIgniter\Debug\Exceptions->format(Array)
#3 C:\xampp\htdocs\clone\DartoMakanYuyu\cross_ci3\system\Debug\Exceptions.php(145): CodeIgniter\Debug\Exceptions->respond(Array, 500)
#4 [internal function]: CodeIgniter\Debug\Exceptions->exceptionHandler(Object(Error))
#5 {main}
  thrown
【Previous Exception】
Error
Call to a member function getNumRows() on bool
#0 C:\xampp\htdocs\clone\DartoMakanYuyu\cross_ci3\system\CodeIgniter.php(934): App\Controllers\Apotek->getData_erm_eresepRWJ()
#1 C:\xampp\htdocs\clone\DartoMakanYuyu\cross_ci3\system\CodeIgniter.php(499): CodeIgniter\CodeIgniter->runController(Object(App\Controllers\Apotek))
#2 C:\xampp\htdocs\clone\DartoMakanYuyu\cross_ci3\system\CodeIgniter.php(368): CodeIgniter\CodeIgniter->handleRequest(NULL, Object(Config\Cache), false)
#3 C:\xampp\htdocs\clone\DartoMakanYuyu\cross_ci3\index.php(67): CodeIgniter\CodeIgniter->run()
#4 {main}
in SYSTEMPATH\Format\JSONFormatter.php on line 41.
 1 [internal function]: CodeIgniter\Debug\Exceptions->shutdownHandler()
INFO - 2023-08-31 00:53:40 --> Session: Class initialized using 'CodeIgniter\Session\Handlers\FileHandler' driver.
CRITICAL - 2023-08-31 00:59:02 --> syntax error, unexpected variable "$alamat"
in APPPATH\Views\view\modal\apotek\erm_eresepRWJ.php on line 23.
 1 SYSTEMPATH\View\View.php(216): CodeIgniter\View\View->CodeIgniter\View\{closure}()
 2 SYSTEMPATH\Common.php(1184): CodeIgniter\View\View->render('view/modal/apotek/erm_eresepRWJ', [], true)
 3 APPPATH\Controllers\Apotek.php(29): view('view/modal/apotek/erm_eresepRWJ')
 4 SYSTEMPATH\CodeIgniter.php(934): App\Controllers\Apotek->erm_eresepRWJ()
 5 SYSTEMPATH\CodeIgniter.php(499): CodeIgniter\CodeIgniter->runController(Object(App\Controllers\Apotek))
 6 SYSTEMPATH\CodeIgniter.php(368): CodeIgniter\CodeIgniter->handleRequest(null, Object(Config\Cache), false)
 7 FCPATH\index.php(67): CodeIgniter\CodeIgniter->run()
CRITICAL - 2023-08-31 00:59:35 --> syntax error, unexpected token "echo"
in APPPATH\Views\view\modal\apotek\erm_eresepRWJ.php on line 314.
 1 SYSTEMPATH\View\View.php(216): CodeIgniter\View\View->CodeIgniter\View\{closure}()
 2 SYSTEMPATH\Common.php(1184): CodeIgniter\View\View->render('view/modal/apotek/erm_eresepRWJ', [], true)
 3 APPPATH\Controllers\Apotek.php(29): view('view/modal/apotek/erm_eresepRWJ')
 4 SYSTEMPATH\CodeIgniter.php(934): App\Controllers\Apotek->erm_eresepRWJ()
 5 SYSTEMPATH\CodeIgniter.php(499): CodeIgniter\CodeIgniter->runController(Object(App\Controllers\Apotek))
 6 SYSTEMPATH\CodeIgniter.php(368): CodeIgniter\CodeIgniter->handleRequest(null, Object(Config\Cache), false)
 7 FCPATH\index.php(67): CodeIgniter\CodeIgniter->run()
ERROR - 2023-08-31 01:00:17 --> ErrorException: pg_query(): Query failed: ERROR:  column &quot;qty_racik&quot; does not exist
LINE 2: ...                       jns_racikan, ord.id_signa, qty_racik,...
                                                             ^ in C:\xampp\htdocs\clone\DartoMakanYuyu\cross_ci3\system\Database\Postgre\Connection.php:147
Stack trace:
#0 [internal function]: CodeIgniter\Debug\Exceptions->errorHandler(2, 'pg_query(): Que...', 'C:\\xampp\\htdocs...', 147)
#1 C:\xampp\htdocs\clone\DartoMakanYuyu\cross_ci3\system\Database\Postgre\Connection.php(147): pg_query(Resource id #136, ' SELECT\r\n      ...')
#2 C:\xampp\htdocs\clone\DartoMakanYuyu\cross_ci3\system\Database\BaseConnection.php(691): CodeIgniter\Database\Postgre\Connection->execute(' SELECT\r\n      ...')
#3 C:\xampp\htdocs\clone\DartoMakanYuyu\cross_ci3\system\Database\BaseConnection.php(605): CodeIgniter\Database\BaseConnection->simpleQuery(' SELECT\r\n      ...')
#4 C:\xampp\htdocs\clone\DartoMakanYuyu\cross_ci3\app\Controllers\Apotek.php(367): CodeIgniter\Database\BaseConnection->query(' SELECT\r\n      ...')
#5 C:\xampp\htdocs\clone\DartoMakanYuyu\cross_ci3\system\CodeIgniter.php(934): App\Controllers\Apotek->getData_erm_eresepRWJ()
#6 C:\xampp\htdocs\clone\DartoMakanYuyu\cross_ci3\system\CodeIgniter.php(499): CodeIgniter\CodeIgniter->runController(Object(App\Controllers\Apotek))
#7 C:\xampp\htdocs\clone\DartoMakanYuyu\cross_ci3\system\CodeIgniter.php(368): CodeIgniter\CodeIgniter->handleRequest(NULL, Object(Config\Cache), false)
#8 C:\xampp\htdocs\clone\DartoMakanYuyu\cross_ci3\index.php(67): CodeIgniter\CodeIgniter->run()
#9 {main}
CRITICAL - 2023-08-31 01:00:17 --> Call to a member function getNumRows() on bool
in APPPATH\Controllers\Apotek.php on line 367.
 1 SYSTEMPATH\CodeIgniter.php(934): App\Controllers\Apotek->getData_erm_eresepRWJ()
 2 SYSTEMPATH\CodeIgniter.php(499): CodeIgniter\CodeIgniter->runController(Object(App\Controllers\Apotek))
 3 SYSTEMPATH\CodeIgniter.php(368): CodeIgniter\CodeIgniter->handleRequest(null, Object(Config\Cache), false)
 4 FCPATH\index.php(67): CodeIgniter\CodeIgniter->run()
CRITICAL - 2023-08-31 01:00:17 --> Uncaught CodeIgniter\Format\Exceptions\FormatException: Failed to parse JSON string. Error: Type is not supported in C:\xampp\htdocs\clone\DartoMakanYuyu\cross_ci3\system\Format\JSONFormatter.php:41
Stack trace:
#0 C:\xampp\htdocs\clone\DartoMakanYuyu\cross_ci3\system\Format\JSONFormatter.php(41): CodeIgniter\Format\Exceptions\FormatException::forInvalidJSON('Type is not sup...')
#1 C:\xampp\htdocs\clone\DartoMakanYuyu\cross_ci3\system\API\ResponseTrait.php(346): CodeIgniter\Format\JSONFormatter->format(Array)
#2 C:\xampp\htdocs\clone\DartoMakanYuyu\cross_ci3\system\API\ResponseTrait.php(99): CodeIgniter\Debug\Exceptions->format(Array)
#3 C:\xampp\htdocs\clone\DartoMakanYuyu\cross_ci3\system\Debug\Exceptions.php(145): CodeIgniter\Debug\Exceptions->respond(Array, 500)
#4 [internal function]: CodeIgniter\Debug\Exceptions->exceptionHandler(Object(Error))
#5 {main}
  thrown
【Previous Exception】
Error
Call to a member function getNumRows() on bool
#0 C:\xampp\htdocs\clone\DartoMakanYuyu\cross_ci3\system\CodeIgniter.php(934): App\Controllers\Apotek->getData_erm_eresepRWJ()
#1 C:\xampp\htdocs\clone\DartoMakanYuyu\cross_ci3\system\CodeIgniter.php(499): CodeIgniter\CodeIgniter->runController(Object(App\Controllers\Apotek))
#2 C:\xampp\htdocs\clone\DartoMakanYuyu\cross_ci3\system\CodeIgniter.php(368): CodeIgniter\CodeIgniter->handleRequest(NULL, Object(Config\Cache), false)
#3 C:\xampp\htdocs\clone\DartoMakanYuyu\cross_ci3\index.php(67): CodeIgniter\CodeIgniter->run()
#4 {main}
in SYSTEMPATH\Format\JSONFormatter.php on line 41.
 1 [internal function]: CodeIgniter\Debug\Exceptions->shutdownHandler()
ERROR - 2023-08-31 01:01:08 --> ErrorException: pg_query(): Query failed: ERROR:  column &quot;qty_racik&quot; does not exist
LINE 2: ...                       jns_racikan, ord.id_signa, qty_racik,...
                                                             ^ in C:\xampp\htdocs\clone\DartoMakanYuyu\cross_ci3\system\Database\Postgre\Connection.php:147
Stack trace:
#0 [internal function]: CodeIgniter\Debug\Exceptions->errorHandler(2, 'pg_query(): Que...', 'C:\\xampp\\htdocs...', 147)
#1 C:\xampp\htdocs\clone\DartoMakanYuyu\cross_ci3\system\Database\Postgre\Connection.php(147): pg_query(Resource id #136, ' SELECT\r\n      ...')
#2 C:\xampp\htdocs\clone\DartoMakanYuyu\cross_ci3\system\Database\BaseConnection.php(691): CodeIgniter\Database\Postgre\Connection->execute(' SELECT\r\n      ...')
#3 C:\xampp\htdocs\clone\DartoMakanYuyu\cross_ci3\system\Database\BaseConnection.php(605): CodeIgniter\Database\BaseConnection->simpleQuery(' SELECT\r\n      ...')
#4 C:\xampp\htdocs\clone\DartoMakanYuyu\cross_ci3\app\Controllers\Apotek.php(367): CodeIgniter\Database\BaseConnection->query(' SELECT\r\n      ...')
#5 C:\xampp\htdocs\clone\DartoMakanYuyu\cross_ci3\system\CodeIgniter.php(934): App\Controllers\Apotek->getData_erm_eresepRWJ()
#6 C:\xampp\htdocs\clone\DartoMakanYuyu\cross_ci3\system\CodeIgniter.php(499): CodeIgniter\CodeIgniter->runController(Object(App\Controllers\Apotek))
#7 C:\xampp\htdocs\clone\DartoMakanYuyu\cross_ci3\system\CodeIgniter.php(368): CodeIgniter\CodeIgniter->handleRequest(NULL, Object(Config\Cache), false)
#8 C:\xampp\htdocs\clone\DartoMakanYuyu\cross_ci3\index.php(67): CodeIgniter\CodeIgniter->run()
#9 {main}
CRITICAL - 2023-08-31 01:01:08 --> Call to a member function getNumRows() on bool
in APPPATH\Controllers\Apotek.php on line 367.
 1 SYSTEMPATH\CodeIgniter.php(934): App\Controllers\Apotek->getData_erm_eresepRWJ()
 2 SYSTEMPATH\CodeIgniter.php(499): CodeIgniter\CodeIgniter->runController(Object(App\Controllers\Apotek))
 3 SYSTEMPATH\CodeIgniter.php(368): CodeIgniter\CodeIgniter->handleRequest(null, Object(Config\Cache), false)
 4 FCPATH\index.php(67): CodeIgniter\CodeIgniter->run()
CRITICAL - 2023-08-31 01:01:08 --> Uncaught CodeIgniter\Format\Exceptions\FormatException: Failed to parse JSON string. Error: Type is not supported in C:\xampp\htdocs\clone\DartoMakanYuyu\cross_ci3\system\Format\JSONFormatter.php:41
Stack trace:
#0 C:\xampp\htdocs\clone\DartoMakanYuyu\cross_ci3\system\Format\JSONFormatter.php(41): CodeIgniter\Format\Exceptions\FormatException::forInvalidJSON('Type is not sup...')
#1 C:\xampp\htdocs\clone\DartoMakanYuyu\cross_ci3\system\API\ResponseTrait.php(346): CodeIgniter\Format\JSONFormatter->format(Array)
#2 C:\xampp\htdocs\clone\DartoMakanYuyu\cross_ci3\system\API\ResponseTrait.php(99): CodeIgniter\Debug\Exceptions->format(Array)
#3 C:\xampp\htdocs\clone\DartoMakanYuyu\cross_ci3\system\Debug\Exceptions.php(145): CodeIgniter\Debug\Exceptions->respond(Array, 500)
#4 [internal function]: CodeIgniter\Debug\Exceptions->exceptionHandler(Object(Error))
#5 {main}
  thrown
【Previous Exception】
Error
Call to a member function getNumRows() on bool
#0 C:\xampp\htdocs\clone\DartoMakanYuyu\cross_ci3\system\CodeIgniter.php(934): App\Controllers\Apotek->getData_erm_eresepRWJ()
#1 C:\xampp\htdocs\clone\DartoMakanYuyu\cross_ci3\system\CodeIgniter.php(499): CodeIgniter\CodeIgniter->runController(Object(App\Controllers\Apotek))
#2 C:\xampp\htdocs\clone\DartoMakanYuyu\cross_ci3\system\CodeIgniter.php(368): CodeIgniter\CodeIgniter->handleRequest(NULL, Object(Config\Cache), false)
#3 C:\xampp\htdocs\clone\DartoMakanYuyu\cross_ci3\index.php(67): CodeIgniter\CodeIgniter->run()
#4 {main}
in SYSTEMPATH\Format\JSONFormatter.php on line 41.
 1 [internal function]: CodeIgniter\Debug\Exceptions->shutdownHandler()
ERROR - 2023-08-31 01:01:39 --> ErrorException: pg_query(): Query failed: ERROR:  column &quot;qty_racik&quot; does not exist
LINE 2: ...                       jns_racikan, ord.id_signa, qty_racik,...
                                                             ^ in C:\xampp\htdocs\clone\DartoMakanYuyu\cross_ci3\system\Database\Postgre\Connection.php:147
Stack trace:
#0 [internal function]: CodeIgniter\Debug\Exceptions->errorHandler(2, 'pg_query(): Que...', 'C:\\xampp\\htdocs...', 147)
#1 C:\xampp\htdocs\clone\DartoMakanYuyu\cross_ci3\system\Database\Postgre\Connection.php(147): pg_query(Resource id #136, ' SELECT\r\n      ...')
#2 C:\xampp\htdocs\clone\DartoMakanYuyu\cross_ci3\system\Database\BaseConnection.php(691): CodeIgniter\Database\Postgre\Connection->execute(' SELECT\r\n      ...')
#3 C:\xampp\htdocs\clone\DartoMakanYuyu\cross_ci3\system\Database\BaseConnection.php(605): CodeIgniter\Database\BaseConnection->simpleQuery(' SELECT\r\n      ...')
#4 C:\xampp\htdocs\clone\DartoMakanYuyu\cross_ci3\app\Controllers\Apotek.php(367): CodeIgniter\Database\BaseConnection->query(' SELECT\r\n      ...')
#5 C:\xampp\htdocs\clone\DartoMakanYuyu\cross_ci3\system\CodeIgniter.php(934): App\Controllers\Apotek->getData_erm_eresepRWJ()
#6 C:\xampp\htdocs\clone\DartoMakanYuyu\cross_ci3\system\CodeIgniter.php(499): CodeIgniter\CodeIgniter->runController(Object(App\Controllers\Apotek))
#7 C:\xampp\htdocs\clone\DartoMakanYuyu\cross_ci3\system\CodeIgniter.php(368): CodeIgniter\CodeIgniter->handleRequest(NULL, Object(Config\Cache), false)
#8 C:\xampp\htdocs\clone\DartoMakanYuyu\cross_ci3\index.php(67): CodeIgniter\CodeIgniter->run()
#9 {main}
CRITICAL - 2023-08-31 01:01:39 --> Call to a member function getNumRows() on bool
in APPPATH\Controllers\Apotek.php on line 367.
 1 SYSTEMPATH\CodeIgniter.php(934): App\Controllers\Apotek->getData_erm_eresepRWJ()
 2 SYSTEMPATH\CodeIgniter.php(499): CodeIgniter\CodeIgniter->runController(Object(App\Controllers\Apotek))
 3 SYSTEMPATH\CodeIgniter.php(368): CodeIgniter\CodeIgniter->handleRequest(null, Object(Config\Cache), false)
 4 FCPATH\index.php(67): CodeIgniter\CodeIgniter->run()
CRITICAL - 2023-08-31 01:01:39 --> Uncaught CodeIgniter\Format\Exceptions\FormatException: Failed to parse JSON string. Error: Type is not supported in C:\xampp\htdocs\clone\DartoMakanYuyu\cross_ci3\system\Format\JSONFormatter.php:41
Stack trace:
#0 C:\xampp\htdocs\clone\DartoMakanYuyu\cross_ci3\system\Format\JSONFormatter.php(41): CodeIgniter\Format\Exceptions\FormatException::forInvalidJSON('Type is not sup...')
#1 C:\xampp\htdocs\clone\DartoMakanYuyu\cross_ci3\system\API\ResponseTrait.php(346): CodeIgniter\Format\JSONFormatter->format(Array)
#2 C:\xampp\htdocs\clone\DartoMakanYuyu\cross_ci3\system\API\ResponseTrait.php(99): CodeIgniter\Debug\Exceptions->format(Array)
#3 C:\xampp\htdocs\clone\DartoMakanYuyu\cross_ci3\system\Debug\Exceptions.php(145): CodeIgniter\Debug\Exceptions->respond(Array, 500)
#4 [internal function]: CodeIgniter\Debug\Exceptions->exceptionHandler(Object(Error))
#5 {main}
  thrown
【Previous Exception】
Error
Call to a member function getNumRows() on bool
#0 C:\xampp\htdocs\clone\DartoMakanYuyu\cross_ci3\system\CodeIgniter.php(934): App\Controllers\Apotek->getData_erm_eresepRWJ()
#1 C:\xampp\htdocs\clone\DartoMakanYuyu\cross_ci3\system\CodeIgniter.php(499): CodeIgniter\CodeIgniter->runController(Object(App\Controllers\Apotek))
#2 C:\xampp\htdocs\clone\DartoMakanYuyu\cross_ci3\system\CodeIgniter.php(368): CodeIgniter\CodeIgniter->handleRequest(NULL, Object(Config\Cache), false)
#3 C:\xampp\htdocs\clone\DartoMakanYuyu\cross_ci3\index.php(67): CodeIgniter\CodeIgniter->run()
#4 {main}
in SYSTEMPATH\Format\JSONFormatter.php on line 41.
 1 [internal function]: CodeIgniter\Debug\Exceptions->shutdownHandler()
INFO - 2023-08-31 01:01:45 --> Session: Class initialized using 'CodeIgniter\Session\Handlers\FileHandler' driver.
ERROR - 2023-08-31 01:01:54 --> ErrorException: pg_query(): Query failed: ERROR:  column &quot;qty_racik&quot; does not exist
LINE 2: ...                       jns_racikan, ord.id_signa, qty_racik,...
                                                             ^ in C:\xampp\htdocs\clone\DartoMakanYuyu\cross_ci3\system\Database\Postgre\Connection.php:147
Stack trace:
#0 [internal function]: CodeIgniter\Debug\Exceptions->errorHandler(2, 'pg_query(): Que...', 'C:\\xampp\\htdocs...', 147)
#1 C:\xampp\htdocs\clone\DartoMakanYuyu\cross_ci3\system\Database\Postgre\Connection.php(147): pg_query(Resource id #136, ' SELECT\r\n      ...')
#2 C:\xampp\htdocs\clone\DartoMakanYuyu\cross_ci3\system\Database\BaseConnection.php(691): CodeIgniter\Database\Postgre\Connection->execute(' SELECT\r\n      ...')
#3 C:\xampp\htdocs\clone\DartoMakanYuyu\cross_ci3\system\Database\BaseConnection.php(605): CodeIgniter\Database\BaseConnection->simpleQuery(' SELECT\r\n      ...')
#4 C:\xampp\htdocs\clone\DartoMakanYuyu\cross_ci3\app\Controllers\Apotek.php(367): CodeIgniter\Database\BaseConnection->query(' SELECT\r\n      ...')
#5 C:\xampp\htdocs\clone\DartoMakanYuyu\cross_ci3\system\CodeIgniter.php(934): App\Controllers\Apotek->getData_erm_eresepRWJ()
#6 C:\xampp\htdocs\clone\DartoMakanYuyu\cross_ci3\system\CodeIgniter.php(499): CodeIgniter\CodeIgniter->runController(Object(App\Controllers\Apotek))
#7 C:\xampp\htdocs\clone\DartoMakanYuyu\cross_ci3\system\CodeIgniter.php(368): CodeIgniter\CodeIgniter->handleRequest(NULL, Object(Config\Cache), false)
#8 C:\xampp\htdocs\clone\DartoMakanYuyu\cross_ci3\index.php(67): CodeIgniter\CodeIgniter->run()
#9 {main}
CRITICAL - 2023-08-31 01:01:54 --> Call to a member function getNumRows() on bool
in APPPATH\Controllers\Apotek.php on line 367.
 1 SYSTEMPATH\CodeIgniter.php(934): App\Controllers\Apotek->getData_erm_eresepRWJ()
 2 SYSTEMPATH\CodeIgniter.php(499): CodeIgniter\CodeIgniter->runController(Object(App\Controllers\Apotek))
 3 SYSTEMPATH\CodeIgniter.php(368): CodeIgniter\CodeIgniter->handleRequest(null, Object(Config\Cache), false)
 4 FCPATH\index.php(67): CodeIgniter\CodeIgniter->run()
CRITICAL - 2023-08-31 01:01:54 --> Uncaught CodeIgniter\Format\Exceptions\FormatException: Failed to parse JSON string. Error: Type is not supported in C:\xampp\htdocs\clone\DartoMakanYuyu\cross_ci3\system\Format\JSONFormatter.php:41
Stack trace:
#0 C:\xampp\htdocs\clone\DartoMakanYuyu\cross_ci3\system\Format\JSONFormatter.php(41): CodeIgniter\Format\Exceptions\FormatException::forInvalidJSON('Type is not sup...')
#1 C:\xampp\htdocs\clone\DartoMakanYuyu\cross_ci3\system\API\ResponseTrait.php(346): CodeIgniter\Format\JSONFormatter->format(Array)
#2 C:\xampp\htdocs\clone\DartoMakanYuyu\cross_ci3\system\API\ResponseTrait.php(99): CodeIgniter\Debug\Exceptions->format(Array)
#3 C:\xampp\htdocs\clone\DartoMakanYuyu\cross_ci3\system\Debug\Exceptions.php(145): CodeIgniter\Debug\Exceptions->respond(Array, 500)
#4 [internal function]: CodeIgniter\Debug\Exceptions->exceptionHandler(Object(Error))
#5 {main}
  thrown
【Previous Exception】
Error
Call to a member function getNumRows() on bool
#0 C:\xampp\htdocs\clone\DartoMakanYuyu\cross_ci3\system\CodeIgniter.php(934): App\Controllers\Apotek->getData_erm_eresepRWJ()
#1 C:\xampp\htdocs\clone\DartoMakanYuyu\cross_ci3\system\CodeIgniter.php(499): CodeIgniter\CodeIgniter->runController(Object(App\Controllers\Apotek))
#2 C:\xampp\htdocs\clone\DartoMakanYuyu\cross_ci3\system\CodeIgniter.php(368): CodeIgniter\CodeIgniter->handleRequest(NULL, Object(Config\Cache), false)
#3 C:\xampp\htdocs\clone\DartoMakanYuyu\cross_ci3\index.php(67): CodeIgniter\CodeIgniter->run()
#4 {main}
in SYSTEMPATH\Format\JSONFormatter.php on line 41.
 1 [internal function]: CodeIgniter\Debug\Exceptions->shutdownHandler()
ERROR - 2023-08-31 01:04:42 --> ErrorException: pg_query(): Query failed: ERROR:  column &quot;qty_racik&quot; does not exist
LINE 2: ...                       jns_racikan, ord.id_signa, qty_racik,...
                                                             ^ in C:\xampp\htdocs\clone\DartoMakanYuyu\cross_ci3\system\Database\Postgre\Connection.php:147
Stack trace:
#0 [internal function]: CodeIgniter\Debug\Exceptions->errorHandler(2, 'pg_query(): Que...', 'C:\\xampp\\htdocs...', 147)
#1 C:\xampp\htdocs\clone\DartoMakanYuyu\cross_ci3\system\Database\Postgre\Connection.php(147): pg_query(Resource id #136, ' SELECT\r\n      ...')
#2 C:\xampp\htdocs\clone\DartoMakanYuyu\cross_ci3\system\Database\BaseConnection.php(691): CodeIgniter\Database\Postgre\Connection->execute(' SELECT\r\n      ...')
#3 C:\xampp\htdocs\clone\DartoMakanYuyu\cross_ci3\system\Database\BaseConnection.php(605): CodeIgniter\Database\BaseConnection->simpleQuery(' SELECT\r\n      ...')
#4 C:\xampp\htdocs\clone\DartoMakanYuyu\cross_ci3\app\Controllers\Apotek.php(367): CodeIgniter\Database\BaseConnection->query(' SELECT\r\n      ...')
#5 C:\xampp\htdocs\clone\DartoMakanYuyu\cross_ci3\system\CodeIgniter.php(934): App\Controllers\Apotek->getData_erm_eresepRWJ()
#6 C:\xampp\htdocs\clone\DartoMakanYuyu\cross_ci3\system\CodeIgniter.php(499): CodeIgniter\CodeIgniter->runController(Object(App\Controllers\Apotek))
#7 C:\xampp\htdocs\clone\DartoMakanYuyu\cross_ci3\system\CodeIgniter.php(368): CodeIgniter\CodeIgniter->handleRequest(NULL, Object(Config\Cache), false)
#8 C:\xampp\htdocs\clone\DartoMakanYuyu\cross_ci3\index.php(67): CodeIgniter\CodeIgniter->run()
#9 {main}
CRITICAL - 2023-08-31 01:04:42 --> Call to a member function getNumRows() on bool
in APPPATH\Controllers\Apotek.php on line 367.
 1 SYSTEMPATH\CodeIgniter.php(934): App\Controllers\Apotek->getData_erm_eresepRWJ()
 2 SYSTEMPATH\CodeIgniter.php(499): CodeIgniter\CodeIgniter->runController(Object(App\Controllers\Apotek))
 3 SYSTEMPATH\CodeIgniter.php(368): CodeIgniter\CodeIgniter->handleRequest(null, Object(Config\Cache), false)
 4 FCPATH\index.php(67): CodeIgniter\CodeIgniter->run()
CRITICAL - 2023-08-31 01:04:42 --> Uncaught CodeIgniter\Format\Exceptions\FormatException: Failed to parse JSON string. Error: Type is not supported in C:\xampp\htdocs\clone\DartoMakanYuyu\cross_ci3\system\Format\JSONFormatter.php:41
Stack trace:
#0 C:\xampp\htdocs\clone\DartoMakanYuyu\cross_ci3\system\Format\JSONFormatter.php(41): CodeIgniter\Format\Exceptions\FormatException::forInvalidJSON('Type is not sup...')
#1 C:\xampp\htdocs\clone\DartoMakanYuyu\cross_ci3\system\API\ResponseTrait.php(346): CodeIgniter\Format\JSONFormatter->format(Array)
#2 C:\xampp\htdocs\clone\DartoMakanYuyu\cross_ci3\system\API\ResponseTrait.php(99): CodeIgniter\Debug\Exceptions->format(Array)
#3 C:\xampp\htdocs\clone\DartoMakanYuyu\cross_ci3\system\Debug\Exceptions.php(145): CodeIgniter\Debug\Exceptions->respond(Array, 500)
#4 [internal function]: CodeIgniter\Debug\Exceptions->exceptionHandler(Object(Error))
#5 {main}
  thrown
【Previous Exception】
Error
Call to a member function getNumRows() on bool
#0 C:\xampp\htdocs\clone\DartoMakanYuyu\cross_ci3\system\CodeIgniter.php(934): App\Controllers\Apotek->getData_erm_eresepRWJ()
#1 C:\xampp\htdocs\clone\DartoMakanYuyu\cross_ci3\system\CodeIgniter.php(499): CodeIgniter\CodeIgniter->runController(Object(App\Controllers\Apotek))
#2 C:\xampp\htdocs\clone\DartoMakanYuyu\cross_ci3\system\CodeIgniter.php(368): CodeIgniter\CodeIgniter->handleRequest(NULL, Object(Config\Cache), false)
#3 C:\xampp\htdocs\clone\DartoMakanYuyu\cross_ci3\index.php(67): CodeIgniter\CodeIgniter->run()
#4 {main}
in SYSTEMPATH\Format\JSONFormatter.php on line 41.
 1 [internal function]: CodeIgniter\Debug\Exceptions->shutdownHandler()
ERROR - 2023-08-31 01:05:43 --> ErrorException: pg_query(): Query failed: ERROR:  column &quot;qty_racik&quot; does not exist
LINE 2: ...                       jns_racikan, ord.id_signa, qty_racik,...
                                                             ^ in C:\xampp\htdocs\clone\DartoMakanYuyu\cross_ci3\system\Database\Postgre\Connection.php:147
Stack trace:
#0 [internal function]: CodeIgniter\Debug\Exceptions->errorHandler(2, 'pg_query(): Que...', 'C:\\xampp\\htdocs...', 147)
#1 C:\xampp\htdocs\clone\DartoMakanYuyu\cross_ci3\system\Database\Postgre\Connection.php(147): pg_query(Resource id #136, ' SELECT\r\n      ...')
#2 C:\xampp\htdocs\clone\DartoMakanYuyu\cross_ci3\system\Database\BaseConnection.php(691): CodeIgniter\Database\Postgre\Connection->execute(' SELECT\r\n      ...')
#3 C:\xampp\htdocs\clone\DartoMakanYuyu\cross_ci3\system\Database\BaseConnection.php(605): CodeIgniter\Database\BaseConnection->simpleQuery(' SELECT\r\n      ...')
#4 C:\xampp\htdocs\clone\DartoMakanYuyu\cross_ci3\app\Controllers\Apotek.php(367): CodeIgniter\Database\BaseConnection->query(' SELECT\r\n      ...')
#5 C:\xampp\htdocs\clone\DartoMakanYuyu\cross_ci3\system\CodeIgniter.php(934): App\Controllers\Apotek->getData_erm_eresepRWJ()
#6 C:\xampp\htdocs\clone\DartoMakanYuyu\cross_ci3\system\CodeIgniter.php(499): CodeIgniter\CodeIgniter->runController(Object(App\Controllers\Apotek))
#7 C:\xampp\htdocs\clone\DartoMakanYuyu\cross_ci3\system\CodeIgniter.php(368): CodeIgniter\CodeIgniter->handleRequest(NULL, Object(Config\Cache), false)
#8 C:\xampp\htdocs\clone\DartoMakanYuyu\cross_ci3\index.php(67): CodeIgniter\CodeIgniter->run()
#9 {main}
CRITICAL - 2023-08-31 01:05:43 --> Call to a member function getNumRows() on bool
in APPPATH\Controllers\Apotek.php on line 367.
 1 SYSTEMPATH\CodeIgniter.php(934): App\Controllers\Apotek->getData_erm_eresepRWJ()
 2 SYSTEMPATH\CodeIgniter.php(499): CodeIgniter\CodeIgniter->runController(Object(App\Controllers\Apotek))
 3 SYSTEMPATH\CodeIgniter.php(368): CodeIgniter\CodeIgniter->handleRequest(null, Object(Config\Cache), false)
 4 FCPATH\index.php(67): CodeIgniter\CodeIgniter->run()
CRITICAL - 2023-08-31 01:05:43 --> Uncaught CodeIgniter\Format\Exceptions\FormatException: Failed to parse JSON string. Error: Type is not supported in C:\xampp\htdocs\clone\DartoMakanYuyu\cross_ci3\system\Format\JSONFormatter.php:41
Stack trace:
#0 C:\xampp\htdocs\clone\DartoMakanYuyu\cross_ci3\system\Format\JSONFormatter.php(41): CodeIgniter\Format\Exceptions\FormatException::forInvalidJSON('Type is not sup...')
#1 C:\xampp\htdocs\clone\DartoMakanYuyu\cross_ci3\system\API\ResponseTrait.php(346): CodeIgniter\Format\JSONFormatter->format(Array)
#2 C:\xampp\htdocs\clone\DartoMakanYuyu\cross_ci3\system\API\ResponseTrait.php(99): CodeIgniter\Debug\Exceptions->format(Array)
#3 C:\xampp\htdocs\clone\DartoMakanYuyu\cross_ci3\system\Debug\Exceptions.php(145): CodeIgniter\Debug\Exceptions->respond(Array, 500)
#4 [internal function]: CodeIgniter\Debug\Exceptions->exceptionHandler(Object(Error))
#5 {main}
  thrown
【Previous Exception】
Error
Call to a member function getNumRows() on bool
#0 C:\xampp\htdocs\clone\DartoMakanYuyu\cross_ci3\system\CodeIgniter.php(934): App\Controllers\Apotek->getData_erm_eresepRWJ()
#1 C:\xampp\htdocs\clone\DartoMakanYuyu\cross_ci3\system\CodeIgniter.php(499): CodeIgniter\CodeIgniter->runController(Object(App\Controllers\Apotek))
#2 C:\xampp\htdocs\clone\DartoMakanYuyu\cross_ci3\system\CodeIgniter.php(368): CodeIgniter\CodeIgniter->handleRequest(NULL, Object(Config\Cache), false)
#3 C:\xampp\htdocs\clone\DartoMakanYuyu\cross_ci3\index.php(67): CodeIgniter\CodeIgniter->run()
#4 {main}
in SYSTEMPATH\Format\JSONFormatter.php on line 41.
 1 [internal function]: CodeIgniter\Debug\Exceptions->shutdownHandler()
ERROR - 2023-08-31 01:46:03 --> ErrorException: pg_query(): Query failed: ERROR:  column &quot;qty_racik&quot; does not exist
LINE 2: ...                       jns_racikan, ord.id_signa, qty_racik,...
                                                             ^ in C:\xampp\htdocs\clone\DartoMakanYuyu\cross_ci3\system\Database\Postgre\Connection.php:147
Stack trace:
#0 [internal function]: CodeIgniter\Debug\Exceptions->errorHandler(2, 'pg_query(): Que...', 'C:\\xampp\\htdocs...', 147)
#1 C:\xampp\htdocs\clone\DartoMakanYuyu\cross_ci3\system\Database\Postgre\Connection.php(147): pg_query(Resource id #136, ' SELECT\r\n      ...')
#2 C:\xampp\htdocs\clone\DartoMakanYuyu\cross_ci3\system\Database\BaseConnection.php(691): CodeIgniter\Database\Postgre\Connection->execute(' SELECT\r\n      ...')
#3 C:\xampp\htdocs\clone\DartoMakanYuyu\cross_ci3\system\Database\BaseConnection.php(605): CodeIgniter\Database\BaseConnection->simpleQuery(' SELECT\r\n      ...')
#4 C:\xampp\htdocs\clone\DartoMakanYuyu\cross_ci3\app\Controllers\Apotek.php(367): CodeIgniter\Database\BaseConnection->query(' SELECT\r\n      ...')
#5 C:\xampp\htdocs\clone\DartoMakanYuyu\cross_ci3\system\CodeIgniter.php(934): App\Controllers\Apotek->getData_erm_eresepRWJ()
#6 C:\xampp\htdocs\clone\DartoMakanYuyu\cross_ci3\system\CodeIgniter.php(499): CodeIgniter\CodeIgniter->runController(Object(App\Controllers\Apotek))
#7 C:\xampp\htdocs\clone\DartoMakanYuyu\cross_ci3\system\CodeIgniter.php(368): CodeIgniter\CodeIgniter->handleRequest(NULL, Object(Config\Cache), false)
#8 C:\xampp\htdocs\clone\DartoMakanYuyu\cross_ci3\index.php(67): CodeIgniter\CodeIgniter->run()
#9 {main}
CRITICAL - 2023-08-31 01:46:03 --> Call to a member function getNumRows() on bool
in APPPATH\Controllers\Apotek.php on line 367.
 1 SYSTEMPATH\CodeIgniter.php(934): App\Controllers\Apotek->getData_erm_eresepRWJ()
 2 SYSTEMPATH\CodeIgniter.php(499): CodeIgniter\CodeIgniter->runController(Object(App\Controllers\Apotek))
 3 SYSTEMPATH\CodeIgniter.php(368): CodeIgniter\CodeIgniter->handleRequest(null, Object(Config\Cache), false)
 4 FCPATH\index.php(67): CodeIgniter\CodeIgniter->run()
CRITICAL - 2023-08-31 01:46:03 --> Uncaught CodeIgniter\Format\Exceptions\FormatException: Failed to parse JSON string. Error: Type is not supported in C:\xampp\htdocs\clone\DartoMakanYuyu\cross_ci3\system\Format\JSONFormatter.php:41
Stack trace:
#0 C:\xampp\htdocs\clone\DartoMakanYuyu\cross_ci3\system\Format\JSONFormatter.php(41): CodeIgniter\Format\Exceptions\FormatException::forInvalidJSON('Type is not sup...')
#1 C:\xampp\htdocs\clone\DartoMakanYuyu\cross_ci3\system\API\ResponseTrait.php(346): CodeIgniter\Format\JSONFormatter->format(Array)
#2 C:\xampp\htdocs\clone\DartoMakanYuyu\cross_ci3\system\API\ResponseTrait.php(99): CodeIgniter\Debug\Exceptions->format(Array)
#3 C:\xampp\htdocs\clone\DartoMakanYuyu\cross_ci3\system\Debug\Exceptions.php(145): CodeIgniter\Debug\Exceptions->respond(Array, 500)
#4 [internal function]: CodeIgniter\Debug\Exceptions->exceptionHandler(Object(Error))
#5 {main}
  thrown
【Previous Exception】
Error
Call to a member function getNumRows() on bool
#0 C:\xampp\htdocs\clone\DartoMakanYuyu\cross_ci3\system\CodeIgniter.php(934): App\Controllers\Apotek->getData_erm_eresepRWJ()
#1 C:\xampp\htdocs\clone\DartoMakanYuyu\cross_ci3\system\CodeIgniter.php(499): CodeIgniter\CodeIgniter->runController(Object(App\Controllers\Apotek))
#2 C:\xampp\htdocs\clone\DartoMakanYuyu\cross_ci3\system\CodeIgniter.php(368): CodeIgniter\CodeIgniter->handleRequest(NULL, Object(Config\Cache), false)
#3 C:\xampp\htdocs\clone\DartoMakanYuyu\cross_ci3\index.php(67): CodeIgniter\CodeIgniter->run()
#4 {main}
in SYSTEMPATH\Format\JSONFormatter.php on line 41.
 1 [internal function]: CodeIgniter\Debug\Exceptions->shutdownHandler()
ERROR - 2023-08-31 01:46:46 --> ErrorException: pg_query(): Query failed: ERROR:  column &quot;qty_racik&quot; does not exist
LINE 2: ...                       jns_racikan, ord.id_signa, qty_racik,...
                                                             ^ in C:\xampp\htdocs\clone\DartoMakanYuyu\cross_ci3\system\Database\Postgre\Connection.php:147
Stack trace:
#0 [internal function]: CodeIgniter\Debug\Exceptions->errorHandler(2, 'pg_query(): Que...', 'C:\\xampp\\htdocs...', 147)
#1 C:\xampp\htdocs\clone\DartoMakanYuyu\cross_ci3\system\Database\Postgre\Connection.php(147): pg_query(Resource id #136, ' SELECT\r\n      ...')
#2 C:\xampp\htdocs\clone\DartoMakanYuyu\cross_ci3\system\Database\BaseConnection.php(691): CodeIgniter\Database\Postgre\Connection->execute(' SELECT\r\n      ...')
#3 C:\xampp\htdocs\clone\DartoMakanYuyu\cross_ci3\system\Database\BaseConnection.php(605): CodeIgniter\Database\BaseConnection->simpleQuery(' SELECT\r\n      ...')
#4 C:\xampp\htdocs\clone\DartoMakanYuyu\cross_ci3\app\Controllers\Apotek.php(367): CodeIgniter\Database\BaseConnection->query(' SELECT\r\n      ...')
#5 C:\xampp\htdocs\clone\DartoMakanYuyu\cross_ci3\system\CodeIgniter.php(934): App\Controllers\Apotek->getData_erm_eresepRWJ()
#6 C:\xampp\htdocs\clone\DartoMakanYuyu\cross_ci3\system\CodeIgniter.php(499): CodeIgniter\CodeIgniter->runController(Object(App\Controllers\Apotek))
#7 C:\xampp\htdocs\clone\DartoMakanYuyu\cross_ci3\system\CodeIgniter.php(368): CodeIgniter\CodeIgniter->handleRequest(NULL, Object(Config\Cache), false)
#8 C:\xampp\htdocs\clone\DartoMakanYuyu\cross_ci3\index.php(67): CodeIgniter\CodeIgniter->run()
#9 {main}
CRITICAL - 2023-08-31 01:46:46 --> Call to a member function getNumRows() on bool
in APPPATH\Controllers\Apotek.php on line 367.
 1 SYSTEMPATH\CodeIgniter.php(934): App\Controllers\Apotek->getData_erm_eresepRWJ()
 2 SYSTEMPATH\CodeIgniter.php(499): CodeIgniter\CodeIgniter->runController(Object(App\Controllers\Apotek))
 3 SYSTEMPATH\CodeIgniter.php(368): CodeIgniter\CodeIgniter->handleRequest(null, Object(Config\Cache), false)
 4 FCPATH\index.php(67): CodeIgniter\CodeIgniter->run()
CRITICAL - 2023-08-31 01:46:46 --> Uncaught CodeIgniter\Format\Exceptions\FormatException: Failed to parse JSON string. Error: Type is not supported in C:\xampp\htdocs\clone\DartoMakanYuyu\cross_ci3\system\Format\JSONFormatter.php:41
Stack trace:
#0 C:\xampp\htdocs\clone\DartoMakanYuyu\cross_ci3\system\Format\JSONFormatter.php(41): CodeIgniter\Format\Exceptions\FormatException::forInvalidJSON('Type is not sup...')
#1 C:\xampp\htdocs\clone\DartoMakanYuyu\cross_ci3\system\API\ResponseTrait.php(346): CodeIgniter\Format\JSONFormatter->format(Array)
#2 C:\xampp\htdocs\clone\DartoMakanYuyu\cross_ci3\system\API\ResponseTrait.php(99): CodeIgniter\Debug\Exceptions->format(Array)
#3 C:\xampp\htdocs\clone\DartoMakanYuyu\cross_ci3\system\Debug\Exceptions.php(145): CodeIgniter\Debug\Exceptions->respond(Array, 500)
#4 [internal function]: CodeIgniter\Debug\Exceptions->exceptionHandler(Object(Error))
#5 {main}
  thrown
【Previous Exception】
Error
Call to a member function getNumRows() on bool
#0 C:\xampp\htdocs\clone\DartoMakanYuyu\cross_ci3\system\CodeIgniter.php(934): App\Controllers\Apotek->getData_erm_eresepRWJ()
#1 C:\xampp\htdocs\clone\DartoMakanYuyu\cross_ci3\system\CodeIgniter.php(499): CodeIgniter\CodeIgniter->runController(Object(App\Controllers\Apotek))
#2 C:\xampp\htdocs\clone\DartoMakanYuyu\cross_ci3\system\CodeIgniter.php(368): CodeIgniter\CodeIgniter->handleRequest(NULL, Object(Config\Cache), false)
#3 C:\xampp\htdocs\clone\DartoMakanYuyu\cross_ci3\index.php(67): CodeIgniter\CodeIgniter->run()
#4 {main}
in SYSTEMPATH\Format\JSONFormatter.php on line 41.
 1 [internal function]: CodeIgniter\Debug\Exceptions->shutdownHandler()
ERROR - 2023-08-31 02:24:02 --> ErrorException: pg_query(): Query failed: ERROR:  column &quot;qty_racik&quot; does not exist
LINE 2: ...                       jns_racikan, ord.id_signa, qty_racik,...
                                                             ^ in C:\xampp\htdocs\clone\DartoMakanYuyu\cross_ci3\system\Database\Postgre\Connection.php:147
Stack trace:
#0 [internal function]: CodeIgniter\Debug\Exceptions->errorHandler(2, 'pg_query(): Que...', 'C:\\xampp\\htdocs...', 147)
#1 C:\xampp\htdocs\clone\DartoMakanYuyu\cross_ci3\system\Database\Postgre\Connection.php(147): pg_query(Resource id #136, ' SELECT\r\n      ...')
#2 C:\xampp\htdocs\clone\DartoMakanYuyu\cross_ci3\system\Database\BaseConnection.php(691): CodeIgniter\Database\Postgre\Connection->execute(' SELECT\r\n      ...')
#3 C:\xampp\htdocs\clone\DartoMakanYuyu\cross_ci3\system\Database\BaseConnection.php(605): CodeIgniter\Database\BaseConnection->simpleQuery(' SELECT\r\n      ...')
#4 C:\xampp\htdocs\clone\DartoMakanYuyu\cross_ci3\app\Controllers\Apotek.php(367): CodeIgniter\Database\BaseConnection->query(' SELECT\r\n      ...')
#5 C:\xampp\htdocs\clone\DartoMakanYuyu\cross_ci3\system\CodeIgniter.php(934): App\Controllers\Apotek->getData_erm_eresepRWJ()
#6 C:\xampp\htdocs\clone\DartoMakanYuyu\cross_ci3\system\CodeIgniter.php(499): CodeIgniter\CodeIgniter->runController(Object(App\Controllers\Apotek))
#7 C:\xampp\htdocs\clone\DartoMakanYuyu\cross_ci3\system\CodeIgniter.php(368): CodeIgniter\CodeIgniter->handleRequest(NULL, Object(Config\Cache), false)
#8 C:\xampp\htdocs\clone\DartoMakanYuyu\cross_ci3\index.php(67): CodeIgniter\CodeIgniter->run()
#9 {main}
CRITICAL - 2023-08-31 02:24:02 --> Call to a member function getNumRows() on bool
in APPPATH\Controllers\Apotek.php on line 367.
 1 SYSTEMPATH\CodeIgniter.php(934): App\Controllers\Apotek->getData_erm_eresepRWJ()
 2 SYSTEMPATH\CodeIgniter.php(499): CodeIgniter\CodeIgniter->runController(Object(App\Controllers\Apotek))
 3 SYSTEMPATH\CodeIgniter.php(368): CodeIgniter\CodeIgniter->handleRequest(null, Object(Config\Cache), false)
 4 FCPATH\index.php(67): CodeIgniter\CodeIgniter->run()
CRITICAL - 2023-08-31 02:24:02 --> Uncaught CodeIgniter\Format\Exceptions\FormatException: Failed to parse JSON string. Error: Type is not supported in C:\xampp\htdocs\clone\DartoMakanYuyu\cross_ci3\system\Format\JSONFormatter.php:41
Stack trace:
#0 C:\xampp\htdocs\clone\DartoMakanYuyu\cross_ci3\system\Format\JSONFormatter.php(41): CodeIgniter\Format\Exceptions\FormatException::forInvalidJSON('Type is not sup...')
#1 C:\xampp\htdocs\clone\DartoMakanYuyu\cross_ci3\system\API\ResponseTrait.php(346): CodeIgniter\Format\JSONFormatter->format(Array)
#2 C:\xampp\htdocs\clone\DartoMakanYuyu\cross_ci3\system\API\ResponseTrait.php(99): CodeIgniter\Debug\Exceptions->format(Array)
#3 C:\xampp\htdocs\clone\DartoMakanYuyu\cross_ci3\system\Debug\Exceptions.php(145): CodeIgniter\Debug\Exceptions->respond(Array, 500)
#4 [internal function]: CodeIgniter\Debug\Exceptions->exceptionHandler(Object(Error))
#5 {main}
  thrown
【Previous Exception】
Error
Call to a member function getNumRows() on bool
#0 C:\xampp\htdocs\clone\DartoMakanYuyu\cross_ci3\system\CodeIgniter.php(934): App\Controllers\Apotek->getData_erm_eresepRWJ()
#1 C:\xampp\htdocs\clone\DartoMakanYuyu\cross_ci3\system\CodeIgniter.php(499): CodeIgniter\CodeIgniter->runController(Object(App\Controllers\Apotek))
#2 C:\xampp\htdocs\clone\DartoMakanYuyu\cross_ci3\system\CodeIgniter.php(368): CodeIgniter\CodeIgniter->handleRequest(NULL, Object(Config\Cache), false)
#3 C:\xampp\htdocs\clone\DartoMakanYuyu\cross_ci3\index.php(67): CodeIgniter\CodeIgniter->run()
#4 {main}
in SYSTEMPATH\Format\JSONFormatter.php on line 41.
 1 [internal function]: CodeIgniter\Debug\Exceptions->shutdownHandler()
ERROR - 2023-08-31 02:24:59 --> ErrorException: pg_query(): Query failed: ERROR:  column &quot;qty_racik&quot; does not exist
LINE 2: ...                       jns_racikan, ord.id_signa, qty_racik,...
                                                             ^ in C:\xampp\htdocs\clone\DartoMakanYuyu\cross_ci3\system\Database\Postgre\Connection.php:147
Stack trace:
#0 [internal function]: CodeIgniter\Debug\Exceptions->errorHandler(2, 'pg_query(): Que...', 'C:\\xampp\\htdocs...', 147)
#1 C:\xampp\htdocs\clone\DartoMakanYuyu\cross_ci3\system\Database\Postgre\Connection.php(147): pg_query(Resource id #136, ' SELECT\r\n      ...')
#2 C:\xampp\htdocs\clone\DartoMakanYuyu\cross_ci3\system\Database\BaseConnection.php(691): CodeIgniter\Database\Postgre\Connection->execute(' SELECT\r\n      ...')
#3 C:\xampp\htdocs\clone\DartoMakanYuyu\cross_ci3\system\Database\BaseConnection.php(605): CodeIgniter\Database\BaseConnection->simpleQuery(' SELECT\r\n      ...')
#4 C:\xampp\htdocs\clone\DartoMakanYuyu\cross_ci3\app\Controllers\Apotek.php(367): CodeIgniter\Database\BaseConnection->query(' SELECT\r\n      ...')
#5 C:\xampp\htdocs\clone\DartoMakanYuyu\cross_ci3\system\CodeIgniter.php(934): App\Controllers\Apotek->getData_erm_eresepRWJ()
#6 C:\xampp\htdocs\clone\DartoMakanYuyu\cross_ci3\system\CodeIgniter.php(499): CodeIgniter\CodeIgniter->runController(Object(App\Controllers\Apotek))
#7 C:\xampp\htdocs\clone\DartoMakanYuyu\cross_ci3\system\CodeIgniter.php(368): CodeIgniter\CodeIgniter->handleRequest(NULL, Object(Config\Cache), false)
#8 C:\xampp\htdocs\clone\DartoMakanYuyu\cross_ci3\index.php(67): CodeIgniter\CodeIgniter->run()
#9 {main}
CRITICAL - 2023-08-31 02:24:59 --> Call to a member function getNumRows() on bool
in APPPATH\Controllers\Apotek.php on line 367.
 1 SYSTEMPATH\CodeIgniter.php(934): App\Controllers\Apotek->getData_erm_eresepRWJ()
 2 SYSTEMPATH\CodeIgniter.php(499): CodeIgniter\CodeIgniter->runController(Object(App\Controllers\Apotek))
 3 SYSTEMPATH\CodeIgniter.php(368): CodeIgniter\CodeIgniter->handleRequest(null, Object(Config\Cache), false)
 4 FCPATH\index.php(67): CodeIgniter\CodeIgniter->run()
CRITICAL - 2023-08-31 02:24:59 --> Uncaught CodeIgniter\Format\Exceptions\FormatException: Failed to parse JSON string. Error: Type is not supported in C:\xampp\htdocs\clone\DartoMakanYuyu\cross_ci3\system\Format\JSONFormatter.php:41
Stack trace:
#0 C:\xampp\htdocs\clone\DartoMakanYuyu\cross_ci3\system\Format\JSONFormatter.php(41): CodeIgniter\Format\Exceptions\FormatException::forInvalidJSON('Type is not sup...')
#1 C:\xampp\htdocs\clone\DartoMakanYuyu\cross_ci3\system\API\ResponseTrait.php(346): CodeIgniter\Format\JSONFormatter->format(Array)
#2 C:\xampp\htdocs\clone\DartoMakanYuyu\cross_ci3\system\API\ResponseTrait.php(99): CodeIgniter\Debug\Exceptions->format(Array)
#3 C:\xampp\htdocs\clone\DartoMakanYuyu\cross_ci3\system\Debug\Exceptions.php(145): CodeIgniter\Debug\Exceptions->respond(Array, 500)
#4 [internal function]: CodeIgniter\Debug\Exceptions->exceptionHandler(Object(Error))
#5 {main}
  thrown
【Previous Exception】
Error
Call to a member function getNumRows() on bool
#0 C:\xampp\htdocs\clone\DartoMakanYuyu\cross_ci3\system\CodeIgniter.php(934): App\Controllers\Apotek->getData_erm_eresepRWJ()
#1 C:\xampp\htdocs\clone\DartoMakanYuyu\cross_ci3\system\CodeIgniter.php(499): CodeIgniter\CodeIgniter->runController(Object(App\Controllers\Apotek))
#2 C:\xampp\htdocs\clone\DartoMakanYuyu\cross_ci3\system\CodeIgniter.php(368): CodeIgniter\CodeIgniter->handleRequest(NULL, Object(Config\Cache), false)
#3 C:\xampp\htdocs\clone\DartoMakanYuyu\cross_ci3\index.php(67): CodeIgniter\CodeIgniter->run()
#4 {main}
in SYSTEMPATH\Format\JSONFormatter.php on line 41.
 1 [internal function]: CodeIgniter\Debug\Exceptions->shutdownHandler()
ERROR - 2023-08-31 02:26:23 --> ErrorException: pg_query(): Query failed: ERROR:  column &quot;qty_racik&quot; does not exist
LINE 2: ...                       jns_racikan, ord.id_signa, qty_racik,...
                                                             ^ in C:\xampp\htdocs\clone\DartoMakanYuyu\cross_ci3\system\Database\Postgre\Connection.php:147
Stack trace:
#0 [internal function]: CodeIgniter\Debug\Exceptions->errorHandler(2, 'pg_query(): Que...', 'C:\\xampp\\htdocs...', 147)
#1 C:\xampp\htdocs\clone\DartoMakanYuyu\cross_ci3\system\Database\Postgre\Connection.php(147): pg_query(Resource id #136, ' SELECT\r\n      ...')
#2 C:\xampp\htdocs\clone\DartoMakanYuyu\cross_ci3\system\Database\BaseConnection.php(691): CodeIgniter\Database\Postgre\Connection->execute(' SELECT\r\n      ...')
#3 C:\xampp\htdocs\clone\DartoMakanYuyu\cross_ci3\system\Database\BaseConnection.php(605): CodeIgniter\Database\BaseConnection->simpleQuery(' SELECT\r\n      ...')
#4 C:\xampp\htdocs\clone\DartoMakanYuyu\cross_ci3\app\Controllers\Apotek.php(366): CodeIgniter\Database\BaseConnection->query(' SELECT\r\n      ...')
#5 C:\xampp\htdocs\clone\DartoMakanYuyu\cross_ci3\system\CodeIgniter.php(934): App\Controllers\Apotek->getData_erm_eresepRWJ()
#6 C:\xampp\htdocs\clone\DartoMakanYuyu\cross_ci3\system\CodeIgniter.php(499): CodeIgniter\CodeIgniter->runController(Object(App\Controllers\Apotek))
#7 C:\xampp\htdocs\clone\DartoMakanYuyu\cross_ci3\system\CodeIgniter.php(368): CodeIgniter\CodeIgniter->handleRequest(NULL, Object(Config\Cache), false)
#8 C:\xampp\htdocs\clone\DartoMakanYuyu\cross_ci3\index.php(67): CodeIgniter\CodeIgniter->run()
#9 {main}
CRITICAL - 2023-08-31 02:26:23 --> Call to a member function getNumRows() on bool
in APPPATH\Controllers\Apotek.php on line 367.
 1 SYSTEMPATH\CodeIgniter.php(934): App\Controllers\Apotek->getData_erm_eresepRWJ()
 2 SYSTEMPATH\CodeIgniter.php(499): CodeIgniter\CodeIgniter->runController(Object(App\Controllers\Apotek))
 3 SYSTEMPATH\CodeIgniter.php(368): CodeIgniter\CodeIgniter->handleRequest(null, Object(Config\Cache), false)
 4 FCPATH\index.php(67): CodeIgniter\CodeIgniter->run()
CRITICAL - 2023-08-31 02:26:23 --> Uncaught CodeIgniter\Format\Exceptions\FormatException: Failed to parse JSON string. Error: Type is not supported in C:\xampp\htdocs\clone\DartoMakanYuyu\cross_ci3\system\Format\JSONFormatter.php:41
Stack trace:
#0 C:\xampp\htdocs\clone\DartoMakanYuyu\cross_ci3\system\Format\JSONFormatter.php(41): CodeIgniter\Format\Exceptions\FormatException::forInvalidJSON('Type is not sup...')
#1 C:\xampp\htdocs\clone\DartoMakanYuyu\cross_ci3\system\API\ResponseTrait.php(346): CodeIgniter\Format\JSONFormatter->format(Array)
#2 C:\xampp\htdocs\clone\DartoMakanYuyu\cross_ci3\system\API\ResponseTrait.php(99): CodeIgniter\Debug\Exceptions->format(Array)
#3 C:\xampp\htdocs\clone\DartoMakanYuyu\cross_ci3\system\Debug\Exceptions.php(145): CodeIgniter\Debug\Exceptions->respond(Array, 500)
#4 [internal function]: CodeIgniter\Debug\Exceptions->exceptionHandler(Object(Error))
#5 {main}
  thrown
【Previous Exception】
Error
Call to a member function getNumRows() on bool
#0 C:\xampp\htdocs\clone\DartoMakanYuyu\cross_ci3\system\CodeIgniter.php(934): App\Controllers\Apotek->getData_erm_eresepRWJ()
#1 C:\xampp\htdocs\clone\DartoMakanYuyu\cross_ci3\system\CodeIgniter.php(499): CodeIgniter\CodeIgniter->runController(Object(App\Controllers\Apotek))
#2 C:\xampp\htdocs\clone\DartoMakanYuyu\cross_ci3\system\CodeIgniter.php(368): CodeIgniter\CodeIgniter->handleRequest(NULL, Object(Config\Cache), false)
#3 C:\xampp\htdocs\clone\DartoMakanYuyu\cross_ci3\index.php(67): CodeIgniter\CodeIgniter->run()
#4 {main}
in SYSTEMPATH\Format\JSONFormatter.php on line 41.
 1 [internal function]: CodeIgniter\Debug\Exceptions->shutdownHandler()
ERROR - 2023-08-31 02:26:47 --> ErrorException: pg_query(): Query failed: ERROR:  column &quot;qty_racik&quot; does not exist
LINE 2: ...                       jns_racikan, ord.id_signa, qty_racik,...
                                                             ^ in C:\xampp\htdocs\clone\DartoMakanYuyu\cross_ci3\system\Database\Postgre\Connection.php:147
Stack trace:
#0 [internal function]: CodeIgniter\Debug\Exceptions->errorHandler(2, 'pg_query(): Que...', 'C:\\xampp\\htdocs...', 147)
#1 C:\xampp\htdocs\clone\DartoMakanYuyu\cross_ci3\system\Database\Postgre\Connection.php(147): pg_query(Resource id #136, ' SELECT\r\n      ...')
#2 C:\xampp\htdocs\clone\DartoMakanYuyu\cross_ci3\system\Database\BaseConnection.php(691): CodeIgniter\Database\Postgre\Connection->execute(' SELECT\r\n      ...')
#3 C:\xampp\htdocs\clone\DartoMakanYuyu\cross_ci3\system\Database\BaseConnection.php(605): CodeIgniter\Database\BaseConnection->simpleQuery(' SELECT\r\n      ...')
#4 C:\xampp\htdocs\clone\DartoMakanYuyu\cross_ci3\app\Controllers\Apotek.php(367): CodeIgniter\Database\BaseConnection->query(' SELECT\r\n      ...')
#5 C:\xampp\htdocs\clone\DartoMakanYuyu\cross_ci3\system\CodeIgniter.php(934): App\Controllers\Apotek->getData_erm_eresepRWJ()
#6 C:\xampp\htdocs\clone\DartoMakanYuyu\cross_ci3\system\CodeIgniter.php(499): CodeIgniter\CodeIgniter->runController(Object(App\Controllers\Apotek))
#7 C:\xampp\htdocs\clone\DartoMakanYuyu\cross_ci3\system\CodeIgniter.php(368): CodeIgniter\CodeIgniter->handleRequest(NULL, Object(Config\Cache), false)
#8 C:\xampp\htdocs\clone\DartoMakanYuyu\cross_ci3\index.php(67): CodeIgniter\CodeIgniter->run()
#9 {main}
CRITICAL - 2023-08-31 02:26:47 --> Call to a member function getNumRows() on bool
in APPPATH\Controllers\Apotek.php on line 368.
 1 SYSTEMPATH\CodeIgniter.php(934): App\Controllers\Apotek->getData_erm_eresepRWJ()
 2 SYSTEMPATH\CodeIgniter.php(499): CodeIgniter\CodeIgniter->runController(Object(App\Controllers\Apotek))
 3 SYSTEMPATH\CodeIgniter.php(368): CodeIgniter\CodeIgniter->handleRequest(null, Object(Config\Cache), false)
 4 FCPATH\index.php(67): CodeIgniter\CodeIgniter->run()
CRITICAL - 2023-08-31 02:26:47 --> Uncaught CodeIgniter\Format\Exceptions\FormatException: Failed to parse JSON string. Error: Type is not supported in C:\xampp\htdocs\clone\DartoMakanYuyu\cross_ci3\system\Format\JSONFormatter.php:41
Stack trace:
#0 C:\xampp\htdocs\clone\DartoMakanYuyu\cross_ci3\system\Format\JSONFormatter.php(41): CodeIgniter\Format\Exceptions\FormatException::forInvalidJSON('Type is not sup...')
#1 C:\xampp\htdocs\clone\DartoMakanYuyu\cross_ci3\system\API\ResponseTrait.php(346): CodeIgniter\Format\JSONFormatter->format(Array)
#2 C:\xampp\htdocs\clone\DartoMakanYuyu\cross_ci3\system\API\ResponseTrait.php(99): CodeIgniter\Debug\Exceptions->format(Array)
#3 C:\xampp\htdocs\clone\DartoMakanYuyu\cross_ci3\system\Debug\Exceptions.php(145): CodeIgniter\Debug\Exceptions->respond(Array, 500)
#4 [internal function]: CodeIgniter\Debug\Exceptions->exceptionHandler(Object(Error))
#5 {main}
  thrown
【Previous Exception】
Error
Call to a member function getNumRows() on bool
#0 C:\xampp\htdocs\clone\DartoMakanYuyu\cross_ci3\system\CodeIgniter.php(934): App\Controllers\Apotek->getData_erm_eresepRWJ()
#1 C:\xampp\htdocs\clone\DartoMakanYuyu\cross_ci3\system\CodeIgniter.php(499): CodeIgniter\CodeIgniter->runController(Object(App\Controllers\Apotek))
#2 C:\xampp\htdocs\clone\DartoMakanYuyu\cross_ci3\system\CodeIgniter.php(368): CodeIgniter\CodeIgniter->handleRequest(NULL, Object(Config\Cache), false)
#3 C:\xampp\htdocs\clone\DartoMakanYuyu\cross_ci3\index.php(67): CodeIgniter\CodeIgniter->run()
#4 {main}
in SYSTEMPATH\Format\JSONFormatter.php on line 41.
 1 [internal function]: CodeIgniter\Debug\Exceptions->shutdownHandler()
ERROR - 2023-08-31 02:27:13 --> ErrorException: pg_query(): Query failed: ERROR:  column &quot;qty_racik&quot; does not exist
LINE 2: ...                       jns_racikan, ord.id_signa, qty_racik,...
                                                             ^ in C:\xampp\htdocs\clone\DartoMakanYuyu\cross_ci3\system\Database\Postgre\Connection.php:147
Stack trace:
#0 [internal function]: CodeIgniter\Debug\Exceptions->errorHandler(2, 'pg_query(): Que...', 'C:\\xampp\\htdocs...', 147)
#1 C:\xampp\htdocs\clone\DartoMakanYuyu\cross_ci3\system\Database\Postgre\Connection.php(147): pg_query(Resource id #136, ' SELECT\r\n      ...')
#2 C:\xampp\htdocs\clone\DartoMakanYuyu\cross_ci3\system\Database\BaseConnection.php(691): CodeIgniter\Database\Postgre\Connection->execute(' SELECT\r\n      ...')
#3 C:\xampp\htdocs\clone\DartoMakanYuyu\cross_ci3\system\Database\BaseConnection.php(605): CodeIgniter\Database\BaseConnection->simpleQuery(' SELECT\r\n      ...')
#4 C:\xampp\htdocs\clone\DartoMakanYuyu\cross_ci3\app\Controllers\Apotek.php(367): CodeIgniter\Database\BaseConnection->query(' SELECT\r\n      ...')
#5 C:\xampp\htdocs\clone\DartoMakanYuyu\cross_ci3\system\CodeIgniter.php(934): App\Controllers\Apotek->getData_erm_eresepRWJ()
#6 C:\xampp\htdocs\clone\DartoMakanYuyu\cross_ci3\system\CodeIgniter.php(499): CodeIgniter\CodeIgniter->runController(Object(App\Controllers\Apotek))
#7 C:\xampp\htdocs\clone\DartoMakanYuyu\cross_ci3\system\CodeIgniter.php(368): CodeIgniter\CodeIgniter->handleRequest(NULL, Object(Config\Cache), false)
#8 C:\xampp\htdocs\clone\DartoMakanYuyu\cross_ci3\index.php(67): CodeIgniter\CodeIgniter->run()
#9 {main}
CRITICAL - 2023-08-31 02:27:13 --> Call to a member function getNumRows() on bool
in APPPATH\Controllers\Apotek.php on line 368.
 1 SYSTEMPATH\CodeIgniter.php(934): App\Controllers\Apotek->getData_erm_eresepRWJ()
 2 SYSTEMPATH\CodeIgniter.php(499): CodeIgniter\CodeIgniter->runController(Object(App\Controllers\Apotek))
 3 SYSTEMPATH\CodeIgniter.php(368): CodeIgniter\CodeIgniter->handleRequest(null, Object(Config\Cache), false)
 4 FCPATH\index.php(67): CodeIgniter\CodeIgniter->run()
CRITICAL - 2023-08-31 02:27:13 --> Uncaught CodeIgniter\Format\Exceptions\FormatException: Failed to parse JSON string. Error: Type is not supported in C:\xampp\htdocs\clone\DartoMakanYuyu\cross_ci3\system\Format\JSONFormatter.php:41
Stack trace:
#0 C:\xampp\htdocs\clone\DartoMakanYuyu\cross_ci3\system\Format\JSONFormatter.php(41): CodeIgniter\Format\Exceptions\FormatException::forInvalidJSON('Type is not sup...')
#1 C:\xampp\htdocs\clone\DartoMakanYuyu\cross_ci3\system\API\ResponseTrait.php(346): CodeIgniter\Format\JSONFormatter->format(Array)
#2 C:\xampp\htdocs\clone\DartoMakanYuyu\cross_ci3\system\API\ResponseTrait.php(99): CodeIgniter\Debug\Exceptions->format(Array)
#3 C:\xampp\htdocs\clone\DartoMakanYuyu\cross_ci3\system\Debug\Exceptions.php(145): CodeIgniter\Debug\Exceptions->respond(Array, 500)
#4 [internal function]: CodeIgniter\Debug\Exceptions->exceptionHandler(Object(Error))
#5 {main}
  thrown
【Previous Exception】
Error
Call to a member function getNumRows() on bool
#0 C:\xampp\htdocs\clone\DartoMakanYuyu\cross_ci3\system\CodeIgniter.php(934): App\Controllers\Apotek->getData_erm_eresepRWJ()
#1 C:\xampp\htdocs\clone\DartoMakanYuyu\cross_ci3\system\CodeIgniter.php(499): CodeIgniter\CodeIgniter->runController(Object(App\Controllers\Apotek))
#2 C:\xampp\htdocs\clone\DartoMakanYuyu\cross_ci3\system\CodeIgniter.php(368): CodeIgniter\CodeIgniter->handleRequest(NULL, Object(Config\Cache), false)
#3 C:\xampp\htdocs\clone\DartoMakanYuyu\cross_ci3\index.php(67): CodeIgniter\CodeIgniter->run()
#4 {main}
in SYSTEMPATH\Format\JSONFormatter.php on line 41.
 1 [internal function]: CodeIgniter\Debug\Exceptions->shutdownHandler()
ERROR - 2023-08-31 02:27:36 --> ErrorException: pg_query(): Query failed: ERROR:  column &quot;qty_racik&quot; does not exist
LINE 2: ...                       jns_racikan, ord.id_signa, qty_racik,...
                                                             ^ in C:\xampp\htdocs\clone\DartoMakanYuyu\cross_ci3\system\Database\Postgre\Connection.php:147
Stack trace:
#0 [internal function]: CodeIgniter\Debug\Exceptions->errorHandler(2, 'pg_query(): Que...', 'C:\\xampp\\htdocs...', 147)
#1 C:\xampp\htdocs\clone\DartoMakanYuyu\cross_ci3\system\Database\Postgre\Connection.php(147): pg_query(Resource id #136, ' SELECT\r\n      ...')
#2 C:\xampp\htdocs\clone\DartoMakanYuyu\cross_ci3\system\Database\BaseConnection.php(691): CodeIgniter\Database\Postgre\Connection->execute(' SELECT\r\n      ...')
#3 C:\xampp\htdocs\clone\DartoMakanYuyu\cross_ci3\system\Database\BaseConnection.php(605): CodeIgniter\Database\BaseConnection->simpleQuery(' SELECT\r\n      ...')
#4 C:\xampp\htdocs\clone\DartoMakanYuyu\cross_ci3\app\Controllers\Apotek.php(367): CodeIgniter\Database\BaseConnection->query(' SELECT\r\n      ...')
#5 C:\xampp\htdocs\clone\DartoMakanYuyu\cross_ci3\system\CodeIgniter.php(934): App\Controllers\Apotek->getData_erm_eresepRWJ()
#6 C:\xampp\htdocs\clone\DartoMakanYuyu\cross_ci3\system\CodeIgniter.php(499): CodeIgniter\CodeIgniter->runController(Object(App\Controllers\Apotek))
#7 C:\xampp\htdocs\clone\DartoMakanYuyu\cross_ci3\system\CodeIgniter.php(368): CodeIgniter\CodeIgniter->handleRequest(NULL, Object(Config\Cache), false)
#8 C:\xampp\htdocs\clone\DartoMakanYuyu\cross_ci3\index.php(67): CodeIgniter\CodeIgniter->run()
#9 {main}
ERROR - 2023-08-31 02:27:36 --> ErrorException: pg_query(): Query failed: ERROR:  column &quot;qty_racik&quot; does not exist
LINE 2: ...                       jns_racikan, ord.id_signa, qty_racik,...
                                                             ^ in C:\xampp\htdocs\clone\DartoMakanYuyu\cross_ci3\system\Database\Postgre\Connection.php:147
Stack trace:
#0 [internal function]: CodeIgniter\Debug\Exceptions->errorHandler(2, 'pg_query(): Que...', 'C:\\xampp\\htdocs...', 147)
#1 C:\xampp\htdocs\clone\DartoMakanYuyu\cross_ci3\system\Database\Postgre\Connection.php(147): pg_query(Resource id #136, ' SELECT\r\n      ...')
#2 C:\xampp\htdocs\clone\DartoMakanYuyu\cross_ci3\system\Database\BaseConnection.php(691): CodeIgniter\Database\Postgre\Connection->execute(' SELECT\r\n      ...')
#3 C:\xampp\htdocs\clone\DartoMakanYuyu\cross_ci3\system\Database\BaseConnection.php(605): CodeIgniter\Database\BaseConnection->simpleQuery(' SELECT\r\n      ...')
#4 C:\xampp\htdocs\clone\DartoMakanYuyu\cross_ci3\app\Controllers\Apotek.php(390): CodeIgniter\Database\BaseConnection->query(' SELECT\r\n      ...')
#5 C:\xampp\htdocs\clone\DartoMakanYuyu\cross_ci3\system\CodeIgniter.php(934): App\Controllers\Apotek->getData_erm_eresepRWJ()
#6 C:\xampp\htdocs\clone\DartoMakanYuyu\cross_ci3\system\CodeIgniter.php(499): CodeIgniter\CodeIgniter->runController(Object(App\Controllers\Apotek))
#7 C:\xampp\htdocs\clone\DartoMakanYuyu\cross_ci3\system\CodeIgniter.php(368): CodeIgniter\CodeIgniter->handleRequest(NULL, Object(Config\Cache), false)
#8 C:\xampp\htdocs\clone\DartoMakanYuyu\cross_ci3\index.php(67): CodeIgniter\CodeIgniter->run()
#9 {main}
CRITICAL - 2023-08-31 02:27:36 --> Call to a member function getResult() on bool
in APPPATH\Controllers\Apotek.php on line 390.
 1 SYSTEMPATH\CodeIgniter.php(934): App\Controllers\Apotek->getData_erm_eresepRWJ()
 2 SYSTEMPATH\CodeIgniter.php(499): CodeIgniter\CodeIgniter->runController(Object(App\Controllers\Apotek))
 3 SYSTEMPATH\CodeIgniter.php(368): CodeIgniter\CodeIgniter->handleRequest(null, Object(Config\Cache), false)
 4 FCPATH\index.php(67): CodeIgniter\CodeIgniter->run()
CRITICAL - 2023-08-31 02:27:36 --> Uncaught CodeIgniter\Format\Exceptions\FormatException: Failed to parse JSON string. Error: Type is not supported in C:\xampp\htdocs\clone\DartoMakanYuyu\cross_ci3\system\Format\JSONFormatter.php:41
Stack trace:
#0 C:\xampp\htdocs\clone\DartoMakanYuyu\cross_ci3\system\Format\JSONFormatter.php(41): CodeIgniter\Format\Exceptions\FormatException::forInvalidJSON('Type is not sup...')
#1 C:\xampp\htdocs\clone\DartoMakanYuyu\cross_ci3\system\API\ResponseTrait.php(346): CodeIgniter\Format\JSONFormatter->format(Array)
#2 C:\xampp\htdocs\clone\DartoMakanYuyu\cross_ci3\system\API\ResponseTrait.php(99): CodeIgniter\Debug\Exceptions->format(Array)
#3 C:\xampp\htdocs\clone\DartoMakanYuyu\cross_ci3\system\Debug\Exceptions.php(145): CodeIgniter\Debug\Exceptions->respond(Array, 500)
#4 [internal function]: CodeIgniter\Debug\Exceptions->exceptionHandler(Object(Error))
#5 {main}
  thrown
【Previous Exception】
Error
Call to a member function getResult() on bool
#0 C:\xampp\htdocs\clone\DartoMakanYuyu\cross_ci3\system\CodeIgniter.php(934): App\Controllers\Apotek->getData_erm_eresepRWJ()
#1 C:\xampp\htdocs\clone\DartoMakanYuyu\cross_ci3\system\CodeIgniter.php(499): CodeIgniter\CodeIgniter->runController(Object(App\Controllers\Apotek))
#2 C:\xampp\htdocs\clone\DartoMakanYuyu\cross_ci3\system\CodeIgniter.php(368): CodeIgniter\CodeIgniter->handleRequest(NULL, Object(Config\Cache), false)
#3 C:\xampp\htdocs\clone\DartoMakanYuyu\cross_ci3\index.php(67): CodeIgniter\CodeIgniter->run()
#4 {main}
in SYSTEMPATH\Format\JSONFormatter.php on line 41.
 1 [internal function]: CodeIgniter\Debug\Exceptions->shutdownHandler()
ERROR - 2023-08-31 02:28:08 --> ErrorException: pg_query(): Query failed: ERROR:  column &quot;qty_racik&quot; does not exist
LINE 2: ...                       jns_racikan, ord.id_signa, qty_racik,...
                                                             ^ in C:\xampp\htdocs\clone\DartoMakanYuyu\cross_ci3\system\Database\Postgre\Connection.php:147
Stack trace:
#0 [internal function]: CodeIgniter\Debug\Exceptions->errorHandler(2, 'pg_query(): Que...', 'C:\\xampp\\htdocs...', 147)
#1 C:\xampp\htdocs\clone\DartoMakanYuyu\cross_ci3\system\Database\Postgre\Connection.php(147): pg_query(Resource id #136, ' SELECT\r\n      ...')
#2 C:\xampp\htdocs\clone\DartoMakanYuyu\cross_ci3\system\Database\BaseConnection.php(691): CodeIgniter\Database\Postgre\Connection->execute(' SELECT\r\n      ...')
#3 C:\xampp\htdocs\clone\DartoMakanYuyu\cross_ci3\system\Database\BaseConnection.php(605): CodeIgniter\Database\BaseConnection->simpleQuery(' SELECT\r\n      ...')
#4 C:\xampp\htdocs\clone\DartoMakanYuyu\cross_ci3\app\Controllers\Apotek.php(367): CodeIgniter\Database\BaseConnection->query(' SELECT\r\n      ...')
#5 C:\xampp\htdocs\clone\DartoMakanYuyu\cross_ci3\system\CodeIgniter.php(934): App\Controllers\Apotek->getData_erm_eresepRWJ()
#6 C:\xampp\htdocs\clone\DartoMakanYuyu\cross_ci3\system\CodeIgniter.php(499): CodeIgniter\CodeIgniter->runController(Object(App\Controllers\Apotek))
#7 C:\xampp\htdocs\clone\DartoMakanYuyu\cross_ci3\system\CodeIgniter.php(368): CodeIgniter\CodeIgniter->handleRequest(NULL, Object(Config\Cache), false)
#8 C:\xampp\htdocs\clone\DartoMakanYuyu\cross_ci3\index.php(67): CodeIgniter\CodeIgniter->run()
#9 {main}
INFO - 2023-08-31 02:37:21 --> Session: Class initialized using 'CodeIgniter\Session\Handlers\FileHandler' driver.
ERROR - 2023-08-31 02:42:07 --> ErrorException: pg_query(): Query failed: ERROR:  invalid input syntax for type double precision: &quot;&quot;
LINE 1: ...qty_racik, ket_racik) VALUES ('1', '5', 'kosong', '', '1', '...
                                                             ^ in C:\xampp\htdocs\clone\DartoMakanYuyu\cross_ci3\system\Database\Postgre\Connection.php:147
Stack trace:
#0 [internal function]: CodeIgniter\Debug\Exceptions->errorHandler(2, 'pg_query(): Que...', 'C:\\xampp\\htdocs...', 147)
#1 C:\xampp\htdocs\clone\DartoMakanYuyu\cross_ci3\system\Database\Postgre\Connection.php(147): pg_query(Resource id #136, 'INSERT INTO ord...')
#2 C:\xampp\htdocs\clone\DartoMakanYuyu\cross_ci3\system\Database\BaseConnection.php(691): CodeIgniter\Database\Postgre\Connection->execute('INSERT INTO ord...')
#3 C:\xampp\htdocs\clone\DartoMakanYuyu\cross_ci3\app\Controllers\Apotek.php(534): CodeIgniter\Database\BaseConnection->simpleQuery('INSERT INTO ord...')
#4 C:\xampp\htdocs\clone\DartoMakanYuyu\cross_ci3\system\CodeIgniter.php(934): App\Controllers\Apotek->CreateOrderResepRWJ()
#5 C:\xampp\htdocs\clone\DartoMakanYuyu\cross_ci3\system\CodeIgniter.php(499): CodeIgniter\CodeIgniter->runController(Object(App\Controllers\Apotek))
#6 C:\xampp\htdocs\clone\DartoMakanYuyu\cross_ci3\system\CodeIgniter.php(368): CodeIgniter\CodeIgniter->handleRequest(NULL, Object(Config\Cache), false)
#7 C:\xampp\htdocs\clone\DartoMakanYuyu\cross_ci3\index.php(67): CodeIgniter\CodeIgniter->run()
#8 {main}
INFO - 2023-08-31 06:01:39 --> Session: Class initialized using 'CodeIgniter\Session\Handlers\FileHandler' driver.
INFO - 2023-08-31 06:06:03 --> Session: Class initialized using 'CodeIgniter\Session\Handlers\FileHandler' driver.
INFO - 2023-08-31 06:18:17 --> Session: Class initialized using 'CodeIgniter\Session\Handlers\FileHandler' driver.
CRITICAL - 2023-08-31 07:12:40 --> Undefined property: stdClass::$tgl_ordprevRWJ
in APPPATH\Views\view\modal\apotek\erm_eresepRWJ_preview.php on line 10.
 1 APPPATH\Views\view\modal\apotek\erm_eresepRWJ_preview.php(10): CodeIgniter\Debug\Exceptions->errorHandler(2, 'Undefined property: stdClass::$tgl_ordprevRWJ', 'APPPATH\\Views\\view\\modal\\apotek\\erm_eresepRWJ_preview.php', 10)
 2 SYSTEMPATH\View\View.php(213): include('APPPATH\\Views\\view\\modal\\apotek\\erm_eresepRWJ_preview.php')
 3 SYSTEMPATH\View\View.php(216): CodeIgniter\View\View->CodeIgniter\View\{closure}()
 4 SYSTEMPATH\Common.php(1184): CodeIgniter\View\View->render('view/modal/apotek/erm_eresepRWJ_preview', [], true)
 5 APPPATH\Controllers\Apotek.php(34): view('view/modal/apotek/erm_eresepRWJ_preview')
 6 SYSTEMPATH\CodeIgniter.php(934): App\Controllers\Apotek->preview_detailObat()
 7 SYSTEMPATH\CodeIgniter.php(499): CodeIgniter\CodeIgniter->runController(Object(App\Controllers\Apotek))
 8 SYSTEMPATH\CodeIgniter.php(368): CodeIgniter\CodeIgniter->handleRequest(null, Object(Config\Cache), false)
 9 FCPATH\index.php(67): CodeIgniter\CodeIgniter->run()
INFO - 2023-08-31 07:13:14 --> Session: Class initialized using 'CodeIgniter\Session\Handlers\FileHandler' driver.
